Component: Arm Compiler for Embedded 6.22 Tool: armlink [5ee90200]

==============================================================================

Section Cross References

    startup_stm32f407xx.o(STACK) refers (Special) to heapauxi.o(.text) for __use_two_region_memory
    startup_stm32f407xx.o(HEAP) refers (Special) to heapauxi.o(.text) for __use_two_region_memory
    startup_stm32f407xx.o(RESET) refers (Special) to heapauxi.o(.text) for __use_two_region_memory
    startup_stm32f407xx.o(RESET) refers to startup_stm32f407xx.o(STACK) for __initial_sp
    startup_stm32f407xx.o(RESET) refers to startup_stm32f407xx.o(.text) for Reset_Handler
    startup_stm32f407xx.o(RESET) refers to stm32f4xx_it.o(.text.NMI_Handler) for NMI_Handler
    startup_stm32f407xx.o(RESET) refers to stm32f4xx_it.o(.text.HardFault_Handler) for HardFault_Handler
    startup_stm32f407xx.o(RESET) refers to stm32f4xx_it.o(.text.MemManage_Handler) for MemManage_Handler
    startup_stm32f407xx.o(RESET) refers to stm32f4xx_it.o(.text.BusFault_Handler) for BusFault_Handler
    startup_stm32f407xx.o(RESET) refers to stm32f4xx_it.o(.text.UsageFault_Handler) for UsageFault_Handler
    startup_stm32f407xx.o(RESET) refers to stm32f4xx_it.o(.text.SVC_Handler) for SVC_Handler
    startup_stm32f407xx.o(RESET) refers to stm32f4xx_it.o(.text.DebugMon_Handler) for DebugMon_Handler
    startup_stm32f407xx.o(RESET) refers to stm32f4xx_it.o(.text.PendSV_Handler) for PendSV_Handler
    startup_stm32f407xx.o(RESET) refers to stm32f4xx_it.o(.text.SysTick_Handler) for SysTick_Handler
    startup_stm32f407xx.o(RESET) refers to stm32f4xx_it.o(.text.DMA1_Stream1_IRQHandler) for DMA1_Stream1_IRQHandler
    startup_stm32f407xx.o(RESET) refers to stm32f4xx_it.o(.text.CAN1_RX0_IRQHandler) for CAN1_RX0_IRQHandler
    startup_stm32f407xx.o(RESET) refers to stm32f4xx_it.o(.text.CAN1_RX1_IRQHandler) for CAN1_RX1_IRQHandler
    startup_stm32f407xx.o(RESET) refers to stm32f4xx_it.o(.text.TIM3_IRQHandler) for TIM3_IRQHandler
    startup_stm32f407xx.o(RESET) refers to stm32f4xx_it.o(.text.SPI1_IRQHandler) for SPI1_IRQHandler
    startup_stm32f407xx.o(RESET) refers to stm32f4xx_it.o(.text.USART3_IRQHandler) for USART3_IRQHandler
    startup_stm32f407xx.o(RESET) refers to stm32f4xx_it.o(.text.DMA2_Stream1_IRQHandler) for DMA2_Stream1_IRQHandler
    startup_stm32f407xx.o(RESET) refers to stm32f4xx_it.o(.text.DMA2_Stream2_IRQHandler) for DMA2_Stream2_IRQHandler
    startup_stm32f407xx.o(RESET) refers to stm32f4xx_it.o(.text.DMA2_Stream3_IRQHandler) for DMA2_Stream3_IRQHandler
    startup_stm32f407xx.o(RESET) refers to stm32f4xx_it.o(.text.CAN2_RX0_IRQHandler) for CAN2_RX0_IRQHandler
    startup_stm32f407xx.o(RESET) refers to stm32f4xx_it.o(.text.CAN2_RX1_IRQHandler) for CAN2_RX1_IRQHandler
    startup_stm32f407xx.o(RESET) refers to stm32f4xx_it.o(.text.DMA2_Stream6_IRQHandler) for DMA2_Stream6_IRQHandler
    startup_stm32f407xx.o(RESET) refers to stm32f4xx_it.o(.text.USART6_IRQHandler) for USART6_IRQHandler
    startup_stm32f407xx.o(.text) refers (Special) to heapauxi.o(.text) for __use_two_region_memory
    startup_stm32f407xx.o(.text) refers to system_stm32f4xx.o(.text.SystemInit) for SystemInit
    startup_stm32f407xx.o(.text) refers to __main.o(!!!main) for __main
    startup_stm32f407xx.o(.text) refers to startup_stm32f407xx.o(HEAP) for Heap_Mem
    startup_stm32f407xx.o(.text) refers to startup_stm32f407xx.o(STACK) for Stack_Mem
    alg_pid.o(.ARM.exidx.text.PID_Init) refers to alg_pid.o(.text.PID_Init) for [Anonymous Symbol]
    alg_pid.o(.ARM.exidx.text.PID_Caculate) refers to alg_pid.o(.text.PID_Caculate) for [Anonymous Symbol]
    alg_pid.o(.ARM.exidx.text.PID_Set_Kp) refers to alg_pid.o(.text.PID_Set_Kp) for [Anonymous Symbol]
    alg_pid.o(.ARM.exidx.text.PID_Set_Ki) refers to alg_pid.o(.text.PID_Set_Ki) for [Anonymous Symbol]
    alg_pid.o(.ARM.exidx.text.PID_Set_Kd) refers to alg_pid.o(.text.PID_Set_Kd) for [Anonymous Symbol]
    alg_pid.o(.ARM.exidx.text.PID_Set_Kf) refers to alg_pid.o(.text.PID_Set_Kf) for [Anonymous Symbol]
    alg_pid.o(.ARM.exidx.text.PID_Set_Target) refers to alg_pid.o(.text.PID_Set_Target) for [Anonymous Symbol]
    alg_pid.o(.ARM.exidx.text.PID_Set_Now) refers to alg_pid.o(.text.PID_Set_Now) for [Anonymous Symbol]
    alg_pid.o(.ARM.exidx.text.PID_Get_Output) refers to alg_pid.o(.text.PID_Get_Output) for [Anonymous Symbol]
    booster.o(.text.Booster_Init) refers to booster.o(.bss.Booster) for Booster
    booster.o(.text.Booster_Init) refers to alg_pid.o(.text.PID_Init) for PID_Init
    booster.o(.text.Booster_Init) refers to dvc_motor_dji.o(.text.Motor_DJI_Init) for Motor_DJI_Init
    booster.o(.ARM.exidx.text.Booster_Init) refers to booster.o(.text.Booster_Init) for [Anonymous Symbol]
    booster.o(.text.Booster_Control) refers to booster.o(.bss.Booster) for Booster
    booster.o(.text.Booster_Control) refers to alg_pid.o(.text.PID_Set_Target) for PID_Set_Target
[...]
    __ARM_exceptions_init                     - Undefined Weak Reference
    __alloca_initialize                       - Undefined Weak Reference
    __arm_preinit_                            - Undefined Weak Reference
    __arm_relocate_pie_                       - Undefined Weak Reference
    __cpp_initialize__aeabi_                  - Undefined Weak Reference
    __cxa_finalize                            - Undefined Weak Reference
    __sigvec_lookup                           - Undefined Weak Reference
    _atexit_init                              - Undefined Weak Reference
    _call_atexit_fns                          - Undefined Weak Reference
    _clock_init                               - Undefined Weak Reference
    _fp_trap_init                             - Undefined Weak Reference
    _fp_trap_shutdown                         - Undefined Weak Reference
    _get_lc_collate                           - Undefined Weak Reference
    _get_lc_monetary                          - Undefined Weak Reference
    _get_lc_time                              - Undefined Weak Reference
    _getenv_init                              - Undefined Weak Reference
    _handle_redirection                       - Undefined Weak Reference
    _init_alloc                               - Undefined Weak Reference
    _init_user_alloc                          - Undefined Weak Reference
    _initio                                   - Undefined Weak Reference
    _rand_init                                - Undefined Weak Reference
    _signal_finish                            - Undefined Weak Reference
    _signal_init                              - Undefined Weak Reference
    _terminate_alloc                          - Undefined Weak Reference
    _terminate_user_alloc                     - Undefined Weak Reference
    _terminateio                              - Undefined Weak Reference
    __Vectors_Size                           0x00000188   Number         0  startup_stm32f407xx.o ABSOLUTE
    __Vectors                                0x08000000   Data           4  startup_stm32f407xx.o(RESET)
    __Vectors_End                            0x08000188   Data           0  startup_stm32f407xx.o(RESET)
    __main                                   0x08000189   Thumb Code     8  __main.o(!!!main)
    __scatterload                            0x08000191   Thumb Code     0  __scatter.o(!!!scatter)
    __scatterload_rt2                        0x08000191   Thumb Code    84  __scatter.o(!!!scatter)
    __scatterload_rt2_thumb_only             0x08000191   Thumb Code     0  __scatter.o(!!!scatter)
    __scatterload_loop                       0x0800019b   Thumb Code     0  __scatter.o(!!!scatter)
    __scatterload_copy                       0x080001ed   Thumb Code    26  __scatter_copy.o(!!handler_copy)
    __scatterload_null                       0x08000209   Thumb Code     2  __scatter.o(!!handler_null)
    __scatterload_zeroinit                   0x0800020d   Thumb Code    28  __scatter_zi.o(!!handler_zi)
    __rt_lib_init                            0x08000229   Thumb Code     0  libinit.o(.ARM.Collect$$libinit$$00000000)
    __rt_lib_init_fp_1                       0x0800022b   Thumb Code     0  libinit2.o(.ARM.Collect$$libinit$$00000001)
    __rt_lib_init_alloca_1                   0x0800022f   Thumb Code     0  libinit2.o(.ARM.Collect$$libinit$$00000030)
    __rt_lib_init_argv_1                     0x0800022f   Thumb Code     0  libinit2.o(.ARM.Collect$$libinit$$0000002E)
    __rt_lib_init_atexit_1                   0x0800022f   Thumb Code     0  libinit2.o(.ARM.Collect$$libinit$$0000001D)
    __rt_lib_init_clock_1                    0x0800022f   Thumb Code     0  libinit2.o(.ARM.Collect$$libinit$$00000023)
    __rt_lib_init_cpp_1                      0x0800022f   Thumb Code     0  libinit2.o(.ARM.Collect$$libinit$$00000034)
    __rt_lib_init_exceptions_1               0x0800022f   Thumb Code     0  libinit2.o(.ARM.Collect$$libinit$$00000032)
    __rt_lib_init_fp_trap_1                  0x0800022f   Thumb Code     0  libinit2.o(.ARM.Collect$$libinit$$00000021)
    __rt_lib_init_getenv_1                   0x0800022f   Thumb Code     0  libinit2.o(.ARM.Collect$$libinit$$00000025)
    __rt_lib_init_heap_1                     0x0800022f   Thumb Code     0  libinit2.o(.ARM.Collect$$libinit$$0000000C)
    __rt_lib_init_lc_collate_1               0x0800022f   Thumb Code     0  libinit2.o(.ARM.Collect$$libinit$$00000013)
    __rt_lib_init_lc_ctype_1                 0x0800022f   Thumb Code     0  libinit2.o(.ARM.Collect$$libinit$$00000015)
    __rt_lib_init_lc_monetary_1              0x0800022f   Thumb Code     0  libinit2.o(.ARM.Collect$$libinit$$00000017)
    __rt_lib_init_lc_numeric_1               0x0800022f   Thumb Code     0  libinit2.o(.ARM.Collect$$libinit$$00000019)
    __rt_lib_init_lc_time_1                  0x0800022f   Thumb Code     0  libinit2.o(.ARM.Collect$$libinit$$0000001B)
    __rt_lib_init_preinit_1                  0x0800022f   Thumb Code     0  libinit2.o(.ARM.Collect$$libinit$$00000006)
    __rt_lib_init_rand_1                     0x0800022f   Thumb Code     0  libinit2.o(.ARM.Collect$$libinit$$00000010)
    __rt_lib_init_relocate_pie_1             0x0800022f   Thumb Code     0  libinit2.o(.ARM.Collect$$libinit$$00000004)
    __rt_lib_init_return                     0x0800022f   Thumb Code     0  libinit2.o(.ARM.Collect$$libinit$$00000035)
    __rt_lib_init_signal_1                   0x0800022f   Thumb Code     0  libinit2.o(.ARM.Collect$$libinit$$0000001F)
    __rt_lib_init_stdio_1                    0x0800022f   Thumb Code     0  libinit2.o(.ARM.Collect$$libinit$$00000027)
    __rt_lib_init_user_alloc_1               0x0800022f   Thumb Code     0  libinit2.o(.ARM.Collect$$libinit$$0000000E)
    __rt_lib_shutdown                        0x08000231   Thumb Code     0  libshutdown.o(.ARM.Collect$$libshutdown$$00000000)
    __rt_lib_shutdown_cpp_1                  0x08000233   Thumb Code     0  libshutdown2.o(.ARM.Collect$$libshutdown$$00000002)
    __rt_lib_shutdown_fp_trap_1              0x08000233   Thumb Code     0  libshutdown2.o(.ARM.Collect$$libshutdown$$00000007)
    __rt_lib_shutdown_heap_1                 0x08000233   Thumb Code     0  libshutdown2.o(.ARM.Collect$$libshutdown$$0000000F)
    __rt_lib_shutdown_return                 0x08000233   Thumb Code     0  libshutdown2.o(.ARM.Collect$$libshutdown$$00000010)
    __rt_lib_shutdown_signal_1               0x08000233   Thumb Code     0  libshutdown2.o(.ARM.Collect$$libshutdown$$0000000A)
    __rt_lib_shutdown_stdio_1                0x08000233   Thumb Code     0  libshutdown2.o(.ARM.Collect$$libshutdown$$00000004)
    __rt_lib_shutdown_user_alloc_1           0x08000233   Thumb Code     0  libshutdown2.o(.ARM.Collect$$libshutdown$$0000000C)
    __rt_entry                               0x08000235   Thumb Code     0  __rtentry.o(.ARM.Collect$$rtentry$$00000000)
    __rt_entry_presh_1                       0x08000235   Thumb Code     0  __rtentry2.o(.ARM.Collect$$rtentry$$00000002)
    __rt_entry_sh                            0x08000235   Thumb Code     0  __rtentry4.o(.ARM.Collect$$rtentry$$00000004)
    __rt_entry_li                            0x0800023b   Thumb Code     0  __rtentry2.o(.ARM.Collect$$rtentry$$0000000A)
    __rt_entry_postsh_1                      0x0800023b   Thumb Code     0  __rtentry2.o(.ARM.Collect$$rtentry$$00000009)
    __rt_entry_main                          0x0800023f   Thumb Code     0  __rtentry2.o(.ARM.Collect$$rtentry$$0000000D)
    __rt_entry_postli_1                      0x0800023f   Thumb Code     0  __rtentry2.o(.ARM.Collect$$rtentry$$0000000C)
    __rt_exit                                0x08000247   Thumb Code     0  rtexit.o(.ARM.Collect$$rtexit$$00000000)
    __rt_exit_ls                             0x08000249   Thumb Code     0  rtexit2.o(.ARM.Collect$$rtexit$$00000003)
    __rt_exit_prels_1                        0x08000249   Thumb Code     0  rtexit2.o(.ARM.Collect$$rtexit$$00000002)
    __rt_exit_exit                           0x0800024d   Thumb Code     0  rtexit2.o(.ARM.Collect$$rtexit$$00000004)
    Reset_Handler                            0x08000255   Thumb Code     8  startup_stm32f407xx.o(.text)
    ADC_IRQHandler                           0x0800026f   Thumb Code     0  startup_stm32f407xx.o(.text)
    CAN1_SCE_IRQHandler                      0x0800026f   Thumb Code     0  startup_stm32f407xx.o(.text)
    CAN1_TX_IRQHandler                       0x0800026f   Thumb Code     0  startup_stm32f407xx.o(.text)
    CAN2_SCE_IRQHandler                      0x0800026f   Thumb Code     0  startup_stm32f407xx.o(.text)
    CAN2_TX_IRQHandler                       0x0800026f   Thumb Code     0  startup_stm32f407xx.o(.text)
    DCMI_IRQHandler                          0x0800026f   Thumb Code     0  startup_stm32f407xx.o(.text)
    DMA1_Stream0_IRQHandler                  0x0800026f   Thumb Code     0  startup_stm32f407xx.o(.text)
    DMA1_Stream2_IRQHandler                  0x0800026f   Thumb Code     0  startup_stm32f407xx.o(.text)
    DMA1_Stream3_IRQHandler                  0x0800026f   Thumb Code     0  startup_stm32f407xx.o(.text)
    DMA1_Stream4_IRQHandler                  0x0800026f   Thumb Code     0  startup_stm32f407xx.o(.text)
    DMA1_Stream5_IRQHandler                  0x0800026f   Thumb Code     0  startup_stm32f407xx.o(.text)
    DMA1_Stream6_IRQHandler                  0x0800026f   Thumb Code     0  startup_stm32f407xx.o(.text)
    DMA1_Stream7_IRQHandler                  0x0800026f   Thumb Code     0  startup_stm32f407xx.o(.text)
    DMA2_Stream0_IRQHandler                  0x0800026f   Thumb Code     0  startup_stm32f407xx.o(.text)
    DMA2_Stream4_IRQHandler                  0x0800026f   Thumb Code     0  startup_stm32f407xx.o(.text)
    DMA2_Stream5_IRQHandler                  0x0800026f   Thumb Code     0  startup_stm32f407xx.o(.text)
    DMA2_Stream7_IRQHandler                  0x0800026f   Thumb Code     0  startup_stm32f407xx.o(.text)
    ETH_IRQHandler                           0x0800026f   Thumb Code     0  startup_stm32f407xx.o(.text)
    ETH_WKUP_IRQHandler                      0x0800026f   Thumb Code     0  startup_stm32f407xx.o(.text)
    EXTI0_IRQHandler                         0x0800026f   Thumb Code     0  startup_stm32f407xx.o(.text)
    EXTI15_10_IRQHandler                     0x0800026f   Thumb Code     0  startup_stm32f407xx.o(.text)
    EXTI1_IRQHandler                         0x0800026f   Thumb Code     0  startup_stm32f407xx.o(.text)
    EXTI2_IRQHandler                         0x0800026f   Thumb Code     0  startup_stm32f407xx.o(.text)
    EXTI3_IRQHandler                         0x0800026f   Thumb Code     0  startup_stm32f407xx.o(.text)
    EXTI4_IRQHandler                         0x0800026f   Thumb Code     0  startup_stm32f407xx.o(.text)
    EXTI9_5_IRQHandler                       0x0800026f   Thumb Code     0  startup_stm32f407xx.o(.text)
    FLASH_IRQHandler                         0x0800026f   Thumb Code     0  startup_stm32f407xx.o(.text)
    FMC_IRQHandler                           0x0800026f   Thumb Code     0  startup_stm32f407xx.o(.text)
    FPU_IRQHandler                           0x0800026f   Thumb Code     0  startup_stm32f407xx.o(.text)
    HASH_RNG_IRQHandler                      0x0800026f   Thumb Code     0  startup_stm32f407xx.o(.text)
    I2C1_ER_IRQHandler                       0x0800026f   Thumb Code     0  startup_stm32f407xx.o(.text)
    I2C1_EV_IRQHandler                       0x0800026f   Thumb Code     0  startup_stm32f407xx.o(.text)
    I2C2_ER_IRQHandler                       0x0800026f   Thumb Code     0  startup_stm32f407xx.o(.text)
    I2C2_EV_IRQHandler                       0x0800026f   Thumb Code     0  startup_stm32f407xx.o(.text)
    I2C3_ER_IRQHandler                       0x0800026f   Thumb Code     0  startup_stm32f407xx.o(.text)
    I2C3_EV_IRQHandler                       0x0800026f   Thumb Code     0  startup_stm32f407xx.o(.text)
    OTG_FS_IRQHandler                        0x0800026f   Thumb Code     0  startup_stm32f407xx.o(.text)
    OTG_FS_WKUP_IRQHandler                   0x0800026f   Thumb Code     0  startup_stm32f407xx.o(.text)
    OTG_HS_EP1_IN_IRQHandler                 0x0800026f   Thumb Code     0  startup_stm32f407xx.o(.text)
    OTG_HS_EP1_OUT_IRQHandler                0x0800026f   Thumb Code     0  startup_stm32f407xx.o(.text)
    OTG_HS_IRQHandler                        0x0800026f   Thumb Code     0  startup_stm32f407xx.o(.text)
    OTG_HS_WKUP_IRQHandler                   0x0800026f   Thumb Code     0  startup_stm32f407xx.o(.text)
    PVD_IRQHandler                           0x0800026f   Thumb Code     0  startup_stm32f407xx.o(.text)
    RCC_IRQHandler                           0x0800026f   Thumb Code     0  startup_stm32f407xx.o(.text)
    RTC_Alarm_IRQHandler                     0x0800026f   Thumb Code     0  startup_stm32f407xx.o(.text)
    RTC_WKUP_IRQHandler                      0x0800026f   Thumb Code     0  startup_stm32f407xx.o(.text)
    SDIO_IRQHandler                          0x0800026f   Thumb Code     0  startup_stm32f407xx.o(.text)
    SPI2_IRQHandler                          0x0800026f   Thumb Code     0  startup_stm32f407xx.o(.text)
    SPI3_IRQHandler                          0x0800026f   Thumb Code     0  startup_stm32f407xx.o(.text)
    TAMP_STAMP_IRQHandler                    0x0800026f   Thumb Code     0  startup_stm32f407xx.o(.text)
    TIM1_BRK_TIM9_IRQHandler                 0x0800026f   Thumb Code     0  startup_stm32f407xx.o(.text)
    TIM1_CC_IRQHandler                       0x0800026f   Thumb Code     0  startup_stm32f407xx.o(.text)
    TIM1_TRG_COM_TIM11_IRQHandler            0x0800026f   Thumb Code     0  startup_stm32f407xx.o(.text)
    TIM1_UP_TIM10_IRQHandler                 0x0800026f   Thumb Code     0  startup_stm32f407xx.o(.text)
    TIM2_IRQHandler                          0x0800026f   Thumb Code     0  startup_stm32f407xx.o(.text)
    TIM4_IRQHandler                          0x0800026f   Thumb Code     0  startup_stm32f407xx.o(.text)
    TIM5_IRQHandler                          0x0800026f   Thumb Code     0  startup_stm32f407xx.o(.text)
    TIM6_DAC_IRQHandler                      0x0800026f   Thumb Code     0  startup_stm32f407xx.o(.text)
    TIM7_IRQHandler                          0x0800026f   Thumb Code     0  startup_stm32f407xx.o(.text)
    TIM8_BRK_TIM12_IRQHandler                0x0800026f   Thumb Code     0  startup_stm32f407xx.o(.text)
    TIM8_CC_IRQHandler                       0x0800026f   Thumb Code     0  startup_stm32f407xx.o(.text)
    TIM8_TRG_COM_TIM14_IRQHandler            0x0800026f   Thumb Code     0  startup_stm32f407xx.o(.text)
    TIM8_UP_TIM13_IRQHandler                 0x0800026f   Thumb Code     0  startup_stm32f407xx.o(.text)
    UART4_IRQHandler                         0x0800026f   Thumb Code     0  startup_stm32f407xx.o(.text)
    UART5_IRQHandler                         0x0800026f   Thumb Code     0  startup_stm32f407xx.o(.text)
    USART1_IRQHandler                        0x0800026f   Thumb Code     0  startup_stm32f407xx.o(.text)
    USART2_IRQHandler                        0x0800026f   Thumb Code     0  startup_stm32f407xx.o(.text)
    WWDG_IRQHandler                          0x0800026f   Thumb Code     0  startup_stm32f407xx.o(.text)
    __user_initial_stackheap                 0x08000271   Thumb Code     0  startup_stm32f407xx.o(.text)
    __aeabi_uldivmod                         0x08000295   Thumb Code     0  lludivv7m.o(.text)
    _ll_udiv                                 0x08000295   Thumb Code   240  lludivv7m.o(.text)
    __aeabi_memclr4                          0x08000385   Thumb Code     0  rt_memclr_w.o(.text)
    __aeabi_memclr8                          0x08000385   Thumb Code     0  rt_memclr_w.o(.text)
    __rt_memclr_w                            0x08000385   Thumb Code     0  rt_memclr_w.o(.text)
    _memset_w                                0x08000389   Thumb Code    74  rt_memclr_w.o(.text)
    __use_two_region_memory                  0x080003d3   Thumb Code     2  heapauxi.o(.text)
    __rt_heap_escrow$2region                 0x080003d5   Thumb Code     2  heapauxi.o(.text)
    __rt_heap_expand$2region                 0x080003d7   Thumb Code     2  heapauxi.o(.text)
    __user_libspace                          0x080003d9   Thumb Code     8  libspace.o(.text)
    __user_perproc_libspace                  0x080003d9   Thumb Code     0  libspace.o(.text)
    __user_perthread_libspace                0x080003d9   Thumb Code     0  libspace.o(.text)
    __user_setup_stackheap                   0x080003e1   Thumb Code    74  sys_stackheap_outer.o(.text)
    exit                                     0x0800042b   Thumb Code    18  exit.o(.text)
    _sys_exit                                0x0800043d   Thumb Code     8  sys_exit.o(.text)
    __I$use$semihosting                      0x08000449   Thumb Code     0  use_no_semi.o(.text)
    __use_no_semihosting_swi                 0x08000449   Thumb Code     2  use_no_semi.o(.text)
    __semihosting_library_function           0x0800044b   Thumb Code     0  indicate_semi.o(.text)
    BMI088_ACCEL_NS_H                        0x0800044d   Thumb Code    18  bmi088middleware.o(.text.BMI088_ACCEL_NS_H)
    BMI088_ACCEL_NS_L                        0x08000461   Thumb Code    18  bmi088middleware.o(.text.BMI088_ACCEL_NS_L)
    BMI088_GPIO_init                         0x08000475   Thumb Code     2  bmi088middleware.o(.text.BMI088_GPIO_init)
    BMI088_GYRO_NS_H                         0x08000479   Thumb Code    20  bmi088middleware.o(.text.BMI088_GYRO_NS_H)
    BMI088_GYRO_NS_L                         0x0800048d   Thumb Code    20  bmi088middleware.o(.text.BMI088_GYRO_NS_L)
    BMI088_Init                              0x080004a1   Thumb Code    58  dvc_bmi088.o(.text.BMI088_Init)
    BMI088_com_init                          0x080004dd   Thumb Code     2  bmi088middleware.o(.text.BMI088_com_init)
    BMI088_delay_ms                          0x080004e1   Thumb Code    38  bmi088middleware.o(.text.BMI088_delay_ms)
    BMI088_delay_us                          0x08000509   Thumb Code   142  bmi088middleware.o(.text.BMI088_delay_us)
    BMI088_read                              0x08000599   Thumb Code   182  dvc_bmi088.o(.text.BMI088_read)
    BMI088_read_write_byte                   0x080006b9   Thumb Code    46  bmi088middleware.o(.text.BMI088_read_write_byte)
    Booster_Control                          0x08000709   Thumb Code   112  booster.o(.text.Booster_Control)
    Booster_Init                             0x08000781   Thumb Code   144  booster.o(.text.Booster_Init)
    Booster_Task                             0x08000825   Thumb Code    26  task.o(.text.Booster_Task)
    BusFault_Handler                         0x08000841   Thumb Code     4  stm32f4xx_it.o(.text.BusFault_Handler)
    CAN1_Callback                            0x08000845   Thumb Code    32  task.o(.text.CAN1_Callback)
    CAN1_RX0_IRQHandler                      0x08000865   Thumb Code    16  stm32f4xx_it.o(.text.CAN1_RX0_IRQHandler)
    CAN1_RX1_IRQHandler                      0x08000875   Thumb Code    16  stm32f4xx_it.o(.text.CAN1_RX1_IRQHandler)
    CAN2_Callback                            0x08000885   Thumb Code   110  task.o(.text.CAN2_Callback)
    CAN2_RX0_IRQHandler                      0x080008f5   Thumb Code    16  stm32f4xx_it.o(.text.CAN2_RX0_IRQHandler)
    CAN2_RX1_IRQHandler                      0x08000905   Thumb Code    16  stm32f4xx_it.o(.text.CAN2_RX1_IRQHandler)
    CAN_Init                                 0x08000915   Thumb Code   158  drv_can.o(.text.CAN_Init)
    CAN_Send_Data                            0x080009b5   Thumb Code    52  drv_can.o(.text.CAN_Send_Data)
    DMA1_Stream1_IRQHandler                  0x080009e9   Thumb Code    16  stm32f4xx_it.o(.text.DMA1_Stream1_IRQHandler)
    DMA2_Stream1_IRQHandler                  0x080009f9   Thumb Code    16  stm32f4xx_it.o(.text.DMA2_Stream1_IRQHandler)
    DMA2_Stream2_IRQHandler                  0x08000a09   Thumb Code    16  stm32f4xx_it.o(.text.DMA2_Stream2_IRQHandler)
    DMA2_Stream3_IRQHandler                  0x08000a19   Thumb Code    16  stm32f4xx_it.o(.text.DMA2_Stream3_IRQHandler)
    DMA2_Stream6_IRQHandler                  0x08000a29   Thumb Code    16  stm32f4xx_it.o(.text.DMA2_Stream6_IRQHandler)
    DR16_Data_Process                        0x08000bd1   Thumb Code   808  dvc_dr16.o(.text.DR16_Data_Process)
    DR16_Init                                0x08000f11   Thumb Code    64  dvc_dr16.o(.text.DR16_Init)
    DR16_UART_RxCpltCallback                 0x08000f51   Thumb Code    24  dvc_dr16.o(.text.DR16_UART_RxCpltCallback)
    DebugMon_Handler                         0x08000f69   Thumb Code     2  stm32f4xx_it.o(.text.DebugMon_Handler)
    Error_Handler                            0x08000f6d   Thumb Code     6  main.o(.text.Error_Handler)
    Gimbal_Control                           0x08000f75   Thumb Code    34  gimbal.o(.text.Gimbal_Control)
    Gimbal_Init                              0x08000f99   Thumb Code    24  gimbal.o(.text.Gimbal_Init)
    Gimbal_Task                              0x08000fb1   Thumb Code   616  task.o(.text.Gimbal_Task)
    HAL_CAN_AddTxMessage                     0x08001251   Thumb Code   342  stm32f4xx_hal_can.o(.text.HAL_CAN_AddTxMessage)
    HAL_CAN_ConfigFilter                     0x080013a9   Thumb Code   420  stm32f4xx_hal_can.o(.text.HAL_CAN_ConfigFilter)
    HAL_CAN_ErrorCallback                    0x0800154d   Thumb Code     8  stm32f4xx_hal_can.o(.text.HAL_CAN_ErrorCallback)
    HAL_CAN_GetRxMessage                     0x08001555   Thumb Code   530  stm32f4xx_hal_can.o(.text.HAL_CAN_GetRxMessage)
    HAL_CAN_IRQHandler                       0x08001769   Thumb Code  1010  stm32f4xx_hal_can.o(.text.HAL_CAN_IRQHandler)
    HAL_CAN_Init                             0x08001b5d   Thumb Code   478  stm32f4xx_hal_can.o(.text.HAL_CAN_Init)
    HAL_CAN_MspInit                          0x08001d3d   Thumb Code   424  can.o(.text.HAL_CAN_MspInit)
    HAL_CAN_RxFifo0FullCallback              0x08001ee5   Thumb Code     8  stm32f4xx_hal_can.o(.text.HAL_CAN_RxFifo0FullCallback)
    HAL_CAN_RxFifo0MsgPendingCallback        0x08001eed   Thumb Code   148  drv_can.o(.text.HAL_CAN_RxFifo0MsgPendingCallback)
    HAL_CAN_RxFifo1FullCallback              0x08001f81   Thumb Code     8  stm32f4xx_hal_can.o(.text.HAL_CAN_RxFifo1FullCallback)
    HAL_CAN_RxFifo1MsgPendingCallback        0x08001f89   Thumb Code   148  drv_can.o(.text.HAL_CAN_RxFifo1MsgPendingCallback)
    HAL_CAN_SleepCallback                    0x0800201d   Thumb Code     8  stm32f4xx_hal_can.o(.text.HAL_CAN_SleepCallback)
    HAL_CAN_Start                            0x08002025   Thumb Code   138  stm32f4xx_hal_can.o(.text.HAL_CAN_Start)
    HAL_CAN_TxMailbox0AbortCallback          0x080020b1   Thumb Code     8  stm32f4xx_hal_can.o(.text.HAL_CAN_TxMailbox0AbortCallback)
    HAL_CAN_TxMailbox0CompleteCallback       0x080020b9   Thumb Code     8  stm32f4xx_hal_can.o(.text.HAL_CAN_TxMailbox0CompleteCallback)
    HAL_CAN_TxMailbox1AbortCallback          0x080020c1   Thumb Code     8  stm32f4xx_hal_can.o(.text.HAL_CAN_TxMailbox1AbortCallback)
    HAL_CAN_TxMailbox1CompleteCallback       0x080020c9   Thumb Code     8  stm32f4xx_hal_can.o(.text.HAL_CAN_TxMailbox1CompleteCallback)
    HAL_CAN_TxMailbox2AbortCallback          0x080020d1   Thumb Code     8  stm32f4xx_hal_can.o(.text.HAL_CAN_TxMailbox2AbortCallback)
    HAL_CAN_TxMailbox2CompleteCallback       0x080020d9   Thumb Code     8  stm32f4xx_hal_can.o(.text.HAL_CAN_TxMailbox2CompleteCallback)
    HAL_CAN_WakeUpFromRxMsgCallback          0x080020e1   Thumb Code     8  stm32f4xx_hal_can.o(.text.HAL_CAN_WakeUpFromRxMsgCallback)
    HAL_DMA_Abort                            0x080020e9   Thumb Code   236  stm32f4xx_hal_dma.o(.text.HAL_DMA_Abort)
    HAL_DMA_Abort_IT                         0x080021d5   Thumb Code    68  stm32f4xx_hal_dma.o(.text.HAL_DMA_Abort_IT)
    HAL_DMA_IRQHandler                       0x08002219   Thumb Code   798  stm32f4xx_hal_dma.o(.text.HAL_DMA_IRQHandler)
    HAL_DMA_Init                             0x08002539   Thumb Code   366  stm32f4xx_hal_dma.o(.text.HAL_DMA_Init)
    HAL_DMA_Start_IT                         0x080026a9   Thumb Code   194  stm32f4xx_hal_dma.o(.text.HAL_DMA_Start_IT)
    HAL_GPIO_Init                            0x0800276d   Thumb Code   950  stm32f4xx_hal_gpio.o(.text.HAL_GPIO_Init)
    HAL_GPIO_WritePin                        0x08002b25   Thumb Code    46  stm32f4xx_hal_gpio.o(.text.HAL_GPIO_WritePin)
    HAL_GetTick                              0x08002b55   Thumb Code    12  stm32f4xx_hal.o(.text.HAL_GetTick)
    HAL_IncTick                              0x08002b61   Thumb Code    26  stm32f4xx_hal.o(.text.HAL_IncTick)
    HAL_Init                                 0x08002b7d   Thumb Code    54  stm32f4xx_hal.o(.text.HAL_Init)
    HAL_InitTick                             0x08002bb5   Thumb Code   112  stm32f4xx_hal.o(.text.HAL_InitTick)
    HAL_MspInit                              0x08002c25   Thumb Code    74  stm32f4xx_hal_msp.o(.text.HAL_MspInit)
    HAL_NVIC_EnableIRQ                       0x08002c71   Thumb Code    20  stm32f4xx_hal_cortex.o(.text.HAL_NVIC_EnableIRQ)
    HAL_NVIC_SetPriority                     0x08002c85   Thumb Code    50  stm32f4xx_hal_cortex.o(.text.HAL_NVIC_SetPriority)
    HAL_NVIC_SetPriorityGrouping             0x08002cb9   Thumb Code    16  stm32f4xx_hal_cortex.o(.text.HAL_NVIC_SetPriorityGrouping)
    HAL_RCC_ClockConfig                      0x08002cc9   Thumb Code   610  stm32f4xx_hal_rcc.o(.text.HAL_RCC_ClockConfig)
    HAL_RCC_GetHCLKFreq                      0x08002f2d   Thumb Code    12  stm32f4xx_hal_rcc.o(.text.HAL_RCC_GetHCLKFreq)
    HAL_RCC_GetPCLK1Freq                     0x08002f39   Thumb Code    34  stm32f4xx_hal_rcc.o(.text.HAL_RCC_GetPCLK1Freq)
    HAL_RCC_GetPCLK2Freq                     0x08002f5d   Thumb Code    34  stm32f4xx_hal_rcc.o(.text.HAL_RCC_GetPCLK2Freq)
    HAL_RCC_GetSysClockFreq                  0x08002f81   Thumb Code   230  stm32f4xx_hal_rcc.o(.text.HAL_RCC_GetSysClockFreq)
    HAL_RCC_OscConfig                        0x08003069   Thumb Code  1726  stm32f4xx_hal_rcc.o(.text.HAL_RCC_OscConfig)
    HAL_SPI_ErrorCallback                    0x08003729   Thumb Code     8  stm32f4xx_hal_spi.o(.text.HAL_SPI_ErrorCallback)
    HAL_SPI_IRQHandler                       0x08003731   Thumb Code   560  stm32f4xx_hal_spi.o(.text.HAL_SPI_IRQHandler)
    HAL_SPI_Init                             0x08003961   Thumb Code   258  stm32f4xx_hal_spi.o(.text.HAL_SPI_Init)
    HAL_SPI_MspInit                          0x08003a65   Thumb Code   422  spi.o(.text.HAL_SPI_MspInit)
    HAL_SPI_TransmitReceive                  0x08003c0d   Thumb Code   930  stm32f4xx_hal_spi.o(.text.HAL_SPI_TransmitReceive)
    HAL_SYSTICK_Config                       0x08003fb1   Thumb Code    16  stm32f4xx_hal_cortex.o(.text.HAL_SYSTICK_Config)
    HAL_TIMEx_BreakCallback                  0x08003fc1   Thumb Code     8  stm32f4xx_hal_tim_ex.o(.text.HAL_TIMEx_BreakCallback)
    HAL_TIMEx_CommutCallback                 0x08003fc9   Thumb Code     8  stm32f4xx_hal_tim_ex.o(.text.HAL_TIMEx_CommutCallback)
    HAL_TIMEx_MasterConfigSynchronization    0x08003fd1   Thumb Code   290  stm32f4xx_hal_tim_ex.o(.text.HAL_TIMEx_MasterConfigSynchronization)
    HAL_TIM_Base_Init                        0x080040f5   Thumb Code   156  stm32f4xx_hal_tim.o(.text.HAL_TIM_Base_Init)
    HAL_TIM_Base_MspInit                     0x08004191   Thumb Code    82  tim.o(.text.HAL_TIM_Base_MspInit)
    HAL_TIM_Base_Start_IT                    0x080041e5   Thumb Code   246  stm32f4xx_hal_tim.o(.text.HAL_TIM_Base_Start_IT)
    HAL_TIM_ConfigClockSource                0x080042dd   Thumb Code   388  stm32f4xx_hal_tim.o(.text.HAL_TIM_ConfigClockSource)
    HAL_TIM_IC_CaptureCallback               0x08004461   Thumb Code     8  stm32f4xx_hal_tim.o(.text.HAL_TIM_IC_CaptureCallback)
    HAL_TIM_IRQHandler                       0x08004469   Thumb Code   538  stm32f4xx_hal_tim.o(.text.HAL_TIM_IRQHandler)
    HAL_TIM_OC_DelayElapsedCallback          0x08004685   Thumb Code     8  stm32f4xx_hal_tim.o(.text.HAL_TIM_OC_DelayElapsedCallback)
    HAL_TIM_PWM_PulseFinishedCallback        0x0800468d   Thumb Code     8  stm32f4xx_hal_tim.o(.text.HAL_TIM_PWM_PulseFinishedCallback)
    HAL_TIM_PeriodElapsedCallback            0x08004695   Thumb Code   700  drv_tim.o(.text.HAL_TIM_PeriodElapsedCallback)
    HAL_TIM_TriggerCallback                  0x08004951   Thumb Code     8  stm32f4xx_hal_tim.o(.text.HAL_TIM_TriggerCallback)
    HAL_UARTEx_ReceiveToIdle_DMA             0x08004959   Thumb Code   194  stm32f4xx_hal_uart.o(.text.HAL_UARTEx_ReceiveToIdle_DMA)
    HAL_UARTEx_RxEventCallback               0x08004a1d   Thumb Code   492  drv_usart.o(.text.HAL_UARTEx_RxEventCallback)
    HAL_UART_ErrorCallback                   0x08004c09   Thumb Code   260  drv_usart.o(.text.HAL_UART_ErrorCallback)
    HAL_UART_IRQHandler                      0x08004d0d   Thumb Code  1068  stm32f4xx_hal_uart.o(.text.HAL_UART_IRQHandler)
    HAL_UART_Init                            0x08005139   Thumb Code   158  stm32f4xx_hal_uart.o(.text.HAL_UART_Init)
    HAL_UART_MspInit                         0x080051d9   Thumb Code   566  usart.o(.text.HAL_UART_MspInit)
    HAL_UART_RxCpltCallback                  0x08005411   Thumb Code     8  stm32f4xx_hal_uart.o(.text.HAL_UART_RxCpltCallback)
    HAL_UART_RxHalfCpltCallback              0x08005419   Thumb Code     8  stm32f4xx_hal_uart.o(.text.HAL_UART_RxHalfCpltCallback)
    HAL_UART_Transmit_DMA                    0x08005421   Thumb Code   226  stm32f4xx_hal_uart.o(.text.HAL_UART_Transmit_DMA)
    HAL_UART_TxCpltCallback                  0x08005505   Thumb Code     8  stm32f4xx_hal_uart.o(.text.HAL_UART_TxCpltCallback)
    HAL_UART_TxHalfCpltCallback              0x0800550d   Thumb Code     8  stm32f4xx_hal_uart.o(.text.HAL_UART_TxHalfCpltCallback)
    HardFault_Handler                        0x08005515   Thumb Code     4  stm32f4xx_it.o(.text.HardFault_Handler)
    MX_CAN1_Init                             0x08005519   Thumb Code    78  can.o(.text.MX_CAN1_Init)
    MX_CAN2_Init                             0x08005569   Thumb Code    78  can.o(.text.MX_CAN2_Init)
    MX_DMA_Init                              0x080055b9   Thumb Code   168  dma.o(.text.MX_DMA_Init)
    MX_GPIO_Init                             0x08005661   Thumb Code   332  gpio.o(.text.MX_GPIO_Init)
    MX_SPI1_Init                             0x080057ad   Thumb Code    82  spi.o(.text.MX_SPI1_Init)
    MX_TIM3_Init                             0x08005801   Thumb Code   132  tim.o(.text.MX_TIM3_Init)
    MX_USART3_UART_Init                      0x08005885   Thumb Code    76  usart.o(.text.MX_USART3_UART_Init)
    MX_USART6_UART_Init                      0x080058d1   Thumb Code    68  usart.o(.text.MX_USART6_UART_Init)
    Master_Control                           0x08005915   Thumb Code   212  master.o(.text.Master_Control)
    Master_Data_Process                      0x080059e9   Thumb Code    90  master.o(.text.Master_Data_Process)
    Master_Task                              0x08005a45   Thumb Code   102  task.o(.text.Master_Task)
    MemManage_Handler                        0x08005aad   Thumb Code     4  stm32f4xx_it.o(.text.MemManage_Handler)
    Motor_DJI_Control                        0x08005ab1   Thumb Code   442  dvc_motor_dji.o(.text.Motor_DJI_Control)
    Motor_DJI_Data_Process                   0x08005c71   Thumb Code   312  dvc_motor_dji.o(.text.Motor_DJI_Data_Process)
    Motor_DJI_Init                           0x08005dc5   Thumb Code    50  dvc_motor_dji.o(.text.Motor_DJI_Init)
    Motor_LK_Callback                        0x08005df9   Thumb Code    16  dvc_motor_lk.o(.text.Motor_LK_Callback)
    Motor_LK_Data_Process                    0x08005e09   Thumb Code   232  dvc_motor_lk.o(.text.Motor_LK_Data_Process)
    Motor_On                                 0x08005f0d   Thumb Code    50  dvc_motor_lk.o(.text.Motor_On)
    Motor_Torque_Control                     0x08005f41   Thumb Code    66  dvc_motor_lk.o(.text.Motor_Torque_Control)
    NMI_Handler                              0x08005f85   Thumb Code     4  stm32f4xx_it.o(.text.NMI_Handler)
    PID_Caculate                             0x08005ff5   Thumb Code   302  alg_pid.o(.text.PID_Caculate)
    PID_Get_Output                           0x08006125   Thumb Code    14  alg_pid.o(.text.PID_Get_Output)
    PID_Init                                 0x08006135   Thumb Code    94  alg_pid.o(.text.PID_Init)
    PID_Set_Now                              0x08006195   Thumb Code    18  alg_pid.o(.text.PID_Set_Now)
    PID_Set_Target                           0x080061a9   Thumb Code    18  alg_pid.o(.text.PID_Set_Target)
    PendSV_Handler                           0x080061bd   Thumb Code     2  stm32f4xx_it.o(.text.PendSV_Handler)
    Pitch_Control                            0x080061c1   Thumb Code    92  gimbal.o(.text.Pitch_Control)
    Pitch_Init                               0x0800621d   Thumb Code   120  gimbal.o(.text.Pitch_Init)
    SPI1_IRQHandler                          0x080062ad   Thumb Code    16  stm32f4xx_it.o(.text.SPI1_IRQHandler)
    SVC_Handler                              0x080064d5   Thumb Code     2  stm32f4xx_it.o(.text.SVC_Handler)
    SysTick_Handler                          0x0800652d   Thumb Code     8  stm32f4xx_it.o(.text.SysTick_Handler)
    SystemClock_Config                       0x08006535   Thumb Code   188  main.o(.text.SystemClock_Config)
    SystemInit                               0x080065f1   Thumb Code    18  system_stm32f4xx.o(.text.SystemInit)
    TIM3_Callback                            0x08006605   Thumb Code    16  task.o(.text.TIM3_Callback)
    TIM3_IRQHandler                          0x08006615   Thumb Code    16  stm32f4xx_it.o(.text.TIM3_IRQHandler)
    TIM_Base_SetConfig                       0x08006625   Thumb Code   432  stm32f4xx_hal_tim.o(.text.TIM_Base_SetConfig)
    TIM_ETR_SetConfig                        0x080067d5   Thumb Code    52  stm32f4xx_hal_tim.o(.text.TIM_ETR_SetConfig)
    TIM_Init                                 0x08006835   Thumb Code   532  drv_tim.o(.text.TIM_Init)
    Task_Init                                0x08006aed   Thumb Code    96  task.o(.text.Task_Init)
    UART_Init                                0x08006e99   Thumb Code   374  drv_usart.o(.text.UART_Init)
    UART_Send_Data                           0x0800717d   Thumb Code    28  drv_usart.o(.text.UART_Send_Data)
    UART_Start_Receive_DMA                   0x080072d5   Thumb Code   268  stm32f4xx_hal_uart.o(.text.UART_Start_Receive_DMA)
    USART3_IRQHandler                        0x08007475   Thumb Code    16  stm32f4xx_it.o(.text.USART3_IRQHandler)
    USART6_IRQHandler                        0x08007485   Thumb Code    16  stm32f4xx_it.o(.text.USART6_IRQHandler)
    UsageFault_Handler                       0x08007495   Thumb Code     4  stm32f4xx_it.o(.text.UsageFault_Handler)
    Yaw_Control                              0x08007499   Thumb Code   136  gimbal.o(.text.Yaw_Control)
    Yaw_Init                                 0x08007531   Thumb Code    48  gimbal.o(.text.Yaw_Init)
    bmi088_accel_init                        0x0800762d   Thumb Code   398  dvc_bmi088.o(.text.bmi088_accel_init)
    bmi088_gyro_init                         0x080077bd   Thumb Code   326  dvc_bmi088.o(.text.bmi088_gyro_init)
    can_filter_mask_config                   0x08007905   Thumb Code   160  drv_can.o(.text.can_filter_mask_config)
    can_filter_mask_config_LK                0x080079a5   Thumb Code   142  drv_can.o(.text.can_filter_mask_config_LK)
    main                                     0x08007a35   Thumb Code    56  main.o(.text.main)
    __aeabi_d2f                              0x08007a6d   Thumb Code     0  d2f.o(x$fpl$d2f)
    _d2f                                     0x08007a6d   Thumb Code    98  d2f.o(x$fpl$d2f)
    __aeabi_dadd                             0x08007ad1   Thumb Code     0  daddsub_clz.o(x$fpl$dadd)
    _dadd                                    0x08007ad1   Thumb Code   332  daddsub_clz.o(x$fpl$dadd)
    __fpl_dcmp_Inf                           0x08007c21   Thumb Code    24  dcmpi.o(x$fpl$dcmpinf)
    __aeabi_ddiv                             0x08007c39   Thumb Code     0  ddiv.o(x$fpl$ddiv)
    _ddiv                                    0x08007c39   Thumb Code   560  ddiv.o(x$fpl$ddiv)
    __aeabi_cdcmpeq                          0x08007ef1   Thumb Code     0  deqf.o(x$fpl$deqf)
    _dcmpeq                                  0x08007ef1   Thumb Code   120  deqf.o(x$fpl$deqf)
    __aeabi_d2iz                             0x08007f69   Thumb Code     0  dfix.o(x$fpl$dfix)
    _dfix                                    0x08007f69   Thumb Code    94  dfix.o(x$fpl$dfix)
    __aeabi_i2d                              0x08007fc7   Thumb Code     0  dflt_clz.o(x$fpl$dflt)
    _dflt                                    0x08007fc7   Thumb Code    46  dflt_clz.o(x$fpl$dflt)
    __aeabi_cdcmpge                          0x08007ff5   Thumb Code     0  dgeqf.o(x$fpl$dgeqf)
    _dcmpge                                  0x08007ff5   Thumb Code   120  dgeqf.o(x$fpl$dgeqf)
    __aeabi_cdcmple                          0x0800806d   Thumb Code     0  dleqf.o(x$fpl$dleqf)
    _dcmple                                  0x0800806d   Thumb Code   120  dleqf.o(x$fpl$dleqf)
    __fpl_dcmple_InfNaN                      0x080080cf   Thumb Code     0  dleqf.o(x$fpl$dleqf)
    __aeabi_dmul                             0x080080e5   Thumb Code     0  dmul.o(x$fpl$dmul)
    _dmul                                    0x080080e5   Thumb Code   332  dmul.o(x$fpl$dmul)
    __fpl_dnaninf                            0x08008239   Thumb Code   156  dnaninf.o(x$fpl$dnaninf)
    __fpl_dretinf                            0x080082d5   Thumb Code    12  dretinf.o(x$fpl$dretinf)
    __aeabi_dsub                             0x080082e1   Thumb Code     0  daddsub_clz.o(x$fpl$dsub)
    _dsub                                    0x080082e1   Thumb Code   472  daddsub_clz.o(x$fpl$dsub)
    __aeabi_f2d                              0x080084bd   Thumb Code     0  f2d.o(x$fpl$f2d)
    _f2d                                     0x080084bd   Thumb Code    86  f2d.o(x$fpl$f2d)
    __aeabi_dcmpeq                           0x08008513   Thumb Code     0  dcmp.o(x$fpl$fcmp)
    _deq                                     0x08008513   Thumb Code    14  dcmp.o(x$fpl$fcmp)
    _dneq                                    0x08008521   Thumb Code    14  dcmp.o(x$fpl$fcmp)
    __aeabi_dcmpgt                           0x0800852f   Thumb Code     0  dcmp.o(x$fpl$fcmp)
    _dgr                                     0x0800852f   Thumb Code    14  dcmp.o(x$fpl$fcmp)
    __aeabi_dcmpge                           0x0800853d   Thumb Code     0  dcmp.o(x$fpl$fcmp)
    _dgeq                                    0x0800853d   Thumb Code    14  dcmp.o(x$fpl$fcmp)
    __aeabi_dcmple                           0x0800854b   Thumb Code     0  dcmp.o(x$fpl$fcmp)
    _dleq                                    0x0800854b   Thumb Code    14  dcmp.o(x$fpl$fcmp)
    __aeabi_dcmplt                           0x08008559   Thumb Code     0  dcmp.o(x$fpl$fcmp)
    _dls                                     0x08008559   Thumb Code    14  dcmp.o(x$fpl$fcmp)
    __fpl_fnaninf                            0x08008567   Thumb Code   140  fnaninf.o(x$fpl$fnaninf)
    _fp_init                                 0x080085f3   Thumb Code    26  fpinit.o(x$fpl$fpinit)
    __fplib_config_fpu_vfp                   0x0800860b   Thumb Code     0  fpinit.o(x$fpl$fpinit)
    __fplib_config_pureend_doubles           0x0800860b   Thumb Code     0  fpinit.o(x$fpl$fpinit)
    __fpl_fretinf                            0x0800860d   Thumb Code    10  fretinf.o(x$fpl$fretinf)
    AHBPrescTable                            0x08008616   Data          16  system_stm32f4xx.o(.rodata.AHBPrescTable)
    __I$use$fp                               0x08008616   Number         0  usenofp.o(x$fpl$usenofp)
    APBPrescTable                            0x08008626   Data           8  system_stm32f4xx.o(.rodata.APBPrescTable)
    Region$$Table$$Base                      0x08008638   Number         0  anon$$obj.o(Region$$Table)
    Region$$Table$$Limit                     0x08008658   Number         0  anon$$obj.o(Region$$Table)
    BMI088_GYRO_SEN                          0x20000000   Data           4  dvc_bmi088.o(.data.BMI088_GYRO_SEN)
    SystemCoreClock                          0x20000004   Data           4  system_stm32f4xx.o(.data.SystemCoreClock)
    uwTickFreq                               0x20000008   Data           1  stm32f4xx_hal.o(.data.uwTickFreq)
    uwTickPrio                               0x2000000c   Data           4  stm32f4xx_hal.o(.data.uwTickPrio)
    __libspace_start                         0x20000038   Data          96  libspace.o(.bss)
    BMI088                                   0x20000098   Data          40  dvc_bmi088.o(.bss.BMI088)
    __temporary_stack_top$libspace           0x20000098   Data           0  libspace.o(.bss)
    Booster                                  0x200000c0   Data         444  booster.o(.bss.Booster)
    CAN1_0x141_Tx_Data                       0x2000027c   Data           8  drv_can.o(.bss.CAN1_0x141_Tx_Data)
    CAN1_Manage_Object                       0x20000284   Data          44  drv_can.o(.bss.CAN1_Manage_Object)
    CAN2_0x1ff_Tx_Data                       0x200002b0   Data           8  drv_can.o(.bss.CAN2_0x1ff_Tx_Data)
    CAN2_0x2fe_Tx_Data                       0x200002b8   Data           8  drv_can.o(.bss.CAN2_0x2fe_Tx_Data)
    CAN2_Manage_Object                       0x200002c0   Data          44  drv_can.o(.bss.CAN2_Manage_Object)
    DR16                                     0x200002ec   Data          83  dvc_dr16.o(.bss.DR16)
    Gimbal                                   0x20000340   Data         436  gimbal.o(.bss.Gimbal)
    Master                                   0x200004f8   Data          56  master.o(.bss.Master)
    Motor_LK                                 0x20000530   Data         180  dvc_motor_lk.o(.bss.Motor_LK)
    TIM10_Manage_Object                      0x200005e4   Data           8  drv_tim.o(.bss.TIM10_Manage_Object)
    TIM11_Manage_Object                      0x200005ec   Data           8  drv_tim.o(.bss.TIM11_Manage_Object)
    TIM12_Manage_Object                      0x200005f4   Data           8  drv_tim.o(.bss.TIM12_Manage_Object)
    TIM13_Manage_Object                      0x200005fc   Data           8  drv_tim.o(.bss.TIM13_Manage_Object)
    TIM14_Manage_Object                      0x20000604   Data           8  drv_tim.o(.bss.TIM14_Manage_Object)
    TIM1_Manage_Object                       0x2000060c   Data           8  drv_tim.o(.bss.TIM1_Manage_Object)
    TIM2_Manage_Object                       0x20000614   Data           8  drv_tim.o(.bss.TIM2_Manage_Object)
    TIM3_Manage_Object                       0x2000061c   Data           8  drv_tim.o(.bss.TIM3_Manage_Object)
    TIM4_Manage_Object                       0x20000624   Data           8  drv_tim.o(.bss.TIM4_Manage_Object)
    TIM5_Manage_Object                       0x2000062c   Data           8  drv_tim.o(.bss.TIM5_Manage_Object)
    TIM6_Manage_Object                       0x20000634   Data           8  drv_tim.o(.bss.TIM6_Manage_Object)
    TIM7_Manage_Object                       0x2000063c   Data           8  drv_tim.o(.bss.TIM7_Manage_Object)
    TIM8_Manage_Object                       0x20000644   Data           8  drv_tim.o(.bss.TIM8_Manage_Object)
    TIM9_Manage_Object                       0x2000064c   Data           8  drv_tim.o(.bss.TIM9_Manage_Object)
    UART1_Manage_Object                      0x20000654   Data         268  drv_usart.o(.bss.UART1_Manage_Object)
    UART2_Manage_Object                      0x20000760   Data         268  drv_usart.o(.bss.UART2_Manage_Object)
    UART3_Manage_Object                      0x2000086c   Data         268  drv_usart.o(.bss.UART3_Manage_Object)
    UART4_Manage_Object                      0x20000978   Data         268  drv_usart.o(.bss.UART4_Manage_Object)
    UART5_Manage_Object                      0x20000a84   Data         268  drv_usart.o(.bss.UART5_Manage_Object)
    UART6_Manage_Object                      0x20000b90   Data         268  drv_usart.o(.bss.UART6_Manage_Object)
    hcan1                                    0x20000c9c   Data          40  can.o(.bss.hcan1)
    hcan2                                    0x20000cc4   Data          40  can.o(.bss.hcan2)
    hdma_spi1_rx                             0x20000cec   Data          96  spi.o(.bss.hdma_spi1_rx)
    hdma_spi1_tx                             0x20000d4c   Data          96  spi.o(.bss.hdma_spi1_tx)
    hdma_usart3_rx                           0x20000dac   Data          96  usart.o(.bss.hdma_usart3_rx)
    hdma_usart6_rx                           0x20000e0c   Data          96  usart.o(.bss.hdma_usart6_rx)
    hdma_usart6_tx                           0x20000e6c   Data          96  usart.o(.bss.hdma_usart6_tx)
    hspi1                                    0x20000ecc   Data          88  spi.o(.bss.hspi1)
    htim3                                    0x20000f24   Data          72  tim.o(.bss.htim3)
    huart3                                   0x20000f6c   Data          72  usart.o(.bss.huart3)
    huart6                                   0x20000fb4   Data          72  usart.o(.bss.huart6)
    uwTick                                   0x20000ffc   Data           4  stm32f4xx_hal.o(.bss.uwTick)



==============================================================================

Memory Map of the image

  Image Entry point : 0x08000189

  Load Region LR_IROM1 (Base: 0x08000000, Size: 0x00008690, Max: 0x00100000, ABSOLUTE)

    Execution Region ER_IROM1 (Exec base: 0x08000000, Load base: 0x08000000, Size: 0x00008658, Max: 0x00100000, ABSOLUTE)

    Exec Addr    Load Addr    Size         Type   Attr      Idx    E Section Name        Object

    0x08000000   0x08000000   0x00000188   Data   RO            3    RESET               startup_stm32f407xx.o
    0x08000188   0x08000188   0x00000008   Code   RO         1654  * !!!main             c_w.l(__main.o)
    0x08000190   0x08000190   0x0000005c   Code   RO         2048    !!!scatter          c_w.l(__scatter.o)
    0x080001ec   0x080001ec   0x0000001a   Code   RO         2052    !!handler_copy      c_w.l(__scatter_copy.o)
    0x08000206   0x08000206   0x00000002   PAD
    0x08000208   0x08000208   0x00000002   Code   RO         2049    !!handler_null      c_w.l(__scatter.o)
    0x0800020a   0x0800020a   0x00000002   PAD
    0x0800020c   0x0800020c   0x0000001c   Code   RO         2054    !!handler_zi        c_w.l(__scatter_zi.o)
    0x08000228   0x08000228   0x00000002   Code   RO         1785    .ARM.Collect$$libinit$$00000000  c_w.l(libinit.o)
    0x0800022a   0x0800022a   0x00000004   Code   RO         1806    .ARM.Collect$$libinit$$00000001  c_w.l(libinit2.o)
    0x0800022e   0x0800022e   0x00000000   Code   RO         1809    .ARM.Collect$$libinit$$00000004  c_w.l(libinit2.o)
    0x0800022e   0x0800022e   0x00000000   Code   RO         1811    .ARM.Collect$$libinit$$00000006  c_w.l(libinit2.o)
    0x0800022e   0x0800022e   0x00000000   Code   RO         1814    .ARM.Collect$$libinit$$0000000C  c_w.l(libinit2.o)
    0x0800022e   0x0800022e   0x00000000   Code   RO         1816    .ARM.Collect$$libinit$$0000000E  c_w.l(libinit2.o)
    0x0800022e   0x0800022e   0x00000000   Code   RO         1818    .ARM.Collect$$libinit$$00000010  c_w.l(libinit2.o)
    0x0800022e   0x0800022e   0x00000000   Code   RO         1821    .ARM.Collect$$libinit$$00000013  c_w.l(libinit2.o)
    0x0800022e   0x0800022e   0x00000000   Code   RO         1823    .ARM.Collect$$libinit$$00000015  c_w.l(libinit2.o)
    0x0800022e   0x0800022e   0x00000000   Code   RO         1825    .ARM.Collect$$libinit$$00000017  c_w.l(libinit2.o)
    0x0800022e   0x0800022e   0x00000000   Code   RO         1827    .ARM.Collect$$libinit$$00000019  c_w.l(libinit2.o)
    0x0800022e   0x0800022e   0x00000000   Code   RO         1829    .ARM.Collect$$libinit$$0000001B  c_w.l(libinit2.o)
    0x0800022e   0x0800022e   0x00000000   Code   RO         1831    .ARM.Collect$$libinit$$0000001D  c_w.l(libinit2.o)
    0x0800022e   0x0800022e   0x00000000   Code   RO         1833    .ARM.Collect$$libinit$$0000001F  c_w.l(libinit2.o)
    0x0800022e   0x0800022e   0x00000000   Code   RO         1835    .ARM.Collect$$libinit$$00000021  c_w.l(libinit2.o)
    0x0800022e   0x0800022e   0x00000000   Code   RO         1837    .ARM.Collect$$libinit$$00000023  c_w.l(libinit2.o)
    0x0800022e   0x0800022e   0x00000000   Code   RO         1839    .ARM.Collect$$libinit$$00000025  c_w.l(libinit2.o)
    0x0800022e   0x0800022e   0x00000000   Code   RO         1841    .ARM.Collect$$libinit$$00000027  c_w.l(libinit2.o)
    0x0800022e   0x0800022e   0x00000000   Code   RO         1845    .ARM.Collect$$libinit$$0000002E  c_w.l(libinit2.o)
    0x0800022e   0x0800022e   0x00000000   Code   RO         1847    .ARM.Collect$$libinit$$00000030  c_w.l(libinit2.o)
    0x0800022e   0x0800022e   0x00000000   Code   RO         1849    .ARM.Collect$$libinit$$00000032  c_w.l(libinit2.o)
    0x0800022e   0x0800022e   0x00000000   Code   RO         1851    .ARM.Collect$$libinit$$00000034  c_w.l(libinit2.o)
    0x0800022e   0x0800022e   0x00000002   Code   RO         1852    .ARM.Collect$$libinit$$00000035  c_w.l(libinit2.o)
    0x08000230   0x08000230   0x00000002   Code   RO         1974    .ARM.Collect$$libshutdown$$00000000  c_w.l(libshutdown.o)
    0x08000232   0x08000232   0x00000000   Code   RO         2015    .ARM.Collect$$libshutdown$$00000002  c_w.l(libshutdown2.o)
    0x08000232   0x08000232   0x00000000   Code   RO         2017    .ARM.Collect$$libshutdown$$00000004  c_w.l(libshutdown2.o)
    0x08000232   0x08000232   0x00000000   Code   RO         2020    .ARM.Collect$$libshutdown$$00000007  c_w.l(libshutdown2.o)
    0x08000232   0x08000232   0x00000000   Code   RO         2023    .ARM.Collect$$libshutdown$$0000000A  c_w.l(libshutdown2.o)
    0x08000232   0x08000232   0x00000000   Code   RO         2025    .ARM.Collect$$libshutdown$$0000000C  c_w.l(libshutdown2.o)
    0x08000232   0x08000232   0x00000000   Code   RO         2028    .ARM.Collect$$libshutdown$$0000000F  c_w.l(libshutdown2.o)
    0x08000232   0x08000232   0x00000002   Code   RO         2029    .ARM.Collect$$libshutdown$$00000010  c_w.l(libshutdown2.o)
    0x08000234   0x08000234   0x00000000   Code   RO         1696    .ARM.Collect$$rtentry$$00000000  c_w.l(__rtentry.o)
    0x08000234   0x08000234   0x00000000   Code   RO         1737    .ARM.Collect$$rtentry$$00000002  c_w.l(__rtentry2.o)
    0x08000234   0x08000234   0x00000006   Code   RO         1749    .ARM.Collect$$rtentry$$00000004  c_w.l(__rtentry4.o)
    0x0800023a   0x0800023a   0x00000000   Code   RO         1739    .ARM.Collect$$rtentry$$00000009  c_w.l(__rtentry2.o)
    0x0800023a   0x0800023a   0x00000004   Code   RO         1740    .ARM.Collect$$rtentry$$0000000A  c_w.l(__rtentry2.o)
    0x0800023e   0x0800023e   0x00000000   Code   RO         1742    .ARM.Collect$$rtentry$$0000000C  c_w.l(__rtentry2.o)
    0x0800023e   0x0800023e   0x00000008   Code   RO         1743    .ARM.Collect$$rtentry$$0000000D  c_w.l(__rtentry2.o)
    0x08000246   0x08000246   0x00000002   Code   RO         1788    .ARM.Collect$$rtexit$$00000000  c_w.l(rtexit.o)
    0x08000248   0x08000248   0x00000000   Code   RO         1858    .ARM.Collect$$rtexit$$00000002  c_w.l(rtexit2.o)
    0x08000248   0x08000248   0x00000004   Code   RO         1859    .ARM.Collect$$rtexit$$00000003  c_w.l(rtexit2.o)
    0x0800024c   0x0800024c   0x00000006   Code   RO         1860    .ARM.Collect$$rtexit$$00000004  c_w.l(rtexit2.o)
    0x08000252   0x08000252   0x00000002   PAD
    0x08000254   0x08000254   0x00000040   Code   RO            4    .text               startup_stm32f407xx.o
    0x08000294   0x08000294   0x000000f0   Code   RO         1648    .text               c_w.l(lludivv7m.o)
    0x08000384   0x08000384   0x0000004e   Code   RO         1650    .text               c_w.l(rt_memclr_w.o)
    0x080003d2   0x080003d2   0x00000006   Code   RO         1652    .text               c_w.l(heapauxi.o)
    0x080003d8   0x080003d8   0x00000008   Code   RO         1762    .text               c_w.l(libspace.o)
    0x080003e0   0x080003e0   0x0000004a   Code   RO         1765    .text               c_w.l(sys_stackheap_outer.o)
    0x0800042a   0x0800042a   0x00000012   Code   RO         1774    .text               c_w.l(exit.o)
    0x0800043c   0x0800043c   0x0000000c   Code   RO         1853    .text               c_w.l(sys_exit.o)
    0x08000448   0x08000448   0x00000002   Code   RO         1938    .text               c_w.l(use_no_semi.o)
    0x0800044a   0x0800044a   0x00000000   Code   RO         1940    .text               c_w.l(indicate_semi.o)
    0x0800044a   0x0800044a   0x00000002   PAD
    0x0800044c   0x0800044c   0x00000012   Code   RO          318    .text.BMI088_ACCEL_NS_H  bmi088middleware.o
    0x0800045e   0x0800045e   0x00000002   PAD
    0x08000460   0x08000460   0x00000012   Code   RO          316    .text.BMI088_ACCEL_NS_L  bmi088middleware.o
    0x08000472   0x08000472   0x00000002   PAD
    0x08000474   0x08000474   0x00000002   Code   RO          308    .text.BMI088_GPIO_init  bmi088middleware.o
    0x08000476   0x08000476   0x00000002   PAD
    0x08000478   0x08000478   0x00000014   Code   RO          322    .text.BMI088_GYRO_NS_H  bmi088middleware.o
    0x0800048c   0x0800048c   0x00000014   Code   RO          320    .text.BMI088_GYRO_NS_L  bmi088middleware.o
    0x080004a0   0x080004a0   0x0000003a   Code   RO          333    .text.BMI088_Init   dvc_bmi088.o
    0x080004da   0x080004da   0x00000002   PAD
    0x080004dc   0x080004dc   0x00000002   Code   RO          310    .text.BMI088_com_init  bmi088middleware.o
    0x080004de   0x080004de   0x00000002   PAD
    0x080004e0   0x080004e0   0x00000026   Code   RO          312    .text.BMI088_delay_ms  bmi088middleware.o
    0x08000506   0x08000506   0x00000002   PAD
    0x08000508   0x08000508   0x0000008e   Code   RO          314    .text.BMI088_delay_us  bmi088middleware.o
    0x08000596   0x08000596   0x00000002   PAD
    0x08000598   0x08000598   0x000000b6   Code   RO          343    .text.BMI088_read   dvc_bmi088.o
    0x0800064e   0x0800064e   0x00000002   PAD
    0x08000650   0x08000650   0x00000044   Code   RO          345    .text.BMI088_read_muli_reg  dvc_bmi088.o
    0x08000694   0x08000694   0x00000024   Code   RO          341    .text.BMI088_read_single_reg  dvc_bmi088.o
    0x080006b8   0x080006b8   0x0000002e   Code   RO          324    .text.BMI088_read_write_byte  bmi088middleware.o
    0x080006e6   0x080006e6   0x00000002   PAD
    0x080006e8   0x080006e8   0x00000020   Code   RO          339    .text.BMI088_write_single_reg  dvc_bmi088.o
    0x08000708   0x08000708   0x00000078   Code   RO           38    .text.Booster_Control  booster.o
    0x08000780   0x08000780   0x000000a4   Code   RO           36    .text.Booster_Init  booster.o
    0x08000824   0x08000824   0x0000001a   Code   RO           74    .text.Booster_Task  task.o
    0x0800083e   0x0800083e   0x00000002   PAD
    0x08000840   0x08000840   0x00000004   Code   RO          463    .text.BusFault_Handler  stm32f4xx_it.o
    0x08000844   0x08000844   0x00000020   Code   RO           68    .text.CAN1_Callback  task.o
    0x08000864   0x08000864   0x00000010   Code   RO          477    .text.CAN1_RX0_IRQHandler  stm32f4xx_it.o
    0x08000874   0x08000874   0x00000010   Code   RO          479    .text.CAN1_RX1_IRQHandler  stm32f4xx_it.o
    0x08000884   0x08000884   0x0000006e   Code   RO           70    .text.CAN2_Callback  task.o
    0x080008f2   0x080008f2   0x00000002   PAD
    0x080008f4   0x080008f4   0x00000010   Code   RO          493    .text.CAN2_RX0_IRQHandler  stm32f4xx_it.o
    0x08000904   0x08000904   0x00000010   Code   RO          495    .text.CAN2_RX1_IRQHandler  stm32f4xx_it.o
    0x08000914   0x08000914   0x0000009e   Code   RO          203    .text.CAN_Init      drv_can.o
    0x080009b2   0x080009b2   0x00000002   PAD
    0x080009b4   0x080009b4   0x00000034   Code   RO          205    .text.CAN_Send_Data  drv_can.o
    0x080009e8   0x080009e8   0x00000010   Code   RO          475    .text.DMA1_Stream1_IRQHandler  stm32f4xx_it.o
    0x080009f8   0x080009f8   0x00000010   Code   RO          487    .text.DMA2_Stream1_IRQHandler  stm32f4xx_it.o
    0x08000a08   0x08000a08   0x00000010   Code   RO          489    .text.DMA2_Stream2_IRQHandler  stm32f4xx_it.o
    0x08000a18   0x08000a18   0x00000010   Code   RO          491    .text.DMA2_Stream3_IRQHandler  stm32f4xx_it.o
    0x08000a28   0x08000a28   0x00000010   Code   RO          497    .text.DMA2_Stream6_IRQHandler  stm32f4xx_it.o
    0x08000a38   0x08000a38   0x00000056   Code   RO          789    .text.DMA_CalcBaseAndBitshift  stm32f4xx_hal_dma.o
    0x08000a8e   0x08000a8e   0x00000002   PAD
    0x08000a90   0x08000a90   0x000000f0   Code   RO          787    .text.DMA_CheckFifoParam  stm32f4xx_hal_dma.o
    0x08000b80   0x08000b80   0x00000050   Code   RO          795    .text.DMA_SetConfig  stm32f4xx_hal_dma.o
    0x08000bd0   0x08000bd0   0x00000340   Code   RO           93    .text.DR16_Data_Process  dvc_dr16.o
    0x08000f10   0x08000f10   0x00000040   Code   RO           89    .text.DR16_Init     dvc_dr16.o
    0x08000f50   0x08000f50   0x00000018   Code   RO           91    .text.DR16_UART_RxCpltCallback  dvc_dr16.o
    0x08000f68   0x08000f68   0x00000002   Code   RO          469    .text.DebugMon_Handler  stm32f4xx_it.o
    0x08000f6a   0x08000f6a   0x00000002   PAD
    0x08000f6c   0x08000f6c   0x00000006   Code   RO          363    .text.Error_Handler  main.o
    0x08000f72   0x08000f72   0x00000002   PAD
    0x08000f74   0x08000f74   0x00000022   Code   RO           58    .text.Gimbal_Control  gimbal.o
    0x08000f96   0x08000f96   0x00000002   PAD
    0x08000f98   0x08000f98   0x00000018   Code   RO           52    .text.Gimbal_Init   gimbal.o
    0x08000fb0   0x08000fb0   0x000002a0   Code   RO           72    .text.Gimbal_Task   task.o
    0x08001250   0x08001250   0x00000156   Code   RO          552    .text.HAL_CAN_AddTxMessage  stm32f4xx_hal_can.o
    0x080013a6   0x080013a6   0x00000002   PAD
    0x080013a8   0x080013a8   0x000001a4   Code   RO          542    .text.HAL_CAN_ConfigFilter  stm32f4xx_hal_can.o
    0x0800154c   0x0800154c   0x00000008   Code   RO          596    .text.HAL_CAN_ErrorCallback  stm32f4xx_hal_can.o
    0x08001554   0x08001554   0x00000212   Code   RO          562    .text.HAL_CAN_GetRxMessage  stm32f4xx_hal_can.o
    0x08001766   0x08001766   0x00000002   PAD
    0x08001768   0x08001768   0x000003f2   Code   RO          570    .text.HAL_CAN_IRQHandler  stm32f4xx_hal_can.o
    0x08001b5a   0x08001b5a   0x00000002   PAD
    0x08001b5c   0x08001b5c   0x000001de   Code   RO          532    .text.HAL_CAN_Init  stm32f4xx_hal_can.o
    0x08001d3a   0x08001d3a   0x00000002   PAD
    0x08001d3c   0x08001d3c   0x000001a8   Code   RO          385    .text.HAL_CAN_MspInit  can.o
    0x08001ee4   0x08001ee4   0x00000008   Code   RO          584    .text.HAL_CAN_RxFifo0FullCallback  stm32f4xx_hal_can.o
    0x08001eec   0x08001eec   0x00000094   Code   RO          207    .text.HAL_CAN_RxFifo0MsgPendingCallback  drv_can.o
    0x08001f80   0x08001f80   0x00000008   Code   RO          588    .text.HAL_CAN_RxFifo1FullCallback  stm32f4xx_hal_can.o
    0x08001f88   0x08001f88   0x00000094   Code   RO          209    .text.HAL_CAN_RxFifo1MsgPendingCallback  drv_can.o
    0x0800201c   0x0800201c   0x00000008   Code   RO          592    .text.HAL_CAN_SleepCallback  stm32f4xx_hal_can.o
    0x08002024   0x08002024   0x0000008a   Code   RO          544    .text.HAL_CAN_Start  stm32f4xx_hal_can.o
    0x080020ae   0x080020ae   0x00000002   PAD
    0x080020b0   0x080020b0   0x00000008   Code   RO          574    .text.HAL_CAN_TxMailbox0AbortCallback  stm32f4xx_hal_can.o
    0x080020b8   0x080020b8   0x00000008   Code   RO          572    .text.HAL_CAN_TxMailbox0CompleteCallback  stm32f4xx_hal_can.o
    0x080020c0   0x080020c0   0x00000008   Code   RO          578    .text.HAL_CAN_TxMailbox1AbortCallback  stm32f4xx_hal_can.o
    0x080020c8   0x080020c8   0x00000008   Code   RO          576    .text.HAL_CAN_TxMailbox1CompleteCallback  stm32f4xx_hal_can.o
    0x080020d0   0x080020d0   0x00000008   Code   RO          582    .text.HAL_CAN_TxMailbox2AbortCallback  stm32f4xx_hal_can.o
    0x080020d8   0x080020d8   0x00000008   Code   RO          580    .text.HAL_CAN_TxMailbox2CompleteCallback  stm32f4xx_hal_can.o
    0x080020e0   0x080020e0   0x00000008   Code   RO          594    .text.HAL_CAN_WakeUpFromRxMsgCallback  stm32f4xx_hal_can.o
    0x080020e8   0x080020e8   0x000000ec   Code   RO          799    .text.HAL_DMA_Abort  stm32f4xx_hal_dma.o
    0x080021d4   0x080021d4   0x00000044   Code   RO          801    .text.HAL_DMA_Abort_IT  stm32f4xx_hal_dma.o
    0x08002218   0x08002218   0x0000031e   Code   RO          805    .text.HAL_DMA_IRQHandler  stm32f4xx_hal_dma.o
    0x08002536   0x08002536   0x00000002   PAD
    0x08002538   0x08002538   0x0000016e   Code   RO          785    .text.HAL_DMA_Init  stm32f4xx_hal_dma.o
    0x080026a6   0x080026a6   0x00000002   PAD
    0x080026a8   0x080026a8   0x000000c2   Code   RO          797    .text.HAL_DMA_Start_IT  stm32f4xx_hal_dma.o
    0x0800276a   0x0800276a   0x00000002   PAD
    0x0800276c   0x0800276c   0x000003b6   Code   RO          747    .text.HAL_GPIO_Init  stm32f4xx_hal_gpio.o
    0x08002b22   0x08002b22   0x00000002   PAD
    0x08002b24   0x08002b24   0x0000002e   Code   RO          753    .text.HAL_GPIO_WritePin  stm32f4xx_hal_gpio.o
    0x08002b52   0x08002b52   0x00000002   PAD
    0x08002b54   0x08002b54   0x0000000c   Code   RO          972    .text.HAL_GetTick   stm32f4xx_hal.o
    0x08002b60   0x08002b60   0x0000001a   Code   RO          970    .text.HAL_IncTick   stm32f4xx_hal.o
    0x08002b7a   0x08002b7a   0x00000002   PAD
    0x08002b7c   0x08002b7c   0x00000036   Code   RO          960    .text.HAL_Init      stm32f4xx_hal.o
    0x08002bb2   0x08002bb2   0x00000002   PAD
    0x08002bb4   0x08002bb4   0x00000070   Code   RO          962    .text.HAL_InitTick  stm32f4xx_hal.o
    0x08002c24   0x08002c24   0x0000004a   Code   RO          508    .text.HAL_MspInit   stm32f4xx_hal_msp.o
    0x08002c6e   0x08002c6e   0x00000002   PAD
    0x08002c70   0x08002c70   0x00000014   Code   RO          895    .text.HAL_NVIC_EnableIRQ  stm32f4xx_hal_cortex.o
    0x08002c84   0x08002c84   0x00000032   Code   RO          887    .text.HAL_NVIC_SetPriority  stm32f4xx_hal_cortex.o
    0x08002cb6   0x08002cb6   0x00000002   PAD
    0x08002cb8   0x08002cb8   0x00000010   Code   RO          883    .text.HAL_NVIC_SetPriorityGrouping  stm32f4xx_hal_cortex.o
    0x08002cc8   0x08002cc8   0x00000262   Code   RO          615    .text.HAL_RCC_ClockConfig  stm32f4xx_hal_rcc.o
    0x08002f2a   0x08002f2a   0x00000002   PAD
    0x08002f2c   0x08002f2c   0x0000000c   Code   RO          625    .text.HAL_RCC_GetHCLKFreq  stm32f4xx_hal_rcc.o
    0x08002f38   0x08002f38   0x00000022   Code   RO          627    .text.HAL_RCC_GetPCLK1Freq  stm32f4xx_hal_rcc.o
    0x08002f5a   0x08002f5a   0x00000002   PAD
    0x08002f5c   0x08002f5c   0x00000022   Code   RO          629    .text.HAL_RCC_GetPCLK2Freq  stm32f4xx_hal_rcc.o
    0x08002f7e   0x08002f7e   0x00000002   PAD
    0x08002f80   0x08002f80   0x000000e6   Code   RO          617    .text.HAL_RCC_GetSysClockFreq  stm32f4xx_hal_rcc.o
    0x08003066   0x08003066   0x00000002   PAD
    0x08003068   0x08003068   0x000006be   Code   RO          613    .text.HAL_RCC_OscConfig  stm32f4xx_hal_rcc.o
    0x08003726   0x08003726   0x00000002   PAD
    0x08003728   0x08003728   0x00000008   Code   RO         1133    .text.HAL_SPI_ErrorCallback  stm32f4xx_hal_spi.o
    0x08003730   0x08003730   0x00000230   Code   RO         1129    .text.HAL_SPI_IRQHandler  stm32f4xx_hal_spi.o
    0x08003960   0x08003960   0x00000102   Code   RO         1049    .text.HAL_SPI_Init  stm32f4xx_hal_spi.o
    0x08003a62   0x08003a62   0x00000002   PAD
    0x08003a64   0x08003a64   0x000001a6   Code   RO          409    .text.HAL_SPI_MspInit  spi.o
    0x08003c0a   0x08003c0a   0x00000002   PAD
    0x08003c0c   0x08003c0c   0x000003a2   Code   RO         1063    .text.HAL_SPI_TransmitReceive  stm32f4xx_hal_spi.o
    0x08003fae   0x08003fae   0x00000002   PAD
    0x08003fb0   0x08003fb0   0x00000010   Code   RO          907    .text.HAL_SYSTICK_Config  stm32f4xx_hal_cortex.o
    0x08003fc0   0x08003fc0   0x00000008   Code   RO         1489    .text.HAL_TIMEx_BreakCallback  stm32f4xx_hal_tim_ex.o
    0x08003fc8   0x08003fc8   0x00000008   Code   RO         1485    .text.HAL_TIMEx_CommutCallback  stm32f4xx_hal_tim_ex.o
    0x08003fd0   0x08003fd0   0x00000122   Code   RO         1479    .text.HAL_TIMEx_MasterConfigSynchronization  stm32f4xx_hal_tim_ex.o
    0x080040f2   0x080040f2   0x00000002   PAD
    0x080040f4   0x080040f4   0x0000009c   Code   RO         1166    .text.HAL_TIM_Base_Init  stm32f4xx_hal_tim.o
    0x08004190   0x08004190   0x00000052   Code   RO          425    .text.HAL_TIM_Base_MspInit  tim.o
    0x080041e2   0x080041e2   0x00000002   PAD
    0x080041e4   0x080041e4   0x000000f6   Code   RO         1180    .text.HAL_TIM_Base_Start_IT  stm32f4xx_hal_tim.o
    0x080042da   0x080042da   0x00000002   PAD
    0x080042dc   0x080042dc   0x00000184   Code   RO         1358    .text.HAL_TIM_ConfigClockSource  stm32f4xx_hal_tim.o
    0x08004460   0x08004460   0x00000008   Code   RO         1302    .text.HAL_TIM_IC_CaptureCallback  stm32f4xx_hal_tim.o
    0x08004468   0x08004468   0x0000021a   Code   RO         1300    .text.HAL_TIM_IRQHandler  stm32f4xx_hal_tim.o
    0x08004682   0x08004682   0x00000002   PAD
    0x08004684   0x08004684   0x00000008   Code   RO         1304    .text.HAL_TIM_OC_DelayElapsedCallback  stm32f4xx_hal_tim.o
    0x0800468c   0x0800468c   0x00000008   Code   RO         1306    .text.HAL_TIM_PWM_PulseFinishedCallback  stm32f4xx_hal_tim.o
    0x08004694   0x08004694   0x000002bc   Code   RO          262    .text.HAL_TIM_PeriodElapsedCallback  drv_tim.o
    0x08004950   0x08004950   0x00000008   Code   RO         1310    .text.HAL_TIM_TriggerCallback  stm32f4xx_hal_tim.o
    0x08004958   0x08004958   0x000000c2   Code   RO         1556    .text.HAL_UARTEx_ReceiveToIdle_DMA  stm32f4xx_hal_uart.o
    0x08004a1a   0x08004a1a   0x00000002   PAD
    0x08004a1c   0x08004a1c   0x000001ec   Code   RO          291    .text.HAL_UARTEx_RxEventCallback  drv_usart.o
    0x08004c08   0x08004c08   0x00000104   Code   RO          293    .text.HAL_UART_ErrorCallback  drv_usart.o
    0x08004d0c   0x08004d0c   0x0000042c   Code   RO         1586    .text.HAL_UART_IRQHandler  stm32f4xx_hal_uart.o
    0x08005138   0x08005138   0x0000009e   Code   RO         1502    .text.HAL_UART_Init  stm32f4xx_hal_uart.o
    0x080051d6   0x080051d6   0x00000002   PAD
    0x080051d8   0x080051d8   0x00000236   Code   RO          441    .text.HAL_UART_MspInit  usart.o
    0x0800540e   0x0800540e   0x00000002   PAD
    0x08005410   0x08005410   0x00000008   Code   RO         1604    .text.HAL_UART_RxCpltCallback  stm32f4xx_hal_uart.o
    0x08005418   0x08005418   0x00000008   Code   RO         1606    .text.HAL_UART_RxHalfCpltCallback  stm32f4xx_hal_uart.o
    0x08005420   0x08005420   0x000000e2   Code   RO         1530    .text.HAL_UART_Transmit_DMA  stm32f4xx_hal_uart.o
    0x08005502   0x08005502   0x00000002   PAD
    0x08005504   0x08005504   0x00000008   Code   RO         1600    .text.HAL_UART_TxCpltCallback  stm32f4xx_hal_uart.o
    0x0800550c   0x0800550c   0x00000008   Code   RO         1602    .text.HAL_UART_TxHalfCpltCallback  stm32f4xx_hal_uart.o
    0x08005514   0x08005514   0x00000004   Code   RO          459    .text.HardFault_Handler  stm32f4xx_it.o
    0x08005518   0x08005518   0x0000004e   Code   RO          381    .text.MX_CAN1_Init  can.o
    0x08005566   0x08005566   0x00000002   PAD
    0x08005568   0x08005568   0x0000004e   Code   RO          383    .text.MX_CAN2_Init  can.o
    0x080055b6   0x080055b6   0x00000002   PAD
    0x080055b8   0x080055b8   0x000000a8   Code   RO          399    .text.MX_DMA_Init   dma.o
    0x08005660   0x08005660   0x0000014c   Code   RO          373    .text.MX_GPIO_Init  gpio.o
    0x080057ac   0x080057ac   0x00000052   Code   RO          407    .text.MX_SPI1_Init  spi.o
    0x080057fe   0x080057fe   0x00000002   PAD
    0x08005800   0x08005800   0x00000084   Code   RO          423    .text.MX_TIM3_Init  tim.o
    0x08005884   0x08005884   0x0000004c   Code   RO          437    .text.MX_USART3_UART_Init  usart.o
    0x080058d0   0x080058d0   0x00000044   Code   RO          439    .text.MX_USART6_UART_Init  usart.o
    0x08005914   0x08005914   0x000000d4   Code   RO          520    .text.Master_Control  master.o
    0x080059e8   0x080059e8   0x0000005a   Code   RO          518    .text.Master_Data_Process  master.o
    0x08005a42   0x08005a42   0x00000002   PAD
    0x08005a44   0x08005a44   0x00000066   Code   RO           76    .text.Master_Task   task.o
    0x08005aaa   0x08005aaa   0x00000002   PAD
    0x08005aac   0x08005aac   0x00000004   Code   RO          461    .text.MemManage_Handler  stm32f4xx_it.o
    0x08005ab0   0x08005ab0   0x000001ba   Code   RO          109    .text.Motor_DJI_Control  dvc_motor_dji.o
    0x08005c6a   0x08005c6a   0x00000006   PAD
    0x08005c70   0x08005c70   0x00000154   Code   RO          105    .text.Motor_DJI_Data_Process  dvc_motor_dji.o
    0x08005dc4   0x08005dc4   0x00000032   Code   RO          103    .text.Motor_DJI_Init  dvc_motor_dji.o
    0x08005df6   0x08005df6   0x00000002   PAD
    0x08005df8   0x08005df8   0x00000010   Code   RO          166    .text.Motor_LK_Callback  dvc_motor_lk.o
    0x08005e08   0x08005e08   0x00000104   Code   RO          164    .text.Motor_LK_Data_Process  dvc_motor_lk.o
    0x08005f0c   0x08005f0c   0x00000032   Code   RO          128    .text.Motor_On      dvc_motor_lk.o
    0x08005f3e   0x08005f3e   0x00000002   PAD
    0x08005f40   0x08005f40   0x00000042   Code   RO          134    .text.Motor_Torque_Control  dvc_motor_lk.o
    0x08005f82   0x08005f82   0x00000002   PAD
    0x08005f84   0x08005f84   0x00000004   Code   RO          457    .text.NMI_Handler   stm32f4xx_it.o
    0x08005f88   0x08005f88   0x0000006c   Code   RO          893    .text.NVIC_EncodePriority  stm32f4xx_hal_cortex.o
    0x08005ff4   0x08005ff4   0x0000012e   Code   RO           13    .text.PID_Caculate  alg_pid.o
    0x08006122   0x08006122   0x00000002   PAD
    0x08006124   0x08006124   0x0000000e   Code   RO           27    .text.PID_Get_Output  alg_pid.o
    0x08006132   0x08006132   0x00000002   PAD
    0x08006134   0x08006134   0x0000005e   Code   RO           11    .text.PID_Init      alg_pid.o
    0x08006192   0x08006192   0x00000002   PAD
    0x08006194   0x08006194   0x00000012   Code   RO           25    .text.PID_Set_Now   alg_pid.o
    0x080061a6   0x080061a6   0x00000002   PAD
    0x080061a8   0x080061a8   0x00000012   Code   RO           23    .text.PID_Set_Target  alg_pid.o
    0x080061ba   0x080061ba   0x00000002   PAD
    0x080061bc   0x080061bc   0x00000002   Code   RO          471    .text.PendSV_Handler  stm32f4xx_it.o
    0x080061be   0x080061be   0x00000002   PAD
    0x080061c0   0x080061c0   0x0000005c   Code   RO           54    .text.Pitch_Control  gimbal.o
    0x0800621c   0x0800621c   0x00000090   Code   RO           48    .text.Pitch_Init    gimbal.o
    0x080062ac   0x080062ac   0x00000010   Code   RO          483    .text.SPI1_IRQHandler  stm32f4xx_it.o
    0x080062bc   0x080062bc   0x00000020   Code   RO         1131    .text.SPI_DMAAbortOnError  stm32f4xx_hal_spi.o
    0x080062dc   0x080062dc   0x000000cc   Code   RO         1059    .text.SPI_EndRxTxTransaction  stm32f4xx_hal_spi.o
    0x080063a8   0x080063a8   0x0000012a   Code   RO         1157    .text.SPI_WaitFlagStateUntilTimeout  stm32f4xx_hal_spi.o
    0x080064d2   0x080064d2   0x00000002   PAD
    0x080064d4   0x080064d4   0x00000002   Code   RO          467    .text.SVC_Handler   stm32f4xx_it.o
    0x080064d6   0x080064d6   0x00000002   PAD
    0x080064d8   0x080064d8   0x00000052   Code   RO          909    .text.SysTick_Config  stm32f4xx_hal_cortex.o
    0x0800652a   0x0800652a   0x00000002   PAD
    0x0800652c   0x0800652c   0x00000008   Code   RO          473    .text.SysTick_Handler  stm32f4xx_it.o
    0x08006534   0x08006534   0x000000bc   Code   RO          361    .text.SystemClock_Config  main.o
    0x080065f0   0x080065f0   0x00000012   Code   RO         1633    .text.SystemInit    system_stm32f4xx.o
    0x08006602   0x08006602   0x00000002   PAD
    0x08006604   0x08006604   0x00000010   Code   RO           78    .text.TIM3_Callback  task.o
    0x08006614   0x08006614   0x00000010   Code   RO          481    .text.TIM3_IRQHandler  stm32f4xx_it.o
    0x08006624   0x08006624   0x000001b0   Code   RO         1170    .text.TIM_Base_SetConfig  stm32f4xx_hal_tim.o
    0x080067d4   0x080067d4   0x00000034   Code   RO         1356    .text.TIM_ETR_SetConfig  stm32f4xx_hal_tim.o
    0x08006808   0x08006808   0x0000002a   Code   RO         1362    .text.TIM_ITRx_SetConfig  stm32f4xx_hal_tim.o
    0x08006832   0x08006832   0x00000002   PAD
    0x08006834   0x08006834   0x00000214   Code   RO          260    .text.TIM_Init      drv_tim.o
    0x08006a48   0x08006a48   0x00000050   Code   RO         1360    .text.TIM_TI1_ConfigInputStage  stm32f4xx_hal_tim.o
    0x08006a98   0x08006a98   0x00000052   Code   RO         1364    .text.TIM_TI2_ConfigInputStage  stm32f4xx_hal_tim.o
    0x08006aea   0x08006aea   0x00000002   PAD
    0x08006aec   0x08006aec   0x00000060   Code   RO           80    .text.Task_Init     task.o
    0x08006b4c   0x08006b4c   0x00000020   Code   RO         1590    .text.UART_DMAAbortOnError  stm32f4xx_hal_uart.o
    0x08006b6c   0x08006b6c   0x0000007c   Code   RO         1536    .text.UART_DMAError  stm32f4xx_hal_uart.o
    0x08006be8   0x08006be8   0x000000f4   Code   RO         1622    .text.UART_DMAReceiveCplt  stm32f4xx_hal_uart.o
    0x08006cdc   0x08006cdc   0x00000034   Code   RO         1624    .text.UART_DMARxHalfCplt  stm32f4xx_hal_uart.o
    0x08006d10   0x08006d10   0x0000007a   Code   RO         1532    .text.UART_DMATransmitCplt  stm32f4xx_hal_uart.o
    0x08006d8a   0x08006d8a   0x00000002   PAD
    0x08006d8c   0x08006d8c   0x00000016   Code   RO         1534    .text.UART_DMATxHalfCplt  stm32f4xx_hal_uart.o
    0x08006da2   0x08006da2   0x00000002   PAD
    0x08006da4   0x08006da4   0x00000094   Code   RO         1550    .text.UART_EndRxTransfer  stm32f4xx_hal_uart.o
    0x08006e38   0x08006e38   0x00000026   Code   RO         1598    .text.UART_EndTransmit_IT  stm32f4xx_hal_uart.o
    0x08006e5e   0x08006e5e   0x00000002   PAD
    0x08006e60   0x08006e60   0x00000036   Code   RO         1548    .text.UART_EndTxTransfer  stm32f4xx_hal_uart.o
    0x08006e96   0x08006e96   0x00000002   PAD
    0x08006e98   0x08006e98   0x00000176   Code   RO          285    .text.UART_Init     drv_usart.o
    0x0800700e   0x0800700e   0x00000002   PAD
    0x08007010   0x08007010   0x0000016a   Code   RO         1588    .text.UART_Receive_IT  stm32f4xx_hal_uart.o
    0x0800717a   0x0800717a   0x00000002   PAD
    0x0800717c   0x0800717c   0x0000001c   Code   RO          289    .text.UART_Send_Data  drv_usart.o
    0x08007198   0x08007198   0x0000013a   Code   RO         1506    .text.UART_SetConfig  stm32f4xx_hal_uart.o
    0x080072d2   0x080072d2   0x00000002   PAD
    0x080072d4   0x080072d4   0x0000010c   Code   RO         1540    .text.UART_Start_Receive_DMA  stm32f4xx_hal_uart.o
    0x080073e0   0x080073e0   0x00000094   Code   RO         1596    .text.UART_Transmit_IT  stm32f4xx_hal_uart.o
    0x08007474   0x08007474   0x00000010   Code   RO          485    .text.USART3_IRQHandler  stm32f4xx_it.o
    0x08007484   0x08007484   0x00000010   Code   RO          499    .text.USART6_IRQHandler  stm32f4xx_it.o
    0x08007494   0x08007494   0x00000004   Code   RO          465    .text.UsageFault_Handler  stm32f4xx_it.o
    0x08007498   0x08007498   0x00000098   Code   RO           56    .text.Yaw_Control   gimbal.o
    0x08007530   0x08007530   0x0000003c   Code   RO           50    .text.Yaw_Init      gimbal.o
    0x0800756c   0x0800756c   0x00000030   Code   RO          897    .text.__NVIC_EnableIRQ  stm32f4xx_hal_cortex.o
    0x0800759c   0x0800759c   0x00000010   Code   RO          889    .text.__NVIC_GetPriorityGrouping  stm32f4xx_hal_cortex.o
    0x080075ac   0x080075ac   0x00000042   Code   RO          891    .text.__NVIC_SetPriority  stm32f4xx_hal_cortex.o
    0x080075ee   0x080075ee   0x00000002   PAD
    0x080075f0   0x080075f0   0x0000003c   Code   RO          885    .text.__NVIC_SetPriorityGrouping  stm32f4xx_hal_cortex.o
    0x0800762c   0x0800762c   0x0000018e   Code   RO          335    .text.bmi088_accel_init  dvc_bmi088.o
    0x080077ba   0x080077ba   0x00000002   PAD
    0x080077bc   0x080077bc   0x00000146   Code   RO          337    .text.bmi088_gyro_init  dvc_bmi088.o
    0x08007902   0x08007902   0x00000002   PAD
    0x08007904   0x08007904   0x000000a0   Code   RO          199    .text.can_filter_mask_config  drv_can.o
    0x080079a4   0x080079a4   0x0000008e   Code   RO          201    .text.can_filter_mask_config_LK  drv_can.o
    0x08007a32   0x08007a32   0x00000002   PAD
    0x08007a34   0x08007a34   0x00000038   Code   RO          359    .text.main          main.o
    0x08007a6c   0x08007a6c   0x00000062   Code   RO         1656    x$fpl$d2f           fz_wm.l(d2f.o)
    0x08007ace   0x08007ace   0x00000002   PAD
    0x08007ad0   0x08007ad0   0x00000150   Code   RO         1658    x$fpl$dadd          fz_wm.l(daddsub_clz.o)
    0x08007c20   0x08007c20   0x00000018   Code   RO         1760    x$fpl$dcmpinf       fz_wm.l(dcmpi.o)
    0x08007c38   0x08007c38   0x000002b8   Code   RO         1667    x$fpl$ddiv          fz_wm.l(ddiv.o)
    0x08007ef0   0x08007ef0   0x00000078   Code   RO         1705    x$fpl$deqf          fz_wm.l(deqf.o)
    0x08007f68   0x08007f68   0x0000005e   Code   RO         1670    x$fpl$dfix          fz_wm.l(dfix.o)
    0x08007fc6   0x08007fc6   0x0000002e   Code   RO         1675    x$fpl$dflt          fz_wm.l(dflt_clz.o)
    0x08007ff4   0x08007ff4   0x00000078   Code   RO         1707    x$fpl$dgeqf         fz_wm.l(dgeqf.o)
    0x0800806c   0x0800806c   0x00000078   Code   RO         1709    x$fpl$dleqf         fz_wm.l(dleqf.o)
    0x080080e4   0x080080e4   0x00000154   Code   RO         1680    x$fpl$dmul          fz_wm.l(dmul.o)
    0x08008238   0x08008238   0x0000009c   Code   RO         1711    x$fpl$dnaninf       fz_wm.l(dnaninf.o)
    0x080082d4   0x080082d4   0x0000000c   Code   RO         1715    x$fpl$dretinf       fz_wm.l(dretinf.o)
    0x080082e0   0x080082e0   0x000001dc   Code   RO         1660    x$fpl$dsub          fz_wm.l(daddsub_clz.o)
    0x080084bc   0x080084bc   0x00000056   Code   RO         1682    x$fpl$f2d           fz_wm.l(f2d.o)
    0x08008512   0x08008512   0x00000054   Code   RO         1664    x$fpl$fcmp          fz_wm.l(dcmp.o)
    0x08008566   0x08008566   0x0000008c   Code   RO         1717    x$fpl$fnaninf       fz_wm.l(fnaninf.o)
    0x080085f2   0x080085f2   0x0000001a   Code   RO         1916    x$fpl$fpinit        fz_wm.l(fpinit.o)
    0x0800860c   0x0800860c   0x0000000a   Code   RO         1719    x$fpl$fretinf       fz_wm.l(fretinf.o)
    0x08008616   0x08008616   0x00000000   Code   RO         1721    x$fpl$usenofp       fz_wm.l(usenofp.o)
    0x08008616   0x08008616   0x00000010   Data   RO         1638    .rodata.AHBPrescTable  system_stm32f4xx.o
    0x08008626   0x08008626   0x00000008   Data   RO         1639    .rodata.APBPrescTable  system_stm32f4xx.o
    0x0800862e   0x0800862e   0x00000008   Data   RO          815    .rodata.DMA_CalcBaseAndBitshift.flagBitshiftOffset  stm32f4xx_hal_dma.o
    0x08008636   0x08008636   0x00000002   PAD
    0x08008638   0x08008638   0x00000020   Data   RO         2047    Region$$Table       anon$$obj.o


    Execution Region RW_IRAM1 (Exec base: 0x20000000, Load base: 0x08008658, Size: 0x00001600, Max: 0x0001c000, ABSOLUTE)

    Exec Addr    Load Addr    Size         Type   Attr      Idx    E Section Name        Object

    0x20000000   0x08008658   0x00000004   Data   RW          348    .data.BMI088_GYRO_SEN  dvc_bmi088.o
    0x20000004   0x0800865c   0x00000004   Data   RW         1637    .data.SystemCoreClock  system_stm32f4xx.o
    0x20000008   0x08008660   0x00000001   Data   RW         1015    .data.uwTickFreq    stm32f4xx_hal.o
    0x20000009   0x08008661   0x00000003   PAD
    0x2000000c   0x08008664   0x00000004   Data   RW         1014    .data.uwTickPrio    stm32f4xx_hal.o
    0x20000010   0x08008668   0x00000012   Data   RW          349    .data.write_BMI088_accel_reg_data_error  dvc_bmi088.o
    0x20000022   0x0800867a   0x00000012   Data   RW          350    .data.write_BMI088_gyro_reg_data_error  dvc_bmi088.o
    0x20000034   0x0800868c   0x00000004   PAD
    0x20000038        -       0x00000060   Zero   RW         1763    .bss                c_w.l(libspace.o)
    0x20000098        -       0x00000028   Zero   RW          351    .bss.BMI088         dvc_bmi088.o
    0x200000c0        -       0x000001bc   Zero   RW           40    .bss.Booster        booster.o
    0x2000027c        -       0x00000008   Zero   RW          217    .bss.CAN1_0x141_Tx_Data  drv_can.o
    0x20000284        -       0x0000002c   Zero   RW          211    .bss.CAN1_Manage_Object  drv_can.o
    0x200002b0        -       0x00000008   Zero   RW          219    .bss.CAN2_0x1ff_Tx_Data  drv_can.o
    0x200002b8        -       0x00000008   Zero   RW          221    .bss.CAN2_0x2fe_Tx_Data  drv_can.o
    0x200002c0        -       0x0000002c   Zero   RW          212    .bss.CAN2_Manage_Object  drv_can.o
    0x200002ec        -       0x00000053   Zero   RW           95    .bss.DR16           dvc_dr16.o
    0x2000033f   0x0800868c   0x00000001   PAD
    0x20000340        -       0x000001b4   Zero   RW           60    .bss.Gimbal         gimbal.o
    0x200004f4        -       0x00000004   Zero   RW          391    .bss.HAL_RCC_CAN1_CLK_ENABLED  can.o
    0x200004f8        -       0x00000038   Zero   RW          524    .bss.Master         master.o
    0x20000530        -       0x000000b4   Zero   RW          170    .bss.Motor_LK       dvc_motor_lk.o
    0x200005e4        -       0x00000008   Zero   RW          273    .bss.TIM10_Manage_Object  drv_tim.o
    0x200005ec        -       0x00000008   Zero   RW          274    .bss.TIM11_Manage_Object  drv_tim.o
    0x200005f4        -       0x00000008   Zero   RW          275    .bss.TIM12_Manage_Object  drv_tim.o
    0x200005fc        -       0x00000008   Zero   RW          276    .bss.TIM13_Manage_Object  drv_tim.o
    0x20000604        -       0x00000008   Zero   RW          277    .bss.TIM14_Manage_Object  drv_tim.o
    0x2000060c        -       0x00000008   Zero   RW          264    .bss.TIM1_Manage_Object  drv_tim.o
    0x20000614        -       0x00000008   Zero   RW          265    .bss.TIM2_Manage_Object  drv_tim.o
    0x2000061c        -       0x00000008   Zero   RW          266    .bss.TIM3_Manage_Object  drv_tim.o
    0x20000624        -       0x00000008   Zero   RW          267    .bss.TIM4_Manage_Object  drv_tim.o
    0x2000062c        -       0x00000008   Zero   RW          268    .bss.TIM5_Manage_Object  drv_tim.o
    0x20000634        -       0x00000008   Zero   RW          269    .bss.TIM6_Manage_Object  drv_tim.o
    0x2000063c        -       0x00000008   Zero   RW          270    .bss.TIM7_Manage_Object  drv_tim.o
    0x20000644        -       0x00000008   Zero   RW          271    .bss.TIM8_Manage_Object  drv_tim.o
    0x2000064c        -       0x00000008   Zero   RW          272    .bss.TIM9_Manage_Object  drv_tim.o
    0x20000654        -       0x0000010c   Zero   RW          295    .bss.UART1_Manage_Object  drv_usart.o
    0x20000760        -       0x0000010c   Zero   RW          296    .bss.UART2_Manage_Object  drv_usart.o
    0x2000086c        -       0x0000010c   Zero   RW          297    .bss.UART3_Manage_Object  drv_usart.o
    0x20000978        -       0x0000010c   Zero   RW          298    .bss.UART4_Manage_Object  drv_usart.o
    0x20000a84        -       0x0000010c   Zero   RW          299    .bss.UART5_Manage_Object  drv_usart.o
    0x20000b90        -       0x0000010c   Zero   RW          300    .bss.UART6_Manage_Object  drv_usart.o
    0x20000c9c        -       0x00000028   Zero   RW          389    .bss.hcan1          can.o
    0x20000cc4        -       0x00000028   Zero   RW          390    .bss.hcan2          can.o
    0x20000cec        -       0x00000060   Zero   RW          414    .bss.hdma_spi1_rx   spi.o
    0x20000d4c        -       0x00000060   Zero   RW          415    .bss.hdma_spi1_tx   spi.o
    0x20000dac        -       0x00000060   Zero   RW          447    .bss.hdma_usart3_rx  usart.o
    0x20000e0c        -       0x00000060   Zero   RW          448    .bss.hdma_usart6_rx  usart.o
    0x20000e6c        -       0x00000060   Zero   RW          449    .bss.hdma_usart6_tx  usart.o
    0x20000ecc        -       0x00000058   Zero   RW          413    .bss.hspi1          spi.o
    0x20000f24        -       0x00000048   Zero   RW          429    .bss.htim3          tim.o
    0x20000f6c        -       0x00000048   Zero   RW          445    .bss.huart3         usart.o
    0x20000fb4        -       0x00000048   Zero   RW          446    .bss.huart6         usart.o
    0x20000ffc        -       0x00000004   Zero   RW         1016    .bss.uwTick         stm32f4xx_hal.o
    0x20001000        -       0x00000200   Zero   RW            2    HEAP                startup_stm32f407xx.o
    0x20001200        -       0x00000400   Zero   RW            1    STACK               startup_stm32f407xx.o


    Execution Region RW_IRAM2 (Exec base: 0x2001c000, Load base: 0x08008690, Size: 0x00000000, Max: 0x00004000, ABSOLUTE)

    **** No section assigned to this execution region ****


==============================================================================

Image component sizes


      Code (inc. data)   RO Data    RW Data    ZI Data      Debug   Object Name

       446          0          0          0          0       2257   alg_pid.o
       306          0          0          0          0       2461   bmi088middleware.o
       284         28          0          0        444       4086   booster.o
       580          0          0          0         84       6446   can.o
       168          0          0          0          0       3337   dma.o
       808          0          0          0        112       5357   drv_can.o
      1232          0          0          0        112       5341   drv_tim.o
      1154          0          0          0       1608       5269   drv_usart.o
      1100          0          0         40         40       3197   dvc_bmi088.o
       920         24          0          0         83       5195   dvc_dr16.o
       832         28          0          0          0       5283   dvc_motor_dji.o
       392         28          0          0        180       7771   dvc_motor_lk.o
       506         52          0          0        436       5298   gimbal.o
       332          0          0          0          0       2232   gpio.o
       250          0          0          0          0       2788   main.o
       302          0          0          0         56       4494   master.o
       504          0          0          0        280       6972   spi.o
        64         26        392          0       1536        856   startup_stm32f407xx.o
       204          0          0          5          4       7117   stm32f4xx_hal.o
      3006          0          0          0          0      11568   stm32f4xx_hal_can.o
       482          0          0          0          0       9728   stm32f4xx_hal_cortex.o
      2068          8          8          0          0       8506   stm32f4xx_hal_dma.o
       996          0          0          0          0       5102   stm32f4xx_hal_gpio.o
        74          0          0          0          0       1483   stm32f4xx_hal_msp.o
      2646          0          0          0          0       7579   stm32f4xx_hal_rcc.o
      2290          0          0          0          0      19464   stm32f4xx_hal_spi.o
      2048          0          0          0          0      36022   stm32f4xx_hal_tim.o
       306          0          0          0          0      15342   stm32f4xx_hal_tim_ex.o
      3606          0          0          0          0      20350   stm32f4xx_hal_uart.o
       242          0          0          0          0       2272   stm32f4xx_it.o
        18          0         24          4          0       2530   system_stm32f4xx.o
      1054         56          0          0          0       1958   task.o
       214          0          0          0         72       6984   tim.o
       710          0          0          0        432       7329   usart.o

    ----------------------------------------------------------------------
     30304        250        458         52       5484     241974   Object Totals
         0          0         32          0          0          0   (incl. Generated)
       160          0          2          3          5          0   (incl. Padding)

    ----------------------------------------------------------------------

      Code (inc. data)   RO Data    RW Data    ZI Data      Debug   Library Member Name

         8          0          0          0          0         68   __main.o
         0          0          0          0          0          0   __rtentry.o
        12          0          0          0          0          0   __rtentry2.o
         6          0          0          0          0          0   __rtentry4.o
        94          8          0          0          0          0   __scatter.o
        26          0          0          0          0          0   __scatter_copy.o
        28          0          0          0          0          0   __scatter_zi.o
        18          0          0          0          0         80   exit.o
         6          0          0          0          0        152   heapauxi.o
         0          0          0          0          0          0   indicate_semi.o
         2          0          0          0          0          0   libinit.o
         6          0          0          0          0          0   libinit2.o
         2          0          0          0          0          0   libshutdown.o
         2          0          0          0          0          0   libshutdown2.o
         8          4          0          0         96         68   libspace.o
       240          0          0          0          0        100   lludivv7m.o
        78          0          0          0          0         80   rt_memclr_w.o
         2          0          0          0          0          0   rtexit.o
        10          0          0          0          0          0   rtexit2.o
        12          4          0          0          0         68   sys_exit.o
        74          0          0          0          0         80   sys_stackheap_outer.o
         2          0          0          0          0         68   use_no_semi.o
        98          4          0          0          0        140   d2f.o
       812         16          0          0          0        392   daddsub_clz.o
        84          0          0          0          0        244   dcmp.o
        24          0          0          0          0        116   dcmpi.o
       696        140          0          0          0        264   ddiv.o
       120          4          0          0          0        140   deqf.o
        94          4          0          0          0        140   dfix.o
        46          0          0          0          0        116   dflt_clz.o
       120          4          0          0          0        140   dgeqf.o
       120          4          0          0          0        140   dleqf.o
       340         12          0          0          0        152   dmul.o
       156          4          0          0          0        140   dnaninf.o
        12          0          0          0          0        116   dretinf.o
        86          4          0          0          0        132   f2d.o
       140          4          0          0          0        132   fnaninf.o
        26          0          0          0          0        116   fpinit.o
        10          0          0          0          0        116   fretinf.o
         0          0          0          0          0          0   usenofp.o

    ----------------------------------------------------------------------
      3630        216          0          0         96       3500   Library Totals
        10          0          0          0          0          0   (incl. Padding)

    ----------------------------------------------------------------------

      Code (inc. data)   RO Data    RW Data    ZI Data      Debug   Library Name

       636         16          0          0         96        764   c_w.l
      2984        200          0          0          0       2736   fz_wm.l

    ----------------------------------------------------------------------
      3630        216          0          0         96       3500   Library Totals

    ----------------------------------------------------------------------

==============================================================================


      Code (inc. data)   RO Data    RW Data    ZI Data      Debug   

     33934        466        458         52       5580     242942   Grand Totals
     33934        466        458         52       5580     242942   ELF Image Totals
     33934        466        458         52          0          0   ROM Totals

==============================================================================

    Total RO  Size (Code + RO Data)                34392 (  33.59kB)
    Total RW  Size (RW Data + ZI Data)              5632 (   5.50kB)
    Total ROM Size (Code + RO Data + RW Data)      34444 (  33.64kB)

==============================================================================

