<html>
<body>
<pre>
<h1>µVision Build Log</h1>
<h2>Tool Versions:</h2>
IDE-Version: ¦ÌVision V5.41.0.0
Copyright (C) 2024 ARM Ltd and ARM Germany GmbH. All rights reserved.
License Information: 1 1, 1, LIC=CZLZX-H42MP-QDLKD-8LRS1-DVAYY-W81VV
 
Tool Versions:
Toolchain:       MDK-ARM Plus  Version: 5.41.0.0
Toolchain Path:  D:\Keil_v5\ARM\ARMCLANG\Bin
C Compiler:      ArmClang.exe V6.22
Assembler:       Armasm.exe V6.22
Linker/Locator:  ArmLink.exe V6.22
Library Manager: ArmAr.exe V6.22
Hex Converter:   FromElf.exe V6.22
CPU DLL:         SARMCM3.DLL V5.41.0.0
Dialog DLL:      DCM.DLL V1.17.5.0
Target DLL:      CMSIS_AGDI.dll V1.33.21.0
Dialog DLL:      TCM.DLL V1.56.4.0
 
<h2>Project:</h2>
D:\RoboMaster\code\XTYF\Hero\Chassis\project\MDK-ARM\project.uvprojx
Project File Date:  03/19/2025

<h2>Output:</h2>
*** Using Compiler 'V6.22', folder: 'D:\Keil_v5\ARM\ARMCLANG\Bin'
Rebuild target 'project'
compiling alg_pid.c...
compiling gpio.c...
compiling chassis.c...
assembling startup_stm32f407xx.s...
compiling spi.c...
compiling main.c...
compiling stm32f4xx_it.c...
compiling stm32f4xx_hal_msp.c...
compiling can.c...
compiling tim.c...
compiling usart.c...
compiling dma.c...
compiling dvc_dr16.c...
compiling dvc_bmi088.c...
compiling BMI088Middleware.c...
compiling dvc_vofa.c...
compiling drv_math.c...
compiling drv_can.c...
compiling dvc_motor_DJI.c...
compiling drv_usart.c...
compiling drv_tim.c...
compiling drv_spi.c...
compiling slave.c...
compiling task.c...
../Hero_Code/Device/Motor_DM/dvc_motor_DM.C(66): warning: 5 enumeration values not handled in switch: 'Motor_DM_Control_Method_NORMAL_OMEGA', 'Motor_DM_Control_Method_NORMAL_EMIT', 'Motor_DM_Control_Method_1_TO_4_CURRENT'... [-Wswitch]
   66 |     switch (__Motor_DM_Control_Method)
      |             ^~~~~~~~~~~~~~~~~~~~~~~~~
../Hero_Code/Device/Motor_DM/dvc_motor_DM.C(150): warning: 5 enumeration values not handled in switch: 'Motor_DM_Control_Method_NORMAL_OMEGA', 'Motor_DM_Control_Method_NORMAL_EMIT', 'Motor_DM_Control_Method_1_TO_4_CURRENT'... [-Wswitch]
  150 |     switch (Motor_DM->Motor_DM_Control_Method)
      |             ^~~~~~~~~~~~~~~~~~~~~~~~~~~~~~~~~
2 warnings generated.
compiling dvc_motor_DM.C...
compiling booster_dm.c...
compiling stm32f4xx_hal_can.c...
compiling stm32f4xx_hal_flash.c...
compiling stm32f4xx_hal_rcc.c...
compiling stm32f4xx_hal_flash_ex.c...
compiling stm32f4xx_hal_rcc_ex.c...
compiling stm32f4xx_hal_flash_ramfunc.c...
compiling stm32f4xx_hal_gpio.c...
compiling stm32f4xx_hal_dma_ex.c...
compiling stm32f4xx_hal_dma.c...
compiling stm32f4xx_hal_pwr_ex.c...
compiling stm32f4xx_hal_pwr.c...
compiling stm32f4xx_hal.c...
compiling stm32f4xx_hal_cortex.c...
compiling stm32f4xx_hal_exti.c...
compiling system_stm32f4xx.c...
compiling stm32f4xx_hal_tim_ex.c...
compiling stm32f4xx_hal_spi.c...
compiling stm32f4xx_hal_uart.c...
compiling stm32f4xx_hal_tim.c...
linking...
Program Size: Code=35410 RO-data=2510 RW-data=68 ZI-data=5772  
FromELF: creating hex file...
"project\project.axf" - 0 Error(s), 2 Warning(s).

<h2>Software Packages used:</h2>

Package Vendor: ARM
                https://www.keil.com/pack/ARM.CMSIS.6.1.0.pack
                ARM::CMSIS@6.1.0
                CMSIS (Common Microcontroller Software Interface Standard)
   * Component: CORE Version: 6.1.0

Package Vendor: Keil
                https://www.keil.com/pack/Keil.STM32F4xx_DFP.3.0.0.pack
                Keil::STM32F4xx_DFP@3.0.0
                STMicroelectronics STM32F4 Series Device Support

<h2>Collection of Component include folders:</h2>
  ./RTE/_project
  D:/Arm/Packs/ARM/CMSIS/6.1.0/CMSIS/Core/Include

<h2>Collection of Component Files used:</h2>

   * Component: ARM::CMSIS:CORE@6.1.0
      Include file:  CMSIS/Core/Include/tz_context.h
Build Time Elapsed:  00:00:04
</pre>
</body>
</html>
