Component: Arm Compiler for Embedded 6.22 Tool: armlink [5ee90200]

==============================================================================

Section Cross References

    startup_stm32f407xx.o(STACK) refers (Special) to heapauxi.o(.text) for __use_two_region_memory
    startup_stm32f407xx.o(HEAP) refers (Special) to heapauxi.o(.text) for __use_two_region_memory
    startup_stm32f407xx.o(RESET) refers (Special) to heapauxi.o(.text) for __use_two_region_memory
    startup_stm32f407xx.o(RESET) refers to startup_stm32f407xx.o(STACK) for __initial_sp
    startup_stm32f407xx.o(RESET) refers to startup_stm32f407xx.o(.text) for Reset_Handler
    startup_stm32f407xx.o(RESET) refers to stm32f4xx_it.o(.text.NMI_Handler) for NMI_Handler
    startup_stm32f407xx.o(RESET) refers to stm32f4xx_it.o(.text.HardFault_Handler) for HardFault_Handler
    startup_stm32f407xx.o(RESET) refers to stm32f4xx_it.o(.text.MemManage_Handler) for MemManage_Handler
    startup_stm32f407xx.o(RESET) refers to stm32f4xx_it.o(.text.BusFault_Handler) for BusFault_Handler
    startup_stm32f407xx.o(RESET) refers to stm32f4xx_it.o(.text.UsageFault_Handler) for UsageFault_Handler
    startup_stm32f407xx.o(RESET) refers to stm32f4xx_it.o(.text.SVC_Handler) for SVC_Handler
    startup_stm32f407xx.o(RESET) refers to stm32f4xx_it.o(.text.DebugMon_Handler) for DebugMon_Handler
    startup_stm32f407xx.o(RESET) refers to stm32f4xx_it.o(.text.PendSV_Handler) for PendSV_Handler
    startup_stm32f407xx.o(RESET) refers to stm32f4xx_it.o(.text.SysTick_Handler) for SysTick_Handler
    startup_stm32f407xx.o(RESET) refers to stm32f4xx_it.o(.text.DMA1_Stream1_IRQHandler) for DMA1_Stream1_IRQHandler
    startup_stm32f407xx.o(RESET) refers to stm32f4xx_it.o(.text.CAN1_RX0_IRQHandler) for CAN1_RX0_IRQHandler
    startup_stm32f407xx.o(RESET) refers to stm32f4xx_it.o(.text.CAN1_RX1_IRQHandler) for CAN1_RX1_IRQHandler
    startup_stm32f407xx.o(RESET) refers to stm32f4xx_it.o(.text.TIM3_IRQHandler) for TIM3_IRQHandler
    startup_stm32f407xx.o(RESET) refers to stm32f4xx_it.o(.text.SPI1_IRQHandler) for SPI1_IRQHandler
    startup_stm32f407xx.o(RESET) refers to stm32f4xx_it.o(.text.DMA2_Stream1_IRQHandler) for DMA2_Stream1_IRQHandler
    startup_stm32f407xx.o(RESET) refers to stm32f4xx_it.o(.text.DMA2_Stream2_IRQHandler) for DMA2_Stream2_IRQHandler
    startup_stm32f407xx.o(RESET) refers to stm32f4xx_it.o(.text.DMA2_Stream3_IRQHandler) for DMA2_Stream3_IRQHandler
    startup_stm32f407xx.o(RESET) refers to stm32f4xx_it.o(.text.CAN2_RX0_IRQHandler) for CAN2_RX0_IRQHandler
    startup_stm32f407xx.o(RESET) refers to stm32f4xx_it.o(.text.CAN2_RX1_IRQHandler) for CAN2_RX1_IRQHandler
    startup_stm32f407xx.o(RESET) refers to stm32f4xx_it.o(.text.DMA2_Stream6_IRQHandler) for DMA2_Stream6_IRQHandler
    startup_stm32f407xx.o(RESET) refers to stm32f4xx_it.o(.text.USART6_IRQHandler) for USART6_IRQHandler
    startup_stm32f407xx.o(.text) refers (Special) to heapauxi.o(.text) for __use_two_region_memory
    startup_stm32f407xx.o(.text) refers to system_stm32f4xx.o(.text.SystemInit) for SystemInit
    startup_stm32f407xx.o(.text) refers to __main.o(!!!main) for __main
    startup_stm32f407xx.o(.text) refers to startup_stm32f407xx.o(HEAP) for Heap_Mem
    startup_stm32f407xx.o(.text) refers to startup_stm32f407xx.o(STACK) for Stack_Mem
    main.o(.text.main) refers to stm32f4xx_hal.o(.text.HAL_Init) for HAL_Init
    main.o(.text.main) refers to main.o(.text.SystemClock_Config) for SystemClock_Config
    main.o(.text.main) refers to gpio.o(.text.MX_GPIO_Init) for MX_GPIO_Init
    main.o(.text.main) refers to dma.o(.text.MX_DMA_Init) for MX_DMA_Init
    main.o(.text.main) refers to can.o(.text.MX_CAN1_Init) for MX_CAN1_Init
    main.o(.text.main) refers to can.o(.text.MX_CAN2_Init) for MX_CAN2_Init
    main.o(.text.main) refers to usart.o(.text.MX_USART6_UART_Init) for MX_USART6_UART_Init
    main.o(.text.main) refers to usart.o(.text.MX_USART3_UART_Init) for MX_USART3_UART_Init
    main.o(.text.main) refers to spi.o(.text.MX_SPI1_Init) for MX_SPI1_Init
    main.o(.text.main) refers to tim.o(.text.MX_TIM3_Init) for MX_TIM3_Init
    main.o(.text.main) refers to task.o(.text.Task_Init) for Task_Init
    main.o(.ARM.exidx.text.main) refers to main.o(.text.main) for [Anonymous Symbol]
    main.o(.text.SystemClock_Config) refers to rt_memclr_w.o(.text) for __aeabi_memclr4
    main.o(.text.SystemClock_Config) refers to stm32f4xx_hal_rcc.o(.text.HAL_RCC_OscConfig) for HAL_RCC_OscConfig
    main.o(.text.SystemClock_Config) refers to main.o(.text.Error_Handler) for Error_Handler
    main.o(.text.SystemClock_Config) refers to stm32f4xx_hal_rcc.o(.text.HAL_RCC_ClockConfig) for HAL_RCC_ClockConfig
    main.o(.ARM.exidx.text.SystemClock_Config) refers to main.o(.text.SystemClock_Config) for [Anonymous Symbol]
    main.o(.ARM.exidx.text.Error_Handler) refers to main.o(.text.Error_Handler) for [Anonymous Symbol]
[...]
    _terminate_alloc                          - Undefined Weak Reference
    _terminate_user_alloc                     - Undefined Weak Reference
    _terminateio                              - Undefined Weak Reference
    __Vectors_Size                           0x00000188   Number         0  startup_stm32f407xx.o ABSOLUTE
    __Vectors                                0x08000000   Data           4  startup_stm32f407xx.o(RESET)
    __Vectors_End                            0x08000188   Data           0  startup_stm32f407xx.o(RESET)
    __main                                   0x08000189   Thumb Code     8  __main.o(!!!main)
    __scatterload                            0x08000191   Thumb Code     0  __scatter.o(!!!scatter)
    __scatterload_rt2                        0x08000191   Thumb Code    84  __scatter.o(!!!scatter)
    __scatterload_rt2_thumb_only             0x08000191   Thumb Code     0  __scatter.o(!!!scatter)
    __scatterload_loop                       0x0800019b   Thumb Code     0  __scatter.o(!!!scatter)
    __scatterload_copy                       0x080001ed   Thumb Code    26  __scatter_copy.o(!!handler_copy)
    __scatterload_null                       0x08000209   Thumb Code     2  __scatter.o(!!handler_null)
    __scatterload_zeroinit                   0x0800020d   Thumb Code    28  __scatter_zi.o(!!handler_zi)
    __rt_lib_init                            0x08000229   Thumb Code     0  libinit.o(.ARM.Collect$$libinit$$00000000)
    __rt_lib_init_fp_1                       0x0800022b   Thumb Code     0  libinit2.o(.ARM.Collect$$libinit$$00000001)
    __rt_lib_init_alloca_1                   0x0800022f   Thumb Code     0  libinit2.o(.ARM.Collect$$libinit$$00000030)
    __rt_lib_init_argv_1                     0x0800022f   Thumb Code     0  libinit2.o(.ARM.Collect$$libinit$$0000002E)
    __rt_lib_init_atexit_1                   0x0800022f   Thumb Code     0  libinit2.o(.ARM.Collect$$libinit$$0000001D)
    __rt_lib_init_clock_1                    0x0800022f   Thumb Code     0  libinit2.o(.ARM.Collect$$libinit$$00000023)
    __rt_lib_init_cpp_1                      0x0800022f   Thumb Code     0  libinit2.o(.ARM.Collect$$libinit$$00000034)
    __rt_lib_init_exceptions_1               0x0800022f   Thumb Code     0  libinit2.o(.ARM.Collect$$libinit$$00000032)
    __rt_lib_init_fp_trap_1                  0x0800022f   Thumb Code     0  libinit2.o(.ARM.Collect$$libinit$$00000021)
    __rt_lib_init_getenv_1                   0x0800022f   Thumb Code     0  libinit2.o(.ARM.Collect$$libinit$$00000025)
    __rt_lib_init_heap_1                     0x0800022f   Thumb Code     0  libinit2.o(.ARM.Collect$$libinit$$0000000C)
    __rt_lib_init_lc_collate_1               0x0800022f   Thumb Code     0  libinit2.o(.ARM.Collect$$libinit$$00000013)
    __rt_lib_init_lc_ctype_1                 0x0800022f   Thumb Code     0  libinit2.o(.ARM.Collect$$libinit$$00000015)
    __rt_lib_init_lc_monetary_1              0x0800022f   Thumb Code     0  libinit2.o(.ARM.Collect$$libinit$$00000017)
    __rt_lib_init_lc_numeric_1               0x0800022f   Thumb Code     0  libinit2.o(.ARM.Collect$$libinit$$00000019)
    __rt_lib_init_lc_time_1                  0x0800022f   Thumb Code     0  libinit2.o(.ARM.Collect$$libinit$$0000001B)
    __rt_lib_init_preinit_1                  0x0800022f   Thumb Code     0  libinit2.o(.ARM.Collect$$libinit$$00000006)
    __rt_lib_init_rand_1                     0x0800022f   Thumb Code     0  libinit2.o(.ARM.Collect$$libinit$$00000010)
    __rt_lib_init_relocate_pie_1             0x0800022f   Thumb Code     0  libinit2.o(.ARM.Collect$$libinit$$00000004)
    __rt_lib_init_return                     0x0800022f   Thumb Code     0  libinit2.o(.ARM.Collect$$libinit$$00000035)
    __rt_lib_init_signal_1                   0x0800022f   Thumb Code     0  libinit2.o(.ARM.Collect$$libinit$$0000001F)
    __rt_lib_init_stdio_1                    0x0800022f   Thumb Code     0  libinit2.o(.ARM.Collect$$libinit$$00000027)
    __rt_lib_init_user_alloc_1               0x0800022f   Thumb Code     0  libinit2.o(.ARM.Collect$$libinit$$0000000E)
    __rt_lib_shutdown                        0x08000231   Thumb Code     0  libshutdown.o(.ARM.Collect$$libshutdown$$00000000)
    __rt_lib_shutdown_cpp_1                  0x08000233   Thumb Code     0  libshutdown2.o(.ARM.Collect$$libshutdown$$00000002)
    __rt_lib_shutdown_fp_trap_1              0x08000233   Thumb Code     0  libshutdown2.o(.ARM.Collect$$libshutdown$$00000007)
    __rt_lib_shutdown_heap_1                 0x08000233   Thumb Code     0  libshutdown2.o(.ARM.Collect$$libshutdown$$0000000F)
    __rt_lib_shutdown_return                 0x08000233   Thumb Code     0  libshutdown2.o(.ARM.Collect$$libshutdown$$00000010)
    __rt_lib_shutdown_signal_1               0x08000233   Thumb Code     0  libshutdown2.o(.ARM.Collect$$libshutdown$$0000000A)
    __rt_lib_shutdown_stdio_1                0x08000233   Thumb Code     0  libshutdown2.o(.ARM.Collect$$libshutdown$$00000004)
    __rt_lib_shutdown_user_alloc_1           0x08000233   Thumb Code     0  libshutdown2.o(.ARM.Collect$$libshutdown$$0000000C)
    __rt_entry                               0x08000235   Thumb Code     0  __rtentry.o(.ARM.Collect$$rtentry$$00000000)
    __rt_entry_presh_1                       0x08000235   Thumb Code     0  __rtentry2.o(.ARM.Collect$$rtentry$$00000002)
    __rt_entry_sh                            0x08000235   Thumb Code     0  __rtentry4.o(.ARM.Collect$$rtentry$$00000004)
    __rt_entry_li                            0x0800023b   Thumb Code     0  __rtentry2.o(.ARM.Collect$$rtentry$$0000000A)
    __rt_entry_postsh_1                      0x0800023b   Thumb Code     0  __rtentry2.o(.ARM.Collect$$rtentry$$00000009)
    __rt_entry_main                          0x0800023f   Thumb Code     0  __rtentry2.o(.ARM.Collect$$rtentry$$0000000D)
    __rt_entry_postli_1                      0x0800023f   Thumb Code     0  __rtentry2.o(.ARM.Collect$$rtentry$$0000000C)
    __rt_exit                                0x08000247   Thumb Code     0  rtexit.o(.ARM.Collect$$rtexit$$00000000)
    __rt_exit_ls                             0x08000249   Thumb Code     0  rtexit2.o(.ARM.Collect$$rtexit$$00000003)
    __rt_exit_prels_1                        0x08000249   Thumb Code     0  rtexit2.o(.ARM.Collect$$rtexit$$00000002)
    __rt_exit_exit                           0x0800024d   Thumb Code     0  rtexit2.o(.ARM.Collect$$rtexit$$00000004)
    Reset_Handler                            0x08000255   Thumb Code     8  startup_stm32f407xx.o(.text)
    ADC_IRQHandler                           0x0800026f   Thumb Code     0  startup_stm32f407xx.o(.text)
    CAN1_SCE_IRQHandler                      0x0800026f   Thumb Code     0  startup_stm32f407xx.o(.text)
    CAN1_TX_IRQHandler                       0x0800026f   Thumb Code     0  startup_stm32f407xx.o(.text)
    CAN2_SCE_IRQHandler                      0x0800026f   Thumb Code     0  startup_stm32f407xx.o(.text)
    CAN2_TX_IRQHandler                       0x0800026f   Thumb Code     0  startup_stm32f407xx.o(.text)
    DCMI_IRQHandler                          0x0800026f   Thumb Code     0  startup_stm32f407xx.o(.text)
    DMA1_Stream0_IRQHandler                  0x0800026f   Thumb Code     0  startup_stm32f407xx.o(.text)
    DMA1_Stream2_IRQHandler                  0x0800026f   Thumb Code     0  startup_stm32f407xx.o(.text)
    DMA1_Stream3_IRQHandler                  0x0800026f   Thumb Code     0  startup_stm32f407xx.o(.text)
    DMA1_Stream4_IRQHandler                  0x0800026f   Thumb Code     0  startup_stm32f407xx.o(.text)
    DMA1_Stream5_IRQHandler                  0x0800026f   Thumb Code     0  startup_stm32f407xx.o(.text)
    DMA1_Stream6_IRQHandler                  0x0800026f   Thumb Code     0  startup_stm32f407xx.o(.text)
    DMA1_Stream7_IRQHandler                  0x0800026f   Thumb Code     0  startup_stm32f407xx.o(.text)
    DMA2_Stream0_IRQHandler                  0x0800026f   Thumb Code     0  startup_stm32f407xx.o(.text)
    DMA2_Stream4_IRQHandler                  0x0800026f   Thumb Code     0  startup_stm32f407xx.o(.text)
    DMA2_Stream5_IRQHandler                  0x0800026f   Thumb Code     0  startup_stm32f407xx.o(.text)
    DMA2_Stream7_IRQHandler                  0x0800026f   Thumb Code     0  startup_stm32f407xx.o(.text)
    ETH_IRQHandler                           0x0800026f   Thumb Code     0  startup_stm32f407xx.o(.text)
    ETH_WKUP_IRQHandler                      0x0800026f   Thumb Code     0  startup_stm32f407xx.o(.text)
    EXTI0_IRQHandler                         0x0800026f   Thumb Code     0  startup_stm32f407xx.o(.text)
    EXTI15_10_IRQHandler                     0x0800026f   Thumb Code     0  startup_stm32f407xx.o(.text)
    EXTI1_IRQHandler                         0x0800026f   Thumb Code     0  startup_stm32f407xx.o(.text)
    EXTI2_IRQHandler                         0x0800026f   Thumb Code     0  startup_stm32f407xx.o(.text)
    EXTI3_IRQHandler                         0x0800026f   Thumb Code     0  startup_stm32f407xx.o(.text)
    EXTI4_IRQHandler                         0x0800026f   Thumb Code     0  startup_stm32f407xx.o(.text)
    EXTI9_5_IRQHandler                       0x0800026f   Thumb Code     0  startup_stm32f407xx.o(.text)
    FLASH_IRQHandler                         0x0800026f   Thumb Code     0  startup_stm32f407xx.o(.text)
    FMC_IRQHandler                           0x0800026f   Thumb Code     0  startup_stm32f407xx.o(.text)
    FPU_IRQHandler                           0x0800026f   Thumb Code     0  startup_stm32f407xx.o(.text)
    HASH_RNG_IRQHandler                      0x0800026f   Thumb Code     0  startup_stm32f407xx.o(.text)
    I2C1_ER_IRQHandler                       0x0800026f   Thumb Code     0  startup_stm32f407xx.o(.text)
    I2C1_EV_IRQHandler                       0x0800026f   Thumb Code     0  startup_stm32f407xx.o(.text)
    I2C2_ER_IRQHandler                       0x0800026f   Thumb Code     0  startup_stm32f407xx.o(.text)
    I2C2_EV_IRQHandler                       0x0800026f   Thumb Code     0  startup_stm32f407xx.o(.text)
    I2C3_ER_IRQHandler                       0x0800026f   Thumb Code     0  startup_stm32f407xx.o(.text)
    I2C3_EV_IRQHandler                       0x0800026f   Thumb Code     0  startup_stm32f407xx.o(.text)
    OTG_FS_IRQHandler                        0x0800026f   Thumb Code     0  startup_stm32f407xx.o(.text)
    OTG_FS_WKUP_IRQHandler                   0x0800026f   Thumb Code     0  startup_stm32f407xx.o(.text)
    OTG_HS_EP1_IN_IRQHandler                 0x0800026f   Thumb Code     0  startup_stm32f407xx.o(.text)
    OTG_HS_EP1_OUT_IRQHandler                0x0800026f   Thumb Code     0  startup_stm32f407xx.o(.text)
    OTG_HS_IRQHandler                        0x0800026f   Thumb Code     0  startup_stm32f407xx.o(.text)
    OTG_HS_WKUP_IRQHandler                   0x0800026f   Thumb Code     0  startup_stm32f407xx.o(.text)
    PVD_IRQHandler                           0x0800026f   Thumb Code     0  startup_stm32f407xx.o(.text)
    RCC_IRQHandler                           0x0800026f   Thumb Code     0  startup_stm32f407xx.o(.text)
    RTC_Alarm_IRQHandler                     0x0800026f   Thumb Code     0  startup_stm32f407xx.o(.text)
    RTC_WKUP_IRQHandler                      0x0800026f   Thumb Code     0  startup_stm32f407xx.o(.text)
    SDIO_IRQHandler                          0x0800026f   Thumb Code     0  startup_stm32f407xx.o(.text)
    SPI2_IRQHandler                          0x0800026f   Thumb Code     0  startup_stm32f407xx.o(.text)
    SPI3_IRQHandler                          0x0800026f   Thumb Code     0  startup_stm32f407xx.o(.text)
    TAMP_STAMP_IRQHandler                    0x0800026f   Thumb Code     0  startup_stm32f407xx.o(.text)
    TIM1_BRK_TIM9_IRQHandler                 0x0800026f   Thumb Code     0  startup_stm32f407xx.o(.text)
    TIM1_CC_IRQHandler                       0x0800026f   Thumb Code     0  startup_stm32f407xx.o(.text)
    TIM1_TRG_COM_TIM11_IRQHandler            0x0800026f   Thumb Code     0  startup_stm32f407xx.o(.text)
    TIM1_UP_TIM10_IRQHandler                 0x0800026f   Thumb Code     0  startup_stm32f407xx.o(.text)
    TIM2_IRQHandler                          0x0800026f   Thumb Code     0  startup_stm32f407xx.o(.text)
    TIM4_IRQHandler                          0x0800026f   Thumb Code     0  startup_stm32f407xx.o(.text)
    TIM5_IRQHandler                          0x0800026f   Thumb Code     0  startup_stm32f407xx.o(.text)
    TIM6_DAC_IRQHandler                      0x0800026f   Thumb Code     0  startup_stm32f407xx.o(.text)
    TIM7_IRQHandler                          0x0800026f   Thumb Code     0  startup_stm32f407xx.o(.text)
    TIM8_BRK_TIM12_IRQHandler                0x0800026f   Thumb Code     0  startup_stm32f407xx.o(.text)
    TIM8_CC_IRQHandler                       0x0800026f   Thumb Code     0  startup_stm32f407xx.o(.text)
    TIM8_TRG_COM_TIM14_IRQHandler            0x0800026f   Thumb Code     0  startup_stm32f407xx.o(.text)
    TIM8_UP_TIM13_IRQHandler                 0x0800026f   Thumb Code     0  startup_stm32f407xx.o(.text)
    UART4_IRQHandler                         0x0800026f   Thumb Code     0  startup_stm32f407xx.o(.text)
    UART5_IRQHandler                         0x0800026f   Thumb Code     0  startup_stm32f407xx.o(.text)
    USART1_IRQHandler                        0x0800026f   Thumb Code     0  startup_stm32f407xx.o(.text)
    USART2_IRQHandler                        0x0800026f   Thumb Code     0  startup_stm32f407xx.o(.text)
    USART3_IRQHandler                        0x0800026f   Thumb Code     0  startup_stm32f407xx.o(.text)
    WWDG_IRQHandler                          0x0800026f   Thumb Code     0  startup_stm32f407xx.o(.text)
    __user_initial_stackheap                 0x08000271   Thumb Code     0  startup_stm32f407xx.o(.text)
    __aeabi_uldivmod                         0x08000295   Thumb Code     0  lludivv7m.o(.text)
    _ll_udiv                                 0x08000295   Thumb Code   240  lludivv7m.o(.text)
    __aeabi_memclr4                          0x08000385   Thumb Code     0  rt_memclr_w.o(.text)
    __aeabi_memclr8                          0x08000385   Thumb Code     0  rt_memclr_w.o(.text)
    __rt_memclr_w                            0x08000385   Thumb Code     0  rt_memclr_w.o(.text)
    _memset_w                                0x08000389   Thumb Code    74  rt_memclr_w.o(.text)
    __use_two_region_memory                  0x080003d3   Thumb Code     2  heapauxi.o(.text)
    __rt_heap_escrow$2region                 0x080003d5   Thumb Code     2  heapauxi.o(.text)
    __rt_heap_expand$2region                 0x080003d7   Thumb Code     2  heapauxi.o(.text)
    __read_errno                             0x080003d9   Thumb Code    10  _rserrno.o(.text)
    __set_errno                              0x080003e3   Thumb Code    12  _rserrno.o(.text)
    __aeabi_errno_addr                       0x080003f1   Thumb Code     8  rt_errno_addr_intlibspace.o(.text)
    __errno$intlibspace                      0x080003f1   Thumb Code     0  rt_errno_addr_intlibspace.o(.text)
    __rt_errno_addr$intlibspace              0x080003f1   Thumb Code     0  rt_errno_addr_intlibspace.o(.text)
    __user_libspace                          0x080003f9   Thumb Code     8  libspace.o(.text)
    __user_perproc_libspace                  0x080003f9   Thumb Code     0  libspace.o(.text)
    __user_perthread_libspace                0x080003f9   Thumb Code     0  libspace.o(.text)
    __user_setup_stackheap                   0x08000401   Thumb Code    74  sys_stackheap_outer.o(.text)
    exit                                     0x0800044b   Thumb Code    18  exit.o(.text)
    _sys_exit                                0x0800045d   Thumb Code     8  sys_exit.o(.text)
    __I$use$semihosting                      0x08000469   Thumb Code     0  use_no_semi.o(.text)
    __use_no_semihosting_swi                 0x08000469   Thumb Code     2  use_no_semi.o(.text)
    __semihosting_library_function           0x0800046b   Thumb Code     0  indicate_semi.o(.text)
    BMI088_ACCEL_NS_H                        0x0800046d   Thumb Code    18  bmi088middleware.o(.text.BMI088_ACCEL_NS_H)
    BMI088_ACCEL_NS_L                        0x08000481   Thumb Code    18  bmi088middleware.o(.text.BMI088_ACCEL_NS_L)
    BMI088_GPIO_init                         0x08000495   Thumb Code     2  bmi088middleware.o(.text.BMI088_GPIO_init)
    BMI088_GYRO_NS_H                         0x08000499   Thumb Code    20  bmi088middleware.o(.text.BMI088_GYRO_NS_H)
    BMI088_GYRO_NS_L                         0x080004ad   Thumb Code    20  bmi088middleware.o(.text.BMI088_GYRO_NS_L)
    BMI088_Init                              0x080004c1   Thumb Code    58  dvc_bmi088.o(.text.BMI088_Init)
    BMI088_com_init                          0x080004fd   Thumb Code     2  bmi088middleware.o(.text.BMI088_com_init)
    BMI088_delay_ms                          0x08000501   Thumb Code    38  bmi088middleware.o(.text.BMI088_delay_ms)
    BMI088_delay_us                          0x08000529   Thumb Code   142  bmi088middleware.o(.text.BMI088_delay_us)
    BMI088_read                              0x080005b9   Thumb Code   182  dvc_bmi088.o(.text.BMI088_read)
    BMI088_read_write_byte                   0x080006d9   Thumb Code    46  bmi088middleware.o(.text.BMI088_read_write_byte)
    Booster_Control                          0x08000729   Thumb Code   112  booster_dm.o(.text.Booster_Control)
    Booster_Control_MIT                      0x0800079d   Thumb Code    92  booster_dm.o(.text.Booster_Control_MIT)
    Booster_Init                             0x080007f9   Thumb Code   124  booster_dm.o(.text.Booster_Init)
    Booster_Task                             0x08000881   Thumb Code   136  task.o(.text.Booster_Task)
    BusFault_Handler                         0x08000915   Thumb Code     4  stm32f4xx_it.o(.text.BusFault_Handler)
    CAN1_Callback                            0x08000919   Thumb Code    16  task.o(.text.CAN1_Callback)
    CAN1_RX0_IRQHandler                      0x08000929   Thumb Code    16  stm32f4xx_it.o(.text.CAN1_RX0_IRQHandler)
    CAN1_RX1_IRQHandler                      0x08000939   Thumb Code    16  stm32f4xx_it.o(.text.CAN1_RX1_IRQHandler)
    CAN2_Callback                            0x08000949   Thumb Code   144  task.o(.text.CAN2_Callback)
    CAN2_RX0_IRQHandler                      0x080009d9   Thumb Code    16  stm32f4xx_it.o(.text.CAN2_RX0_IRQHandler)
    CAN2_RX1_IRQHandler                      0x080009e9   Thumb Code    16  stm32f4xx_it.o(.text.CAN2_RX1_IRQHandler)
    CAN_Init                                 0x080009f9   Thumb Code   168  drv_can.o(.text.CAN_Init)
    CAN_Send_Clear_Error                     0x08000aa1   Thumb Code    34  dvc_motor_dm.o(.text.CAN_Send_Clear_Error)
    CAN_Send_Data                            0x08000ac5   Thumb Code    52  drv_can.o(.text.CAN_Send_Data)
    CAN_Send_Enter                           0x08000af9   Thumb Code    34  dvc_motor_dm.o(.text.CAN_Send_Enter)
    Chassis_Control                          0x08000b1d   Thumb Code   142  task.o(.text.Chassis_Control)
    Chassis_Init                             0x08000bad   Thumb Code   264  chassis.o(.text.Chassis_Init)
    Chassis_Task                             0x08000cc9   Thumb Code    44  task.o(.text.Chassis_Task)
    DMA1_Stream1_IRQHandler                  0x08000cf5   Thumb Code    16  stm32f4xx_it.o(.text.DMA1_Stream1_IRQHandler)
    DMA2_Stream1_IRQHandler                  0x08000d05   Thumb Code    16  stm32f4xx_it.o(.text.DMA2_Stream1_IRQHandler)
    DMA2_Stream2_IRQHandler                  0x08000d15   Thumb Code    16  stm32f4xx_it.o(.text.DMA2_Stream2_IRQHandler)
    DMA2_Stream3_IRQHandler                  0x08000d25   Thumb Code    16  stm32f4xx_it.o(.text.DMA2_Stream3_IRQHandler)
    DMA2_Stream6_IRQHandler                  0x08000d35   Thumb Code    16  stm32f4xx_it.o(.text.DMA2_Stream6_IRQHandler)
    DR16_Data_Process                        0x08000edd   Thumb Code   294  dvc_dr16.o(.text.DR16_Data_Process)
    DR16_Init                                0x08001005   Thumb Code    64  dvc_dr16.o(.text.DR16_Init)
    DR16_UART_RxCpltCallback                 0x08001045   Thumb Code    24  dvc_dr16.o(.text.DR16_UART_RxCpltCallback)
    Data_Process                             0x0800105d   Thumb Code   356  dvc_motor_dm.o(.text.Data_Process)
    DebugMon_Handler                         0x080011cd   Thumb Code     2  stm32f4xx_it.o(.text.DebugMon_Handler)
    Error_Handler                            0x080011d1   Thumb Code     6  main.o(.text.Error_Handler)
    HAL_CAN_AddTxMessage                     0x080011d9   Thumb Code   342  stm32f4xx_hal_can.o(.text.HAL_CAN_AddTxMessage)
    HAL_CAN_ConfigFilter                     0x08001331   Thumb Code   420  stm32f4xx_hal_can.o(.text.HAL_CAN_ConfigFilter)
    HAL_CAN_ErrorCallback                    0x080014d5   Thumb Code     8  stm32f4xx_hal_can.o(.text.HAL_CAN_ErrorCallback)
    HAL_CAN_GetRxMessage                     0x080014dd   Thumb Code   530  stm32f4xx_hal_can.o(.text.HAL_CAN_GetRxMessage)
    HAL_CAN_IRQHandler                       0x080016f1   Thumb Code  1010  stm32f4xx_hal_can.o(.text.HAL_CAN_IRQHandler)
    HAL_CAN_Init                             0x08001ae5   Thumb Code   478  stm32f4xx_hal_can.o(.text.HAL_CAN_Init)
    HAL_CAN_MspInit                          0x08001cc5   Thumb Code   424  can.o(.text.HAL_CAN_MspInit)
    HAL_CAN_RxFifo0FullCallback              0x08001e6d   Thumb Code     8  stm32f4xx_hal_can.o(.text.HAL_CAN_RxFifo0FullCallback)
    HAL_CAN_RxFifo0MsgPendingCallback        0x08001e75   Thumb Code   148  drv_can.o(.text.HAL_CAN_RxFifo0MsgPendingCallback)
    HAL_CAN_RxFifo1FullCallback              0x08001f09   Thumb Code     8  stm32f4xx_hal_can.o(.text.HAL_CAN_RxFifo1FullCallback)
    HAL_CAN_RxFifo1MsgPendingCallback        0x08001f11   Thumb Code   148  drv_can.o(.text.HAL_CAN_RxFifo1MsgPendingCallback)
    HAL_CAN_SleepCallback                    0x08001fa5   Thumb Code     8  stm32f4xx_hal_can.o(.text.HAL_CAN_SleepCallback)
    HAL_CAN_Start                            0x08001fad   Thumb Code   138  stm32f4xx_hal_can.o(.text.HAL_CAN_Start)
    HAL_CAN_TxMailbox0AbortCallback          0x08002039   Thumb Code     8  stm32f4xx_hal_can.o(.text.HAL_CAN_TxMailbox0AbortCallback)
    HAL_CAN_TxMailbox0CompleteCallback       0x08002041   Thumb Code     8  stm32f4xx_hal_can.o(.text.HAL_CAN_TxMailbox0CompleteCallback)
    HAL_CAN_TxMailbox1AbortCallback          0x08002049   Thumb Code     8  stm32f4xx_hal_can.o(.text.HAL_CAN_TxMailbox1AbortCallback)
    HAL_CAN_TxMailbox1CompleteCallback       0x08002051   Thumb Code     8  stm32f4xx_hal_can.o(.text.HAL_CAN_TxMailbox1CompleteCallback)
    HAL_CAN_TxMailbox2AbortCallback          0x08002059   Thumb Code     8  stm32f4xx_hal_can.o(.text.HAL_CAN_TxMailbox2AbortCallback)
    HAL_CAN_TxMailbox2CompleteCallback       0x08002061   Thumb Code     8  stm32f4xx_hal_can.o(.text.HAL_CAN_TxMailbox2CompleteCallback)
    HAL_CAN_WakeUpFromRxMsgCallback          0x08002069   Thumb Code     8  stm32f4xx_hal_can.o(.text.HAL_CAN_WakeUpFromRxMsgCallback)
    HAL_DMA_Abort                            0x08002071   Thumb Code   236  stm32f4xx_hal_dma.o(.text.HAL_DMA_Abort)
    HAL_DMA_Abort_IT                         0x0800215d   Thumb Code    68  stm32f4xx_hal_dma.o(.text.HAL_DMA_Abort_IT)
    HAL_DMA_IRQHandler                       0x080021a1   Thumb Code   798  stm32f4xx_hal_dma.o(.text.HAL_DMA_IRQHandler)
    HAL_DMA_Init                             0x080024c1   Thumb Code   366  stm32f4xx_hal_dma.o(.text.HAL_DMA_Init)
    HAL_DMA_Start_IT                         0x08002631   Thumb Code   194  stm32f4xx_hal_dma.o(.text.HAL_DMA_Start_IT)
    HAL_GPIO_Init                            0x080026f5   Thumb Code   950  stm32f4xx_hal_gpio.o(.text.HAL_GPIO_Init)
    HAL_GPIO_WritePin                        0x08002aad   Thumb Code    46  stm32f4xx_hal_gpio.o(.text.HAL_GPIO_WritePin)
    HAL_GetTick                              0x08002add   Thumb Code    12  stm32f4xx_hal.o(.text.HAL_GetTick)
    HAL_IncTick                              0x08002ae9   Thumb Code    26  stm32f4xx_hal.o(.text.HAL_IncTick)
    HAL_Init                                 0x08002b05   Thumb Code    54  stm32f4xx_hal.o(.text.HAL_Init)
    HAL_InitTick                             0x08002b3d   Thumb Code   112  stm32f4xx_hal.o(.text.HAL_InitTick)
    HAL_MspInit                              0x08002bad   Thumb Code    74  stm32f4xx_hal_msp.o(.text.HAL_MspInit)
    HAL_NVIC_EnableIRQ                       0x08002bf9   Thumb Code    20  stm32f4xx_hal_cortex.o(.text.HAL_NVIC_EnableIRQ)
    HAL_NVIC_SetPriority                     0x08002c0d   Thumb Code    50  stm32f4xx_hal_cortex.o(.text.HAL_NVIC_SetPriority)
    HAL_NVIC_SetPriorityGrouping             0x08002c41   Thumb Code    16  stm32f4xx_hal_cortex.o(.text.HAL_NVIC_SetPriorityGrouping)
    HAL_RCC_ClockConfig                      0x08002c51   Thumb Code   610  stm32f4xx_hal_rcc.o(.text.HAL_RCC_ClockConfig)
    HAL_RCC_GetHCLKFreq                      0x08002eb5   Thumb Code    12  stm32f4xx_hal_rcc.o(.text.HAL_RCC_GetHCLKFreq)
    HAL_RCC_GetPCLK1Freq                     0x08002ec1   Thumb Code    34  stm32f4xx_hal_rcc.o(.text.HAL_RCC_GetPCLK1Freq)
    HAL_RCC_GetPCLK2Freq                     0x08002ee5   Thumb Code    34  stm32f4xx_hal_rcc.o(.text.HAL_RCC_GetPCLK2Freq)
    HAL_RCC_GetSysClockFreq                  0x08002f09   Thumb Code   230  stm32f4xx_hal_rcc.o(.text.HAL_RCC_GetSysClockFreq)
    HAL_RCC_OscConfig                        0x08002ff1   Thumb Code  1726  stm32f4xx_hal_rcc.o(.text.HAL_RCC_OscConfig)
    HAL_SPI_ErrorCallback                    0x080036b1   Thumb Code     8  stm32f4xx_hal_spi.o(.text.HAL_SPI_ErrorCallback)
    HAL_SPI_IRQHandler                       0x080036b9   Thumb Code   560  stm32f4xx_hal_spi.o(.text.HAL_SPI_IRQHandler)
    HAL_SPI_Init                             0x080038e9   Thumb Code   258  stm32f4xx_hal_spi.o(.text.HAL_SPI_Init)
    HAL_SPI_MspInit                          0x080039ed   Thumb Code   422  spi.o(.text.HAL_SPI_MspInit)
    HAL_SPI_TransmitReceive                  0x08003b95   Thumb Code   930  stm32f4xx_hal_spi.o(.text.HAL_SPI_TransmitReceive)
    HAL_SYSTICK_Config                       0x08003f39   Thumb Code    16  stm32f4xx_hal_cortex.o(.text.HAL_SYSTICK_Config)
    HAL_TIMEx_BreakCallback                  0x08003f49   Thumb Code     8  stm32f4xx_hal_tim_ex.o(.text.HAL_TIMEx_BreakCallback)
    HAL_TIMEx_CommutCallback                 0x08003f51   Thumb Code     8  stm32f4xx_hal_tim_ex.o(.text.HAL_TIMEx_CommutCallback)
    HAL_TIMEx_MasterConfigSynchronization    0x08003f59   Thumb Code   290  stm32f4xx_hal_tim_ex.o(.text.HAL_TIMEx_MasterConfigSynchronization)
    HAL_TIM_Base_Init                        0x0800407d   Thumb Code   156  stm32f4xx_hal_tim.o(.text.HAL_TIM_Base_Init)
    HAL_TIM_Base_MspInit                     0x08004119   Thumb Code    82  tim.o(.text.HAL_TIM_Base_MspInit)
    HAL_TIM_Base_Start_IT                    0x0800416d   Thumb Code   246  stm32f4xx_hal_tim.o(.text.HAL_TIM_Base_Start_IT)
    HAL_TIM_ConfigClockSource                0x08004265   Thumb Code   388  stm32f4xx_hal_tim.o(.text.HAL_TIM_ConfigClockSource)
    HAL_TIM_IC_CaptureCallback               0x080043e9   Thumb Code     8  stm32f4xx_hal_tim.o(.text.HAL_TIM_IC_CaptureCallback)
    HAL_TIM_IRQHandler                       0x080043f1   Thumb Code   538  stm32f4xx_hal_tim.o(.text.HAL_TIM_IRQHandler)
    HAL_TIM_OC_DelayElapsedCallback          0x0800460d   Thumb Code     8  stm32f4xx_hal_tim.o(.text.HAL_TIM_OC_DelayElapsedCallback)
    HAL_TIM_PWM_PulseFinishedCallback        0x08004615   Thumb Code     8  stm32f4xx_hal_tim.o(.text.HAL_TIM_PWM_PulseFinishedCallback)
    HAL_TIM_PeriodElapsedCallback            0x0800461d   Thumb Code   700  drv_tim.o(.text.HAL_TIM_PeriodElapsedCallback)
    HAL_TIM_TriggerCallback                  0x080048d9   Thumb Code     8  stm32f4xx_hal_tim.o(.text.HAL_TIM_TriggerCallback)
    HAL_UARTEx_ReceiveToIdle_DMA             0x080048e1   Thumb Code   194  stm32f4xx_hal_uart.o(.text.HAL_UARTEx_ReceiveToIdle_DMA)
    HAL_UARTEx_RxEventCallback               0x080049a5   Thumb Code   492  drv_usart.o(.text.HAL_UARTEx_RxEventCallback)
    HAL_UART_ErrorCallback                   0x08004b91   Thumb Code   260  drv_usart.o(.text.HAL_UART_ErrorCallback)
    HAL_UART_IRQHandler                      0x08004c95   Thumb Code  1068  stm32f4xx_hal_uart.o(.text.HAL_UART_IRQHandler)
    HAL_UART_Init                            0x080050c1   Thumb Code   158  stm32f4xx_hal_uart.o(.text.HAL_UART_Init)
    HAL_UART_MspInit                         0x08005161   Thumb Code   548  usart.o(.text.HAL_UART_MspInit)
    HAL_UART_RxCpltCallback                  0x08005385   Thumb Code     8  stm32f4xx_hal_uart.o(.text.HAL_UART_RxCpltCallback)
    HAL_UART_RxHalfCpltCallback              0x0800538d   Thumb Code     8  stm32f4xx_hal_uart.o(.text.HAL_UART_RxHalfCpltCallback)
    HAL_UART_TxCpltCallback                  0x08005395   Thumb Code     8  stm32f4xx_hal_uart.o(.text.HAL_UART_TxCpltCallback)
    HardFault_Handler                        0x0800539d   Thumb Code     4  stm32f4xx_it.o(.text.HardFault_Handler)
    Inverse_Kinematics                       0x080053a1   Thumb Code   960  chassis.o(.text.Inverse_Kinematics)
    MX_CAN1_Init                             0x08005781   Thumb Code    78  can.o(.text.MX_CAN1_Init)
    MX_CAN2_Init                             0x080057d1   Thumb Code    78  can.o(.text.MX_CAN2_Init)
    MX_DMA_Init                              0x08005821   Thumb Code   168  dma.o(.text.MX_DMA_Init)
    MX_GPIO_Init                             0x080058c9   Thumb Code   332  gpio.o(.text.MX_GPIO_Init)
    MX_SPI1_Init                             0x08005a15   Thumb Code    82  spi.o(.text.MX_SPI1_Init)
    MX_TIM3_Init                             0x08005a69   Thumb Code   132  tim.o(.text.MX_TIM3_Init)
    MX_USART3_UART_Init                      0x08005aed   Thumb Code    76  usart.o(.text.MX_USART3_UART_Init)
    MX_USART6_UART_Init                      0x08005b39   Thumb Code    68  usart.o(.text.MX_USART6_UART_Init)
    Math_Abs                                 0x08005b7d   Thumb Code    54  drv_math.o(.text.Math_Abs)
    Math_Constrain                           0x08005bb5   Thumb Code    84  drv_math.o(.text.Math_Constrain)
    Math_Endian_Reverse_16                   0x08005c09   Thumb Code    64  drv_math.o(.text.Math_Endian_Reverse_16)
    Math_Float_To_Int                        0x08005c49   Thumb Code    94  drv_math.o(.text.Math_Float_To_Int)
    Math_Int_To_Float                        0x08005ca9   Thumb Code    86  drv_math.o(.text.Math_Int_To_Float)
    MemManage_Handler                        0x08005d01   Thumb Code     4  stm32f4xx_it.o(.text.MemManage_Handler)
    Motor_DJI_Control                        0x08005d05   Thumb Code   448  dvc_motor_dji.o(.text.Motor_DJI_Control)
    Motor_DJI_Data_Process                   0x08005ec9   Thumb Code   312  dvc_motor_dji.o(.text.Motor_DJI_Data_Process)
    Motor_DJI_Init                           0x0800601d   Thumb Code    50  dvc_motor_dji.o(.text.Motor_DJI_Init)
    Motor_DJI_Power_Limit_Control            0x08006051   Thumb Code   548  dvc_motor_dji.o(.text.Motor_DJI_Power_Limit_Control)
    Motor_DM_Callback                        0x08006285   Thumb Code    22  dvc_motor_dm.o(.text.Motor_DM_Callback)
    Motor_DM_Control                         0x0800629d   Thumb Code   172  dvc_motor_dm.o(.text.Motor_DM_Control)
    Motor_DM_Init                            0x08006351   Thumb Code   212  dvc_motor_dm.o(.text.Motor_DM_Init)
    NMI_Handler                              0x08006425   Thumb Code     4  stm32f4xx_it.o(.text.NMI_Handler)
    Output                                   0x08006495   Thumb Code   340  dvc_motor_dm.o(.text.Output)
    PID_Caculate                             0x080065f1   Thumb Code   302  alg_pid.o(.text.PID_Caculate)
    PID_Get_Output                           0x08006721   Thumb Code    14  alg_pid.o(.text.PID_Get_Output)
    PID_Init                                 0x08006731   Thumb Code    94  alg_pid.o(.text.PID_Init)
    PID_Set_Now                              0x08006791   Thumb Code    18  alg_pid.o(.text.PID_Set_Now)
    PID_Set_Target                           0x080067a5   Thumb Code    18  alg_pid.o(.text.PID_Set_Target)
    PendSV_Handler                           0x080067b9   Thumb Code     2  stm32f4xx_it.o(.text.PendSV_Handler)
    Power_Limit_Control                      0x080067bd   Thumb Code   300  chassis.o(.text.Power_Limit_Control)
    SPI1_IRQHandler                          0x080068e9   Thumb Code    16  stm32f4xx_it.o(.text.SPI1_IRQHandler)
    SVC_Handler                              0x08006b11   Thumb Code     2  stm32f4xx_it.o(.text.SVC_Handler)
    Set_Control_Angle                        0x08006b15   Thumb Code    20  dvc_motor_dm.o(.text.Set_Control_Angle)
    Set_Control_Omega                        0x08006b29   Thumb Code    20  dvc_motor_dm.o(.text.Set_Control_Omega)
    Set_Control_Torque                       0x08006b3d   Thumb Code    20  dvc_motor_dm.o(.text.Set_Control_Torque)
    Set_K_D                                  0x08006b51   Thumb Code    20  dvc_motor_dm.o(.text.Set_K_D)
    Set_K_P                                  0x08006b65   Thumb Code    20  dvc_motor_dm.o(.text.Set_K_P)
    Slave_Board_Callback                     0x08006b79   Thumb Code    24  slave.o(.text.Slave_Board_Callback)
    Slave_Board_Init                         0x08006b91   Thumb Code    26  slave.o(.text.Slave_Board_Init)
    Slave_Data_Process                       0x08006bad   Thumb Code    70  slave.o(.text.Slave_Data_Process)
    Slave_Task                               0x08006bf9   Thumb Code   240  task.o(.text.Slave_Task)
    SysTick_Handler                          0x08006d45   Thumb Code     8  stm32f4xx_it.o(.text.SysTick_Handler)
    SystemClock_Config                       0x08006d4d   Thumb Code   188  main.o(.text.SystemClock_Config)
    SystemInit                               0x08006e09   Thumb Code    18  system_stm32f4xx.o(.text.SystemInit)
    TIM3_Callback                            0x08006e1d   Thumb Code    16  task.o(.text.TIM3_Callback)
    TIM3_IRQHandler                          0x08006e2d   Thumb Code    16  stm32f4xx_it.o(.text.TIM3_IRQHandler)
    TIM_Base_SetConfig                       0x08006e3d   Thumb Code   432  stm32f4xx_hal_tim.o(.text.TIM_Base_SetConfig)
    TIM_ETR_SetConfig                        0x08006fed   Thumb Code    52  stm32f4xx_hal_tim.o(.text.TIM_ETR_SetConfig)
    TIM_Init                                 0x0800704d   Thumb Code   532  drv_tim.o(.text.TIM_Init)
    Task_Init                                0x08007305   Thumb Code   100  task.o(.text.Task_Init)
    UART_Init                                0x08007621   Thumb Code   374  drv_usart.o(.text.UART_Init)
    UART_Start_Receive_DMA                   0x08007a41   Thumb Code   268  stm32f4xx_hal_uart.o(.text.UART_Start_Receive_DMA)
    USART6_IRQHandler                        0x08007be1   Thumb Code    16  stm32f4xx_it.o(.text.USART6_IRQHandler)
    UsageFault_Handler                       0x08007bf1   Thumb Code     4  stm32f4xx_it.o(.text.UsageFault_Handler)
    __Wheel_Power_Limit_Control              0x08007cb5   Thumb Code    64  chassis.o(.text.__Wheel_Power_Limit_Control)
    arm_cos_f32                              0x08007cf5   Thumb Code   152  arm_cos_f32.o(.text.arm_cos_f32)
    arm_sin_f32                              0x08007d8d   Thumb Code   144  arm_sin_f32.o(.text.arm_sin_f32)
    bmi088_accel_init                        0x08007e1d   Thumb Code   398  dvc_bmi088.o(.text.bmi088_accel_init)
    bmi088_gyro_init                         0x08007fad   Thumb Code   326  dvc_bmi088.o(.text.bmi088_gyro_init)
    can_filter_mask_config                   0x080080f5   Thumb Code   160  drv_can.o(.text.can_filter_mask_config)
    main                                     0x08008195   Thumb Code    56  main.o(.text.main)
    power_calculate                          0x080081cd   Thumb Code    90  dvc_motor_dji.o(.text.power_calculate)
    __hardfp_sqrtf                           0x08008227   Thumb Code    58  sqrtf.o(i.__hardfp_sqrtf)
    __aeabi_d2f                              0x08008261   Thumb Code     0  d2f.o(x$fpl$d2f)
    _d2f                                     0x08008261   Thumb Code    98  d2f.o(x$fpl$d2f)
    __aeabi_dadd                             0x080082c5   Thumb Code     0  daddsub_clz.o(x$fpl$dadd)
    _dadd                                    0x080082c5   Thumb Code   332  daddsub_clz.o(x$fpl$dadd)
    __aeabi_ddiv                             0x08008415   Thumb Code     0  ddiv.o(x$fpl$ddiv)
    _ddiv                                    0x08008415   Thumb Code   560  ddiv.o(x$fpl$ddiv)
    __aeabi_i2d                              0x080086cd   Thumb Code     0  dflt_clz.o(x$fpl$dflt)
    _dflt                                    0x080086cd   Thumb Code    46  dflt_clz.o(x$fpl$dflt)
    __aeabi_dmul                             0x080086fd   Thumb Code     0  dmul.o(x$fpl$dmul)
    _dmul                                    0x080086fd   Thumb Code   332  dmul.o(x$fpl$dmul)
    __fpl_dnaninf                            0x08008851   Thumb Code   156  dnaninf.o(x$fpl$dnaninf)
    __fpl_dretinf                            0x080088ed   Thumb Code    12  dretinf.o(x$fpl$dretinf)
    __aeabi_dsub                             0x080088f9   Thumb Code     0  daddsub_clz.o(x$fpl$dsub)
    _dsub                                    0x080088f9   Thumb Code   472  daddsub_clz.o(x$fpl$dsub)
    __aeabi_f2d                              0x08008ad5   Thumb Code     0  f2d.o(x$fpl$f2d)
    _f2d                                     0x08008ad5   Thumb Code    86  f2d.o(x$fpl$f2d)
    __fpl_fnaninf                            0x08008b2b   Thumb Code   140  fnaninf.o(x$fpl$fnaninf)
    _fp_init                                 0x08008bb7   Thumb Code    26  fpinit.o(x$fpl$fpinit)
    __fplib_config_fpu_vfp                   0x08008bcf   Thumb Code     0  fpinit.o(x$fpl$fpinit)
    __fplib_config_pureend_doubles           0x08008bcf   Thumb Code     0  fpinit.o(x$fpl$fpinit)
    __fpl_fretinf                            0x08008bd1   Thumb Code    10  fretinf.o(x$fpl$fretinf)
    AHBPrescTable                            0x08008bda   Data          16  system_stm32f4xx.o(.rodata.AHBPrescTable)
    __I$use$fp                               0x08008bda   Number         0  usenofp.o(x$fpl$usenofp)
    APBPrescTable                            0x08008bea   Data           8  system_stm32f4xx.o(.rodata.APBPrescTable)
    sinTable_f32                             0x08008bfc   Data        2052  arm_common_tables.o(.rodata.sinTable_f32)
    Region$$Table$$Base                      0x08009400   Number         0  anon$$obj.o(Region$$Table)
    Region$$Table$$Limit                     0x08009420   Number         0  anon$$obj.o(Region$$Table)
    BMI088_GYRO_SEN                          0x20000000   Data           4  dvc_bmi088.o(.data.BMI088_GYRO_SEN)
    DM_Motor_CAN_Message_Clear_Error         0x20000004   Data           8  dvc_motor_dm.o(.data.DM_Motor_CAN_Message_Clear_Error)
    DM_Motor_CAN_Message_Enter               0x2000000c   Data           8  dvc_motor_dm.o(.data.DM_Motor_CAN_Message_Enter)
    SystemCoreClock                          0x20000014   Data           4  system_stm32f4xx.o(.data.SystemCoreClock)
    uwTickFreq                               0x20000018   Data           1  stm32f4xx_hal.o(.data.uwTickFreq)
    uwTickPrio                               0x2000001c   Data           4  stm32f4xx_hal.o(.data.uwTickPrio)
    __libspace_start                         0x20000048   Data          96  libspace.o(.bss)
    BMI088                                   0x200000a8   Data          40  dvc_bmi088.o(.bss.BMI088)
    __temporary_stack_top$libspace           0x200000a8   Data           0  libspace.o(.bss)
    CAN1_Manage_Object                       0x200000d0   Data          44  drv_can.o(.bss.CAN1_Manage_Object)
    CAN2_0x200_Tx_Data                       0x200000fc   Data           8  drv_can.o(.bss.CAN2_0x200_Tx_Data)
    CAN2_Manage_Object                       0x20000104   Data          44  drv_can.o(.bss.CAN2_Manage_Object)
    DR16                                     0x20000130   Data          63  dvc_dr16.o(.bss.DR16)
    Motor_DM                                 0x20000174   Data         236  dvc_motor_dm.o(.bss.Motor_DM)
    Slave                                    0x20000260   Data          40  slave.o(.bss.Slave)
    TIM10_Manage_Object                      0x20000288   Data           8  drv_tim.o(.bss.TIM10_Manage_Object)
    TIM11_Manage_Object                      0x20000290   Data           8  drv_tim.o(.bss.TIM11_Manage_Object)
    TIM12_Manage_Object                      0x20000298   Data           8  drv_tim.o(.bss.TIM12_Manage_Object)
    TIM13_Manage_Object                      0x200002a0   Data           8  drv_tim.o(.bss.TIM13_Manage_Object)
    TIM14_Manage_Object                      0x200002a8   Data           8  drv_tim.o(.bss.TIM14_Manage_Object)
    TIM1_Manage_Object                       0x200002b0   Data           8  drv_tim.o(.bss.TIM1_Manage_Object)
    TIM2_Manage_Object                       0x200002b8   Data           8  drv_tim.o(.bss.TIM2_Manage_Object)
    TIM3_Manage_Object                       0x200002c0   Data           8  drv_tim.o(.bss.TIM3_Manage_Object)
    TIM4_Manage_Object                       0x200002c8   Data           8  drv_tim.o(.bss.TIM4_Manage_Object)
    TIM5_Manage_Object                       0x200002d0   Data           8  drv_tim.o(.bss.TIM5_Manage_Object)
    TIM6_Manage_Object                       0x200002d8   Data           8  drv_tim.o(.bss.TIM6_Manage_Object)
    TIM7_Manage_Object                       0x200002e0   Data           8  drv_tim.o(.bss.TIM7_Manage_Object)
    TIM8_Manage_Object                       0x200002e8   Data           8  drv_tim.o(.bss.TIM8_Manage_Object)
    TIM9_Manage_Object                       0x200002f0   Data           8  drv_tim.o(.bss.TIM9_Manage_Object)
    UART1_Manage_Object                      0x200002f8   Data         268  drv_usart.o(.bss.UART1_Manage_Object)
    UART2_Manage_Object                      0x20000404   Data         268  drv_usart.o(.bss.UART2_Manage_Object)
    UART3_Manage_Object                      0x20000510   Data         268  drv_usart.o(.bss.UART3_Manage_Object)
    UART4_Manage_Object                      0x2000061c   Data         268  drv_usart.o(.bss.UART4_Manage_Object)
    UART5_Manage_Object                      0x20000728   Data         268  drv_usart.o(.bss.UART5_Manage_Object)
    UART6_Manage_Object                      0x20000834   Data         268  drv_usart.o(.bss.UART6_Manage_Object)
    angle                                    0x20000940   Data           4  task.o(.bss.angle)
    chassis                                  0x20000944   Data        1060  chassis.o(.bss.chassis)
    hcan1                                    0x20000d68   Data          40  can.o(.bss.hcan1)
    hcan2                                    0x20000d90   Data          40  can.o(.bss.hcan2)
    hdma_spi1_rx                             0x20000db8   Data          96  spi.o(.bss.hdma_spi1_rx)
    hdma_spi1_tx                             0x20000e18   Data          96  spi.o(.bss.hdma_spi1_tx)
    hdma_usart3_rx                           0x20000e78   Data          96  usart.o(.bss.hdma_usart3_rx)
    hdma_usart6_rx                           0x20000ed8   Data          96  usart.o(.bss.hdma_usart6_rx)
    hdma_usart6_tx                           0x20000f38   Data          96  usart.o(.bss.hdma_usart6_tx)
    hspi1                                    0x20000f98   Data          88  spi.o(.bss.hspi1)
    htim3                                    0x20000ff0   Data          72  tim.o(.bss.htim3)
    huart3                                   0x20001038   Data          72  usart.o(.bss.huart3)
    huart6                                   0x20001080   Data          72  usart.o(.bss.huart6)
    uwTick                                   0x200010c8   Data           4  stm32f4xx_hal.o(.bss.uwTick)



==============================================================================

Memory Map of the image

  Image Entry point : 0x08000189

  Load Region LR_IROM1 (Base: 0x08000000, Size: 0x00009468, Max: 0x00100000, ABSOLUTE)

    Execution Region ER_IROM1 (Exec base: 0x08000000, Load base: 0x08000000, Size: 0x00009420, Max: 0x00100000, ABSOLUTE)

    Exec Addr    Load Addr    Size         Type   Attr      Idx    E Section Name        Object

    0x08000000   0x08000000   0x00000188   Data   RO            3    RESET               startup_stm32f407xx.o
    0x08000188   0x08000188   0x00000008   Code   RO         1795  * !!!main             c_w.l(__main.o)
    0x08000190   0x08000190   0x0000005c   Code   RO         2187    !!!scatter          c_w.l(__scatter.o)
    0x080001ec   0x080001ec   0x0000001a   Code   RO         2191    !!handler_copy      c_w.l(__scatter_copy.o)
    0x08000206   0x08000206   0x00000002   PAD
    0x08000208   0x08000208   0x00000002   Code   RO         2188    !!handler_null      c_w.l(__scatter.o)
    0x0800020a   0x0800020a   0x00000002   PAD
    0x0800020c   0x0800020c   0x0000001c   Code   RO         2193    !!handler_zi        c_w.l(__scatter_zi.o)
    0x08000228   0x08000228   0x00000002   Code   RO         1918    .ARM.Collect$$libinit$$00000000  c_w.l(libinit.o)
    0x0800022a   0x0800022a   0x00000004   Code   RO         1939    .ARM.Collect$$libinit$$00000001  c_w.l(libinit2.o)
    0x0800022e   0x0800022e   0x00000000   Code   RO         1942    .ARM.Collect$$libinit$$00000004  c_w.l(libinit2.o)
    0x0800022e   0x0800022e   0x00000000   Code   RO         1944    .ARM.Collect$$libinit$$00000006  c_w.l(libinit2.o)
    0x0800022e   0x0800022e   0x00000000   Code   RO         1947    .ARM.Collect$$libinit$$0000000C  c_w.l(libinit2.o)
    0x0800022e   0x0800022e   0x00000000   Code   RO         1949    .ARM.Collect$$libinit$$0000000E  c_w.l(libinit2.o)
    0x0800022e   0x0800022e   0x00000000   Code   RO         1951    .ARM.Collect$$libinit$$00000010  c_w.l(libinit2.o)
    0x0800022e   0x0800022e   0x00000000   Code   RO         1954    .ARM.Collect$$libinit$$00000013  c_w.l(libinit2.o)
    0x0800022e   0x0800022e   0x00000000   Code   RO         1956    .ARM.Collect$$libinit$$00000015  c_w.l(libinit2.o)
    0x0800022e   0x0800022e   0x00000000   Code   RO         1958    .ARM.Collect$$libinit$$00000017  c_w.l(libinit2.o)
    0x0800022e   0x0800022e   0x00000000   Code   RO         1960    .ARM.Collect$$libinit$$00000019  c_w.l(libinit2.o)
    0x0800022e   0x0800022e   0x00000000   Code   RO         1962    .ARM.Collect$$libinit$$0000001B  c_w.l(libinit2.o)
    0x0800022e   0x0800022e   0x00000000   Code   RO         1964    .ARM.Collect$$libinit$$0000001D  c_w.l(libinit2.o)
    0x0800022e   0x0800022e   0x00000000   Code   RO         1966    .ARM.Collect$$libinit$$0000001F  c_w.l(libinit2.o)
    0x0800022e   0x0800022e   0x00000000   Code   RO         1968    .ARM.Collect$$libinit$$00000021  c_w.l(libinit2.o)
    0x0800022e   0x0800022e   0x00000000   Code   RO         1970    .ARM.Collect$$libinit$$00000023  c_w.l(libinit2.o)
    0x0800022e   0x0800022e   0x00000000   Code   RO         1972    .ARM.Collect$$libinit$$00000025  c_w.l(libinit2.o)
    0x0800022e   0x0800022e   0x00000000   Code   RO         1974    .ARM.Collect$$libinit$$00000027  c_w.l(libinit2.o)
    0x0800022e   0x0800022e   0x00000000   Code   RO         1978    .ARM.Collect$$libinit$$0000002E  c_w.l(libinit2.o)
    0x0800022e   0x0800022e   0x00000000   Code   RO         1980    .ARM.Collect$$libinit$$00000030  c_w.l(libinit2.o)
    0x0800022e   0x0800022e   0x00000000   Code   RO         1982    .ARM.Collect$$libinit$$00000032  c_w.l(libinit2.o)
    0x0800022e   0x0800022e   0x00000000   Code   RO         1984    .ARM.Collect$$libinit$$00000034  c_w.l(libinit2.o)
    0x0800022e   0x0800022e   0x00000002   Code   RO         1985    .ARM.Collect$$libinit$$00000035  c_w.l(libinit2.o)
    0x08000230   0x08000230   0x00000002   Code   RO         2107    .ARM.Collect$$libshutdown$$00000000  c_w.l(libshutdown.o)
    0x08000232   0x08000232   0x00000000   Code   RO         2150    .ARM.Collect$$libshutdown$$00000002  c_w.l(libshutdown2.o)
    0x08000232   0x08000232   0x00000000   Code   RO         2152    .ARM.Collect$$libshutdown$$00000004  c_w.l(libshutdown2.o)
    0x08000232   0x08000232   0x00000000   Code   RO         2155    .ARM.Collect$$libshutdown$$00000007  c_w.l(libshutdown2.o)
    0x08000232   0x08000232   0x00000000   Code   RO         2158    .ARM.Collect$$libshutdown$$0000000A  c_w.l(libshutdown2.o)
    0x08000232   0x08000232   0x00000000   Code   RO         2160    .ARM.Collect$$libshutdown$$0000000C  c_w.l(libshutdown2.o)
    0x08000232   0x08000232   0x00000000   Code   RO         2163    .ARM.Collect$$libshutdown$$0000000F  c_w.l(libshutdown2.o)
    0x08000232   0x08000232   0x00000002   Code   RO         2164    .ARM.Collect$$libshutdown$$00000010  c_w.l(libshutdown2.o)
    0x08000234   0x08000234   0x00000000   Code   RO         1837    .ARM.Collect$$rtentry$$00000000  c_w.l(__rtentry.o)
    0x08000234   0x08000234   0x00000000   Code   RO         1872    .ARM.Collect$$rtentry$$00000002  c_w.l(__rtentry2.o)
    0x08000234   0x08000234   0x00000006   Code   RO         1884    .ARM.Collect$$rtentry$$00000004  c_w.l(__rtentry4.o)
    0x0800023a   0x0800023a   0x00000000   Code   RO         1874    .ARM.Collect$$rtentry$$00000009  c_w.l(__rtentry2.o)
    0x0800023a   0x0800023a   0x00000004   Code   RO         1875    .ARM.Collect$$rtentry$$0000000A  c_w.l(__rtentry2.o)
    0x0800023e   0x0800023e   0x00000000   Code   RO         1877    .ARM.Collect$$rtentry$$0000000C  c_w.l(__rtentry2.o)
    0x0800023e   0x0800023e   0x00000008   Code   RO         1878    .ARM.Collect$$rtentry$$0000000D  c_w.l(__rtentry2.o)
    0x08000246   0x08000246   0x00000002   Code   RO         1921    .ARM.Collect$$rtexit$$00000000  c_w.l(rtexit.o)
    0x08000248   0x08000248   0x00000000   Code   RO         1991    .ARM.Collect$$rtexit$$00000002  c_w.l(rtexit2.o)
    0x08000248   0x08000248   0x00000004   Code   RO         1992    .ARM.Collect$$rtexit$$00000003  c_w.l(rtexit2.o)
    0x0800024c   0x0800024c   0x00000006   Code   RO         1993    .ARM.Collect$$rtexit$$00000004  c_w.l(rtexit2.o)
    0x08000252   0x08000252   0x00000002   PAD
    0x08000254   0x08000254   0x00000040   Code   RO            4    .text               startup_stm32f407xx.o
    0x08000294   0x08000294   0x000000f0   Code   RO         1789    .text               c_w.l(lludivv7m.o)
    0x08000384   0x08000384   0x0000004e   Code   RO         1791    .text               c_w.l(rt_memclr_w.o)
    0x080003d2   0x080003d2   0x00000006   Code   RO         1793    .text               c_w.l(heapauxi.o)
    0x080003d8   0x080003d8   0x00000016   Code   RO         1842    .text               c_w.l(_rserrno.o)
    0x080003ee   0x080003ee   0x00000002   PAD
    0x080003f0   0x080003f0   0x00000008   Code   RO         1891    .text               c_w.l(rt_errno_addr_intlibspace.o)
    0x080003f8   0x080003f8   0x00000008   Code   RO         1895    .text               c_w.l(libspace.o)
    0x08000400   0x08000400   0x0000004a   Code   RO         1898    .text               c_w.l(sys_stackheap_outer.o)
    0x0800044a   0x0800044a   0x00000012   Code   RO         1907    .text               c_w.l(exit.o)
    0x0800045c   0x0800045c   0x0000000c   Code   RO         1986    .text               c_w.l(sys_exit.o)
    0x08000468   0x08000468   0x00000002   Code   RO         2071    .text               c_w.l(use_no_semi.o)
    0x0800046a   0x0800046a   0x00000000   Code   RO         2073    .text               c_w.l(indicate_semi.o)
    0x0800046a   0x0800046a   0x00000002   PAD
    0x0800046c   0x0800046c   0x00000012   Code   RO          217    .text.BMI088_ACCEL_NS_H  bmi088middleware.o
    0x0800047e   0x0800047e   0x00000002   PAD
    0x08000480   0x08000480   0x00000012   Code   RO          215    .text.BMI088_ACCEL_NS_L  bmi088middleware.o
    0x08000492   0x08000492   0x00000002   PAD
    0x08000494   0x08000494   0x00000002   Code   RO          207    .text.BMI088_GPIO_init  bmi088middleware.o
    0x08000496   0x08000496   0x00000002   PAD
    0x08000498   0x08000498   0x00000014   Code   RO          221    .text.BMI088_GYRO_NS_H  bmi088middleware.o
    0x080004ac   0x080004ac   0x00000014   Code   RO          219    .text.BMI088_GYRO_NS_L  bmi088middleware.o
    0x080004c0   0x080004c0   0x0000003a   Code   RO          232    .text.BMI088_Init   dvc_bmi088.o
    0x080004fa   0x080004fa   0x00000002   PAD
    0x080004fc   0x080004fc   0x00000002   Code   RO          209    .text.BMI088_com_init  bmi088middleware.o
    0x080004fe   0x080004fe   0x00000002   PAD
    0x08000500   0x08000500   0x00000026   Code   RO          211    .text.BMI088_delay_ms  bmi088middleware.o
    0x08000526   0x08000526   0x00000002   PAD
    0x08000528   0x08000528   0x0000008e   Code   RO          213    .text.BMI088_delay_us  bmi088middleware.o
    0x080005b6   0x080005b6   0x00000002   PAD
    0x080005b8   0x080005b8   0x000000b6   Code   RO          242    .text.BMI088_read   dvc_bmi088.o
    0x0800066e   0x0800066e   0x00000002   PAD
    0x08000670   0x08000670   0x00000044   Code   RO          244    .text.BMI088_read_muli_reg  dvc_bmi088.o
    0x080006b4   0x080006b4   0x00000024   Code   RO          240    .text.BMI088_read_single_reg  dvc_bmi088.o
    0x080006d8   0x080006d8   0x0000002e   Code   RO          223    .text.BMI088_read_write_byte  bmi088middleware.o
    0x08000706   0x08000706   0x00000002   PAD
    0x08000708   0x08000708   0x00000020   Code   RO          238    .text.BMI088_write_single_reg  dvc_bmi088.o
    0x08000728   0x08000728   0x00000074   Code   RO          526    .text.Booster_Control  booster_dm.o
    0x0800079c   0x0800079c   0x0000005c   Code   RO          520    .text.Booster_Control_MIT  booster_dm.o
    0x080007f8   0x080007f8   0x00000088   Code   RO          518    .text.Booster_Init  booster_dm.o
    0x08000880   0x08000880   0x00000094   Code   RO          450    .text.Booster_Task  task.o
    0x08000914   0x08000914   0x00000004   Code   RO          115    .text.BusFault_Handler  stm32f4xx_it.o
    0x08000918   0x08000918   0x00000010   Code   RO          440    .text.CAN1_Callback  task.o
    0x08000928   0x08000928   0x00000010   Code   RO          129    .text.CAN1_RX0_IRQHandler  stm32f4xx_it.o
    0x08000938   0x08000938   0x00000010   Code   RO          131    .text.CAN1_RX1_IRQHandler  stm32f4xx_it.o
    0x08000948   0x08000948   0x00000090   Code   RO          442    .text.CAN2_Callback  task.o
    0x080009d8   0x080009d8   0x00000010   Code   RO          143    .text.CAN2_RX0_IRQHandler  stm32f4xx_it.o
    0x080009e8   0x080009e8   0x00000010   Code   RO          145    .text.CAN2_RX1_IRQHandler  stm32f4xx_it.o
    0x080009f8   0x080009f8   0x000000a8   Code   RO          316    .text.CAN_Init      drv_can.o
    0x08000aa0   0x08000aa0   0x00000022   Code   RO          488    .text.CAN_Send_Clear_Error  dvc_motor_dm.o
    0x08000ac2   0x08000ac2   0x00000002   PAD
    0x08000ac4   0x08000ac4   0x00000034   Code   RO          318    .text.CAN_Send_Data  drv_can.o
    0x08000af8   0x08000af8   0x00000022   Code   RO          486    .text.CAN_Send_Enter  dvc_motor_dm.o
    0x08000b1a   0x08000b1a   0x00000002   PAD
    0x08000b1c   0x08000b1c   0x0000008e   Code   RO          446    .text.Chassis_Control  task.o
    0x08000baa   0x08000baa   0x00000002   PAD
    0x08000bac   0x08000bac   0x0000011c   Code   RO          191    .text.Chassis_Init  chassis.o
    0x08000cc8   0x08000cc8   0x0000002c   Code   RO          448    .text.Chassis_Task  task.o
    0x08000cf4   0x08000cf4   0x00000010   Code   RO          127    .text.DMA1_Stream1_IRQHandler  stm32f4xx_it.o
    0x08000d04   0x08000d04   0x00000010   Code   RO          137    .text.DMA2_Stream1_IRQHandler  stm32f4xx_it.o
    0x08000d14   0x08000d14   0x00000010   Code   RO          139    .text.DMA2_Stream2_IRQHandler  stm32f4xx_it.o
    0x08000d24   0x08000d24   0x00000010   Code   RO          141    .text.DMA2_Stream3_IRQHandler  stm32f4xx_it.o
    0x08000d34   0x08000d34   0x00000010   Code   RO          147    .text.DMA2_Stream6_IRQHandler  stm32f4xx_it.o
    0x08000d44   0x08000d44   0x00000056   Code   RO          792    .text.DMA_CalcBaseAndBitshift  stm32f4xx_hal_dma.o
    0x08000d9a   0x08000d9a   0x00000002   PAD
    0x08000d9c   0x08000d9c   0x000000f0   Code   RO          790    .text.DMA_CheckFifoParam  stm32f4xx_hal_dma.o
    0x08000e8c   0x08000e8c   0x00000050   Code   RO          798    .text.DMA_SetConfig  stm32f4xx_hal_dma.o
    0x08000edc   0x08000edc   0x00000126   Code   RO          262    .text.DR16_Data_Process  dvc_dr16.o
    0x08001002   0x08001002   0x00000002   PAD
    0x08001004   0x08001004   0x00000040   Code   RO          258    .text.DR16_Init     dvc_dr16.o
    0x08001044   0x08001044   0x00000018   Code   RO          260    .text.DR16_UART_RxCpltCallback  dvc_dr16.o
    0x0800105c   0x0800105c   0x00000170   Code   RO          480    .text.Data_Process  dvc_motor_dm.o
    0x080011cc   0x080011cc   0x00000002   Code   RO          121    .text.DebugMon_Handler  stm32f4xx_it.o
    0x080011ce   0x080011ce   0x00000002   PAD
    0x080011d0   0x080011d0   0x00000006   Code   RO           15    .text.Error_Handler  main.o
    0x080011d6   0x080011d6   0x00000002   PAD
    0x080011d8   0x080011d8   0x00000156   Code   RO          555    .text.HAL_CAN_AddTxMessage  stm32f4xx_hal_can.o
    0x0800132e   0x0800132e   0x00000002   PAD
    0x08001330   0x08001330   0x000001a4   Code   RO          545    .text.HAL_CAN_ConfigFilter  stm32f4xx_hal_can.o
    0x080014d4   0x080014d4   0x00000008   Code   RO          599    .text.HAL_CAN_ErrorCallback  stm32f4xx_hal_can.o
    0x080014dc   0x080014dc   0x00000212   Code   RO          565    .text.HAL_CAN_GetRxMessage  stm32f4xx_hal_can.o
    0x080016ee   0x080016ee   0x00000002   PAD
    0x080016f0   0x080016f0   0x000003f2   Code   RO          573    .text.HAL_CAN_IRQHandler  stm32f4xx_hal_can.o
    0x08001ae2   0x08001ae2   0x00000002   PAD
    0x08001ae4   0x08001ae4   0x000001de   Code   RO          535    .text.HAL_CAN_Init  stm32f4xx_hal_can.o
    0x08001cc2   0x08001cc2   0x00000002   PAD
    0x08001cc4   0x08001cc4   0x000001a8   Code   RO           37    .text.HAL_CAN_MspInit  can.o
    0x08001e6c   0x08001e6c   0x00000008   Code   RO          587    .text.HAL_CAN_RxFifo0FullCallback  stm32f4xx_hal_can.o
    0x08001e74   0x08001e74   0x00000094   Code   RO          320    .text.HAL_CAN_RxFifo0MsgPendingCallback  drv_can.o
    0x08001f08   0x08001f08   0x00000008   Code   RO          591    .text.HAL_CAN_RxFifo1FullCallback  stm32f4xx_hal_can.o
    0x08001f10   0x08001f10   0x00000094   Code   RO          322    .text.HAL_CAN_RxFifo1MsgPendingCallback  drv_can.o
    0x08001fa4   0x08001fa4   0x00000008   Code   RO          595    .text.HAL_CAN_SleepCallback  stm32f4xx_hal_can.o
    0x08001fac   0x08001fac   0x0000008a   Code   RO          547    .text.HAL_CAN_Start  stm32f4xx_hal_can.o
    0x08002036   0x08002036   0x00000002   PAD
    0x08002038   0x08002038   0x00000008   Code   RO          577    .text.HAL_CAN_TxMailbox0AbortCallback  stm32f4xx_hal_can.o
    0x08002040   0x08002040   0x00000008   Code   RO          575    .text.HAL_CAN_TxMailbox0CompleteCallback  stm32f4xx_hal_can.o
    0x08002048   0x08002048   0x00000008   Code   RO          581    .text.HAL_CAN_TxMailbox1AbortCallback  stm32f4xx_hal_can.o
    0x08002050   0x08002050   0x00000008   Code   RO          579    .text.HAL_CAN_TxMailbox1CompleteCallback  stm32f4xx_hal_can.o
    0x08002058   0x08002058   0x00000008   Code   RO          585    .text.HAL_CAN_TxMailbox2AbortCallback  stm32f4xx_hal_can.o
    0x08002060   0x08002060   0x00000008   Code   RO          583    .text.HAL_CAN_TxMailbox2CompleteCallback  stm32f4xx_hal_can.o
    0x08002068   0x08002068   0x00000008   Code   RO          597    .text.HAL_CAN_WakeUpFromRxMsgCallback  stm32f4xx_hal_can.o
    0x08002070   0x08002070   0x000000ec   Code   RO          802    .text.HAL_DMA_Abort  stm32f4xx_hal_dma.o
    0x0800215c   0x0800215c   0x00000044   Code   RO          804    .text.HAL_DMA_Abort_IT  stm32f4xx_hal_dma.o
    0x080021a0   0x080021a0   0x0000031e   Code   RO          808    .text.HAL_DMA_IRQHandler  stm32f4xx_hal_dma.o
    0x080024be   0x080024be   0x00000002   PAD
    0x080024c0   0x080024c0   0x0000016e   Code   RO          788    .text.HAL_DMA_Init  stm32f4xx_hal_dma.o
    0x0800262e   0x0800262e   0x00000002   PAD
    0x08002630   0x08002630   0x000000c2   Code   RO          800    .text.HAL_DMA_Start_IT  stm32f4xx_hal_dma.o
    0x080026f2   0x080026f2   0x00000002   PAD
    0x080026f4   0x080026f4   0x000003b6   Code   RO          750    .text.HAL_GPIO_Init  stm32f4xx_hal_gpio.o
    0x08002aaa   0x08002aaa   0x00000002   PAD
    0x08002aac   0x08002aac   0x0000002e   Code   RO          756    .text.HAL_GPIO_WritePin  stm32f4xx_hal_gpio.o
    0x08002ada   0x08002ada   0x00000002   PAD
    0x08002adc   0x08002adc   0x0000000c   Code   RO          975    .text.HAL_GetTick   stm32f4xx_hal.o
    0x08002ae8   0x08002ae8   0x0000001a   Code   RO          973    .text.HAL_IncTick   stm32f4xx_hal.o
    0x08002b02   0x08002b02   0x00000002   PAD
    0x08002b04   0x08002b04   0x00000036   Code   RO          963    .text.HAL_Init      stm32f4xx_hal.o
    0x08002b3a   0x08002b3a   0x00000002   PAD
    0x08002b3c   0x08002b3c   0x00000070   Code   RO          965    .text.HAL_InitTick  stm32f4xx_hal.o
    0x08002bac   0x08002bac   0x0000004a   Code   RO          158    .text.HAL_MspInit   stm32f4xx_hal_msp.o
    0x08002bf6   0x08002bf6   0x00000002   PAD
    0x08002bf8   0x08002bf8   0x00000014   Code   RO          898    .text.HAL_NVIC_EnableIRQ  stm32f4xx_hal_cortex.o
    0x08002c0c   0x08002c0c   0x00000032   Code   RO          890    .text.HAL_NVIC_SetPriority  stm32f4xx_hal_cortex.o
    0x08002c3e   0x08002c3e   0x00000002   PAD
    0x08002c40   0x08002c40   0x00000010   Code   RO          886    .text.HAL_NVIC_SetPriorityGrouping  stm32f4xx_hal_cortex.o
    0x08002c50   0x08002c50   0x00000262   Code   RO          618    .text.HAL_RCC_ClockConfig  stm32f4xx_hal_rcc.o
    0x08002eb2   0x08002eb2   0x00000002   PAD
    0x08002eb4   0x08002eb4   0x0000000c   Code   RO          628    .text.HAL_RCC_GetHCLKFreq  stm32f4xx_hal_rcc.o
    0x08002ec0   0x08002ec0   0x00000022   Code   RO          630    .text.HAL_RCC_GetPCLK1Freq  stm32f4xx_hal_rcc.o
    0x08002ee2   0x08002ee2   0x00000002   PAD
    0x08002ee4   0x08002ee4   0x00000022   Code   RO          632    .text.HAL_RCC_GetPCLK2Freq  stm32f4xx_hal_rcc.o
    0x08002f06   0x08002f06   0x00000002   PAD
    0x08002f08   0x08002f08   0x000000e6   Code   RO          620    .text.HAL_RCC_GetSysClockFreq  stm32f4xx_hal_rcc.o
    0x08002fee   0x08002fee   0x00000002   PAD
    0x08002ff0   0x08002ff0   0x000006be   Code   RO          616    .text.HAL_RCC_OscConfig  stm32f4xx_hal_rcc.o
    0x080036ae   0x080036ae   0x00000002   PAD
    0x080036b0   0x080036b0   0x00000008   Code   RO         1136    .text.HAL_SPI_ErrorCallback  stm32f4xx_hal_spi.o
    0x080036b8   0x080036b8   0x00000230   Code   RO         1132    .text.HAL_SPI_IRQHandler  stm32f4xx_hal_spi.o
    0x080038e8   0x080038e8   0x00000102   Code   RO         1052    .text.HAL_SPI_Init  stm32f4xx_hal_spi.o
    0x080039ea   0x080039ea   0x00000002   PAD
    0x080039ec   0x080039ec   0x000001a6   Code   RO           61    .text.HAL_SPI_MspInit  spi.o
    0x08003b92   0x08003b92   0x00000002   PAD
    0x08003b94   0x08003b94   0x000003a2   Code   RO         1066    .text.HAL_SPI_TransmitReceive  stm32f4xx_hal_spi.o
    0x08003f36   0x08003f36   0x00000002   PAD
    0x08003f38   0x08003f38   0x00000010   Code   RO          910    .text.HAL_SYSTICK_Config  stm32f4xx_hal_cortex.o
    0x08003f48   0x08003f48   0x00000008   Code   RO         1492    .text.HAL_TIMEx_BreakCallback  stm32f4xx_hal_tim_ex.o
    0x08003f50   0x08003f50   0x00000008   Code   RO         1488    .text.HAL_TIMEx_CommutCallback  stm32f4xx_hal_tim_ex.o
    0x08003f58   0x08003f58   0x00000122   Code   RO         1482    .text.HAL_TIMEx_MasterConfigSynchronization  stm32f4xx_hal_tim_ex.o
    0x0800407a   0x0800407a   0x00000002   PAD
    0x0800407c   0x0800407c   0x0000009c   Code   RO         1169    .text.HAL_TIM_Base_Init  stm32f4xx_hal_tim.o
    0x08004118   0x08004118   0x00000052   Code   RO           77    .text.HAL_TIM_Base_MspInit  tim.o
    0x0800416a   0x0800416a   0x00000002   PAD
    0x0800416c   0x0800416c   0x000000f6   Code   RO         1183    .text.HAL_TIM_Base_Start_IT  stm32f4xx_hal_tim.o
    0x08004262   0x08004262   0x00000002   PAD
    0x08004264   0x08004264   0x00000184   Code   RO         1361    .text.HAL_TIM_ConfigClockSource  stm32f4xx_hal_tim.o
    0x080043e8   0x080043e8   0x00000008   Code   RO         1305    .text.HAL_TIM_IC_CaptureCallback  stm32f4xx_hal_tim.o
    0x080043f0   0x080043f0   0x0000021a   Code   RO         1303    .text.HAL_TIM_IRQHandler  stm32f4xx_hal_tim.o
    0x0800460a   0x0800460a   0x00000002   PAD
    0x0800460c   0x0800460c   0x00000008   Code   RO         1307    .text.HAL_TIM_OC_DelayElapsedCallback  stm32f4xx_hal_tim.o
    0x08004614   0x08004614   0x00000008   Code   RO         1309    .text.HAL_TIM_PWM_PulseFinishedCallback  stm32f4xx_hal_tim.o
    0x0800461c   0x0800461c   0x000002bc   Code   RO          394    .text.HAL_TIM_PeriodElapsedCallback  drv_tim.o
    0x080048d8   0x080048d8   0x00000008   Code   RO         1313    .text.HAL_TIM_TriggerCallback  stm32f4xx_hal_tim.o
    0x080048e0   0x080048e0   0x000000c2   Code   RO         1559    .text.HAL_UARTEx_ReceiveToIdle_DMA  stm32f4xx_hal_uart.o
    0x080049a2   0x080049a2   0x00000002   PAD
    0x080049a4   0x080049a4   0x000001ec   Code   RO          423    .text.HAL_UARTEx_RxEventCallback  drv_usart.o
    0x08004b90   0x08004b90   0x00000104   Code   RO          425    .text.HAL_UART_ErrorCallback  drv_usart.o
    0x08004c94   0x08004c94   0x0000042c   Code   RO         1589    .text.HAL_UART_IRQHandler  stm32f4xx_hal_uart.o
    0x080050c0   0x080050c0   0x0000009e   Code   RO         1505    .text.HAL_UART_Init  stm32f4xx_hal_uart.o
    0x0800515e   0x0800515e   0x00000002   PAD
    0x08005160   0x08005160   0x00000224   Code   RO           93    .text.HAL_UART_MspInit  usart.o
    0x08005384   0x08005384   0x00000008   Code   RO         1607    .text.HAL_UART_RxCpltCallback  stm32f4xx_hal_uart.o
    0x0800538c   0x0800538c   0x00000008   Code   RO         1609    .text.HAL_UART_RxHalfCpltCallback  stm32f4xx_hal_uart.o
    0x08005394   0x08005394   0x00000008   Code   RO         1603    .text.HAL_UART_TxCpltCallback  stm32f4xx_hal_uart.o
    0x0800539c   0x0800539c   0x00000004   Code   RO          111    .text.HardFault_Handler  stm32f4xx_it.o
    0x080053a0   0x080053a0   0x000003e0   Code   RO          193    .text.Inverse_Kinematics  chassis.o
    0x08005780   0x08005780   0x0000004e   Code   RO           33    .text.MX_CAN1_Init  can.o
    0x080057ce   0x080057ce   0x00000002   PAD
    0x080057d0   0x080057d0   0x0000004e   Code   RO           35    .text.MX_CAN2_Init  can.o
    0x0800581e   0x0800581e   0x00000002   PAD
    0x08005820   0x08005820   0x000000a8   Code   RO           51    .text.MX_DMA_Init   dma.o
    0x080058c8   0x080058c8   0x0000014c   Code   RO           25    .text.MX_GPIO_Init  gpio.o
    0x08005a14   0x08005a14   0x00000052   Code   RO           59    .text.MX_SPI1_Init  spi.o
    0x08005a66   0x08005a66   0x00000002   PAD
    0x08005a68   0x08005a68   0x00000084   Code   RO           75    .text.MX_TIM3_Init  tim.o
    0x08005aec   0x08005aec   0x0000004c   Code   RO           89    .text.MX_USART3_UART_Init  usart.o
    0x08005b38   0x08005b38   0x00000044   Code   RO           91    .text.MX_USART6_UART_Init  usart.o
    0x08005b7c   0x08005b7c   0x00000036   Code   RO          365    .text.Math_Abs      drv_math.o
    0x08005bb2   0x08005bb2   0x00000002   PAD
    0x08005bb4   0x08005bb4   0x00000054   Code   RO          363    .text.Math_Constrain  drv_math.o
    0x08005c08   0x08005c08   0x00000040   Code   RO          347    .text.Math_Endian_Reverse_16  drv_math.o
    0x08005c48   0x08005c48   0x0000005e   Code   RO          359    .text.Math_Float_To_Int  drv_math.o
    0x08005ca6   0x08005ca6   0x00000002   PAD
    0x08005ca8   0x08005ca8   0x00000056   Code   RO          361    .text.Math_Int_To_Float  drv_math.o
    0x08005cfe   0x08005cfe   0x00000002   PAD
    0x08005d00   0x08005d00   0x00000004   Code   RO          113    .text.MemManage_Handler  stm32f4xx_it.o
    0x08005d04   0x08005d04   0x000001c0   Code   RO          278    .text.Motor_DJI_Control  dvc_motor_dji.o
    0x08005ec4   0x08005ec4   0x00000004   PAD
    0x08005ec8   0x08005ec8   0x00000154   Code   RO          274    .text.Motor_DJI_Data_Process  dvc_motor_dji.o
    0x0800601c   0x0800601c   0x00000032   Code   RO          272    .text.Motor_DJI_Init  dvc_motor_dji.o
    0x0800604e   0x0800604e   0x00000002   PAD
    0x08006050   0x08006050   0x00000234   Code   RO          280    .text.Motor_DJI_Power_Limit_Control  dvc_motor_dji.o
    0x08006284   0x08006284   0x00000016   Code   RO          490    .text.Motor_DM_Callback  dvc_motor_dm.o
    0x0800629a   0x0800629a   0x00000002   PAD
    0x0800629c   0x0800629c   0x000000b4   Code   RO          484    .text.Motor_DM_Control  dvc_motor_dm.o
    0x08006350   0x08006350   0x000000d4   Code   RO          478    .text.Motor_DM_Init  dvc_motor_dm.o
    0x08006424   0x08006424   0x00000004   Code   RO          109    .text.NMI_Handler   stm32f4xx_it.o
    0x08006428   0x08006428   0x0000006c   Code   RO          896    .text.NVIC_EncodePriority  stm32f4xx_hal_cortex.o
    0x08006494   0x08006494   0x0000015c   Code   RO          482    .text.Output        dvc_motor_dm.o
    0x080065f0   0x080065f0   0x0000012e   Code   RO          168    .text.PID_Caculate  alg_pid.o
    0x0800671e   0x0800671e   0x00000002   PAD
    0x08006720   0x08006720   0x0000000e   Code   RO          182    .text.PID_Get_Output  alg_pid.o
    0x0800672e   0x0800672e   0x00000002   PAD
    0x08006730   0x08006730   0x0000005e   Code   RO          166    .text.PID_Init      alg_pid.o
    0x0800678e   0x0800678e   0x00000002   PAD
    0x08006790   0x08006790   0x00000012   Code   RO          180    .text.PID_Set_Now   alg_pid.o
    0x080067a2   0x080067a2   0x00000002   PAD
    0x080067a4   0x080067a4   0x00000012   Code   RO          178    .text.PID_Set_Target  alg_pid.o
    0x080067b6   0x080067b6   0x00000002   PAD
    0x080067b8   0x080067b8   0x00000002   Code   RO          123    .text.PendSV_Handler  stm32f4xx_it.o
    0x080067ba   0x080067ba   0x00000002   PAD
    0x080067bc   0x080067bc   0x0000012c   Code   RO          197    .text.Power_Limit_Control  chassis.o
    0x080068e8   0x080068e8   0x00000010   Code   RO          135    .text.SPI1_IRQHandler  stm32f4xx_it.o
    0x080068f8   0x080068f8   0x00000020   Code   RO         1134    .text.SPI_DMAAbortOnError  stm32f4xx_hal_spi.o
    0x08006918   0x08006918   0x000000cc   Code   RO         1062    .text.SPI_EndRxTxTransaction  stm32f4xx_hal_spi.o
    0x080069e4   0x080069e4   0x0000012a   Code   RO         1160    .text.SPI_WaitFlagStateUntilTimeout  stm32f4xx_hal_spi.o
    0x08006b0e   0x08006b0e   0x00000002   PAD
    0x08006b10   0x08006b10   0x00000002   Code   RO          119    .text.SVC_Handler   stm32f4xx_it.o
    0x08006b12   0x08006b12   0x00000002   PAD
    0x08006b14   0x08006b14   0x00000014   Code   RO          494    .text.Set_Control_Angle  dvc_motor_dm.o
    0x08006b28   0x08006b28   0x00000014   Code   RO          496    .text.Set_Control_Omega  dvc_motor_dm.o
    0x08006b3c   0x08006b3c   0x00000014   Code   RO          498    .text.Set_Control_Torque  dvc_motor_dm.o
    0x08006b50   0x08006b50   0x00000014   Code   RO          504    .text.Set_K_D       dvc_motor_dm.o
    0x08006b64   0x08006b64   0x00000014   Code   RO          502    .text.Set_K_P       dvc_motor_dm.o
    0x08006b78   0x08006b78   0x00000018   Code   RO          466    .text.Slave_Board_Callback  slave.o
    0x08006b90   0x08006b90   0x0000001a   Code   RO          464    .text.Slave_Board_Init  slave.o
    0x08006baa   0x08006baa   0x00000002   PAD
    0x08006bac   0x08006bac   0x00000046   Code   RO          468    .text.Slave_Data_Process  slave.o
    0x08006bf2   0x08006bf2   0x00000006   PAD
    0x08006bf8   0x08006bf8   0x000000f8   Code   RO          444    .text.Slave_Task    task.o
    0x08006cf0   0x08006cf0   0x00000052   Code   RO          912    .text.SysTick_Config  stm32f4xx_hal_cortex.o
    0x08006d42   0x08006d42   0x00000002   PAD
    0x08006d44   0x08006d44   0x00000008   Code   RO          125    .text.SysTick_Handler  stm32f4xx_it.o
    0x08006d4c   0x08006d4c   0x000000bc   Code   RO           13    .text.SystemClock_Config  main.o
    0x08006e08   0x08006e08   0x00000012   Code   RO         1636    .text.SystemInit    system_stm32f4xx.o
    0x08006e1a   0x08006e1a   0x00000002   PAD
    0x08006e1c   0x08006e1c   0x00000010   Code   RO          452    .text.TIM3_Callback  task.o
    0x08006e2c   0x08006e2c   0x00000010   Code   RO          133    .text.TIM3_IRQHandler  stm32f4xx_it.o
    0x08006e3c   0x08006e3c   0x000001b0   Code   RO         1173    .text.TIM_Base_SetConfig  stm32f4xx_hal_tim.o
    0x08006fec   0x08006fec   0x00000034   Code   RO         1359    .text.TIM_ETR_SetConfig  stm32f4xx_hal_tim.o
    0x08007020   0x08007020   0x0000002a   Code   RO         1365    .text.TIM_ITRx_SetConfig  stm32f4xx_hal_tim.o
    0x0800704a   0x0800704a   0x00000002   PAD
    0x0800704c   0x0800704c   0x00000214   Code   RO          392    .text.TIM_Init      drv_tim.o
    0x08007260   0x08007260   0x00000050   Code   RO         1363    .text.TIM_TI1_ConfigInputStage  stm32f4xx_hal_tim.o
    0x080072b0   0x080072b0   0x00000052   Code   RO         1367    .text.TIM_TI2_ConfigInputStage  stm32f4xx_hal_tim.o
    0x08007302   0x08007302   0x00000002   PAD
    0x08007304   0x08007304   0x00000064   Code   RO          454    .text.Task_Init     task.o
    0x08007368   0x08007368   0x00000020   Code   RO         1593    .text.UART_DMAAbortOnError  stm32f4xx_hal_uart.o
    0x08007388   0x08007388   0x0000007c   Code   RO         1539    .text.UART_DMAError  stm32f4xx_hal_uart.o
    0x08007404   0x08007404   0x000000f4   Code   RO         1625    .text.UART_DMAReceiveCplt  stm32f4xx_hal_uart.o
    0x080074f8   0x080074f8   0x00000034   Code   RO         1627    .text.UART_DMARxHalfCplt  stm32f4xx_hal_uart.o
    0x0800752c   0x0800752c   0x00000094   Code   RO         1553    .text.UART_EndRxTransfer  stm32f4xx_hal_uart.o
    0x080075c0   0x080075c0   0x00000026   Code   RO         1601    .text.UART_EndTransmit_IT  stm32f4xx_hal_uart.o
    0x080075e6   0x080075e6   0x00000002   PAD
    0x080075e8   0x080075e8   0x00000036   Code   RO         1551    .text.UART_EndTxTransfer  stm32f4xx_hal_uart.o
    0x0800761e   0x0800761e   0x00000002   PAD
    0x08007620   0x08007620   0x00000176   Code   RO          417    .text.UART_Init     drv_usart.o
    0x08007796   0x08007796   0x00000002   PAD
    0x08007798   0x08007798   0x0000016a   Code   RO         1591    .text.UART_Receive_IT  stm32f4xx_hal_uart.o
    0x08007902   0x08007902   0x00000002   PAD
    0x08007904   0x08007904   0x0000013a   Code   RO         1509    .text.UART_SetConfig  stm32f4xx_hal_uart.o
    0x08007a3e   0x08007a3e   0x00000002   PAD
    0x08007a40   0x08007a40   0x0000010c   Code   RO         1543    .text.UART_Start_Receive_DMA  stm32f4xx_hal_uart.o
    0x08007b4c   0x08007b4c   0x00000094   Code   RO         1599    .text.UART_Transmit_IT  stm32f4xx_hal_uart.o
    0x08007be0   0x08007be0   0x00000010   Code   RO          149    .text.USART6_IRQHandler  stm32f4xx_it.o
    0x08007bf0   0x08007bf0   0x00000004   Code   RO          117    .text.UsageFault_Handler  stm32f4xx_it.o
    0x08007bf4   0x08007bf4   0x00000030   Code   RO          900    .text.__NVIC_EnableIRQ  stm32f4xx_hal_cortex.o
    0x08007c24   0x08007c24   0x00000010   Code   RO          892    .text.__NVIC_GetPriorityGrouping  stm32f4xx_hal_cortex.o
    0x08007c34   0x08007c34   0x00000042   Code   RO          894    .text.__NVIC_SetPriority  stm32f4xx_hal_cortex.o
    0x08007c76   0x08007c76   0x00000002   PAD
    0x08007c78   0x08007c78   0x0000003c   Code   RO          888    .text.__NVIC_SetPriorityGrouping  stm32f4xx_hal_cortex.o
    0x08007cb4   0x08007cb4   0x00000040   Code   RO          195    .text.__Wheel_Power_Limit_Control  chassis.o
    0x08007cf4   0x08007cf4   0x00000098   Code   RO         1650    .text.arm_cos_f32   arm_cortexM4lf_math.lib(arm_cos_f32.o)
    0x08007d8c   0x08007d8c   0x00000090   Code   RO         1659    .text.arm_sin_f32   arm_cortexM4lf_math.lib(arm_sin_f32.o)
    0x08007e1c   0x08007e1c   0x0000018e   Code   RO          234    .text.bmi088_accel_init  dvc_bmi088.o
    0x08007faa   0x08007faa   0x00000002   PAD
    0x08007fac   0x08007fac   0x00000146   Code   RO          236    .text.bmi088_gyro_init  dvc_bmi088.o
    0x080080f2   0x080080f2   0x00000002   PAD
    0x080080f4   0x080080f4   0x000000a0   Code   RO          312    .text.can_filter_mask_config  drv_can.o
    0x08008194   0x08008194   0x00000038   Code   RO           11    .text.main          main.o
    0x080081cc   0x080081cc   0x0000005a   Code   RO          282    .text.power_calculate  dvc_motor_dji.o
    0x08008226   0x08008226   0x0000003a   Code   RO         1825    i.__hardfp_sqrtf    m_wm.l(sqrtf.o)
    0x08008260   0x08008260   0x00000062   Code   RO         1797    x$fpl$d2f           fz_wm.l(d2f.o)
    0x080082c2   0x080082c2   0x00000002   PAD
    0x080082c4   0x080082c4   0x00000150   Code   RO         1799    x$fpl$dadd          fz_wm.l(daddsub_clz.o)
    0x08008414   0x08008414   0x000002b8   Code   RO         1806    x$fpl$ddiv          fz_wm.l(ddiv.o)
    0x080086cc   0x080086cc   0x0000002e   Code   RO         1810    x$fpl$dflt          fz_wm.l(dflt_clz.o)
    0x080086fa   0x080086fa   0x00000002   PAD
    0x080086fc   0x080086fc   0x00000154   Code   RO         1815    x$fpl$dmul          fz_wm.l(dmul.o)
    0x08008850   0x08008850   0x0000009c   Code   RO         1846    x$fpl$dnaninf       fz_wm.l(dnaninf.o)
    0x080088ec   0x080088ec   0x0000000c   Code   RO         1850    x$fpl$dretinf       fz_wm.l(dretinf.o)
    0x080088f8   0x080088f8   0x000001dc   Code   RO         1801    x$fpl$dsub          fz_wm.l(daddsub_clz.o)
    0x08008ad4   0x08008ad4   0x00000056   Code   RO         1817    x$fpl$f2d           fz_wm.l(f2d.o)
    0x08008b2a   0x08008b2a   0x0000008c   Code   RO         1852    x$fpl$fnaninf       fz_wm.l(fnaninf.o)
    0x08008bb6   0x08008bb6   0x0000001a   Code   RO         2049    x$fpl$fpinit        fz_wm.l(fpinit.o)
    0x08008bd0   0x08008bd0   0x0000000a   Code   RO         1854    x$fpl$fretinf       fz_wm.l(fretinf.o)
    0x08008bda   0x08008bda   0x00000000   Code   RO         1856    x$fpl$usenofp       fz_wm.l(usenofp.o)
    0x08008bda   0x08008bda   0x00000010   Data   RO         1641    .rodata.AHBPrescTable  system_stm32f4xx.o
    0x08008bea   0x08008bea   0x00000008   Data   RO         1642    .rodata.APBPrescTable  system_stm32f4xx.o
    0x08008bf2   0x08008bf2   0x00000008   Data   RO          818    .rodata.DMA_CalcBaseAndBitshift.flagBitshiftOffset  stm32f4xx_hal_dma.o
    0x08008bfa   0x08008bfa   0x00000002   PAD
    0x08008bfc   0x08008bfc   0x00000804   Data   RO         1780    .rodata.sinTable_f32  arm_cortexM4lf_math.lib(arm_common_tables.o)
    0x08009400   0x08009400   0x00000020   Data   RO         2186    Region$$Table       anon$$obj.o


    Execution Region RW_IRAM1 (Exec base: 0x20000000, Load base: 0x08009420, Size: 0x000016d0, Max: 0x0001c000, ABSOLUTE)

    Exec Addr    Load Addr    Size         Type   Attr      Idx    E Section Name        Object

    0x20000000   0x08009420   0x00000004   Data   RW          247    .data.BMI088_GYRO_SEN  dvc_bmi088.o
    0x20000004   0x08009424   0x00000008   Data   RW          506    .data.DM_Motor_CAN_Message_Clear_Error  dvc_motor_dm.o
    0x2000000c   0x0800942c   0x00000008   Data   RW          507    .data.DM_Motor_CAN_Message_Enter  dvc_motor_dm.o
    0x20000014   0x08009434   0x00000004   Data   RW         1640    .data.SystemCoreClock  system_stm32f4xx.o
    0x20000018   0x08009438   0x00000001   Data   RW         1018    .data.uwTickFreq    stm32f4xx_hal.o
    0x20000019   0x08009439   0x00000003   PAD
    0x2000001c   0x0800943c   0x00000004   Data   RW         1017    .data.uwTickPrio    stm32f4xx_hal.o
    0x20000020   0x08009440   0x00000012   Data   RW          248    .data.write_BMI088_accel_reg_data_error  dvc_bmi088.o
    0x20000032   0x08009452   0x00000012   Data   RW          249    .data.write_BMI088_gyro_reg_data_error  dvc_bmi088.o
    0x20000044   0x08009464   0x00000004   PAD
    0x20000048        -       0x00000060   Zero   RW         1896    .bss                c_w.l(libspace.o)
    0x200000a8        -       0x00000028   Zero   RW          250    .bss.BMI088         dvc_bmi088.o
    0x200000d0        -       0x0000002c   Zero   RW          324    .bss.CAN1_Manage_Object  drv_can.o
    0x200000fc        -       0x00000008   Zero   RW          334    .bss.CAN2_0x200_Tx_Data  drv_can.o
    0x20000104        -       0x0000002c   Zero   RW          325    .bss.CAN2_Manage_Object  drv_can.o
    0x20000130        -       0x0000003f   Zero   RW          264    .bss.DR16           dvc_dr16.o
    0x2000016f   0x08009464   0x00000001   PAD
    0x20000170        -       0x00000004   Zero   RW           43    .bss.HAL_RCC_CAN1_CLK_ENABLED  can.o
    0x20000174        -       0x000000ec   Zero   RW          510    .bss.Motor_DM       dvc_motor_dm.o
    0x20000260        -       0x00000028   Zero   RW          470    .bss.Slave          slave.o
    0x20000288        -       0x00000008   Zero   RW          405    .bss.TIM10_Manage_Object  drv_tim.o
    0x20000290        -       0x00000008   Zero   RW          406    .bss.TIM11_Manage_Object  drv_tim.o
    0x20000298        -       0x00000008   Zero   RW          407    .bss.TIM12_Manage_Object  drv_tim.o
    0x200002a0        -       0x00000008   Zero   RW          408    .bss.TIM13_Manage_Object  drv_tim.o
    0x200002a8        -       0x00000008   Zero   RW          409    .bss.TIM14_Manage_Object  drv_tim.o
    0x200002b0        -       0x00000008   Zero   RW          396    .bss.TIM1_Manage_Object  drv_tim.o
    0x200002b8        -       0x00000008   Zero   RW          397    .bss.TIM2_Manage_Object  drv_tim.o
    0x200002c0        -       0x00000008   Zero   RW          398    .bss.TIM3_Manage_Object  drv_tim.o
    0x200002c8        -       0x00000008   Zero   RW          399    .bss.TIM4_Manage_Object  drv_tim.o
    0x200002d0        -       0x00000008   Zero   RW          400    .bss.TIM5_Manage_Object  drv_tim.o
    0x200002d8        -       0x00000008   Zero   RW          401    .bss.TIM6_Manage_Object  drv_tim.o
    0x200002e0        -       0x00000008   Zero   RW          402    .bss.TIM7_Manage_Object  drv_tim.o
    0x200002e8        -       0x00000008   Zero   RW          403    .bss.TIM8_Manage_Object  drv_tim.o
    0x200002f0        -       0x00000008   Zero   RW          404    .bss.TIM9_Manage_Object  drv_tim.o
    0x200002f8        -       0x0000010c   Zero   RW          427    .bss.UART1_Manage_Object  drv_usart.o
    0x20000404        -       0x0000010c   Zero   RW          428    .bss.UART2_Manage_Object  drv_usart.o
    0x20000510        -       0x0000010c   Zero   RW          429    .bss.UART3_Manage_Object  drv_usart.o
    0x2000061c        -       0x0000010c   Zero   RW          430    .bss.UART4_Manage_Object  drv_usart.o
    0x20000728        -       0x0000010c   Zero   RW          431    .bss.UART5_Manage_Object  drv_usart.o
    0x20000834        -       0x0000010c   Zero   RW          432    .bss.UART6_Manage_Object  drv_usart.o
    0x20000940        -       0x00000004   Zero   RW          456    .bss.angle          task.o
    0x20000944        -       0x00000424   Zero   RW          199    .bss.chassis        chassis.o
    0x20000d68        -       0x00000028   Zero   RW           41    .bss.hcan1          can.o
    0x20000d90        -       0x00000028   Zero   RW           42    .bss.hcan2          can.o
    0x20000db8        -       0x00000060   Zero   RW           66    .bss.hdma_spi1_rx   spi.o
    0x20000e18        -       0x00000060   Zero   RW           67    .bss.hdma_spi1_tx   spi.o
    0x20000e78        -       0x00000060   Zero   RW           99    .bss.hdma_usart3_rx  usart.o
    0x20000ed8        -       0x00000060   Zero   RW          100    .bss.hdma_usart6_rx  usart.o
    0x20000f38        -       0x00000060   Zero   RW          101    .bss.hdma_usart6_tx  usart.o
    0x20000f98        -       0x00000058   Zero   RW           65    .bss.hspi1          spi.o
    0x20000ff0        -       0x00000048   Zero   RW           81    .bss.htim3          tim.o
    0x20001038        -       0x00000048   Zero   RW           97    .bss.huart3         usart.o
    0x20001080        -       0x00000048   Zero   RW           98    .bss.huart6         usart.o
    0x200010c8        -       0x00000004   Zero   RW         1019    .bss.uwTick         stm32f4xx_hal.o
    0x200010cc   0x08009464   0x00000004   PAD
    0x200010d0        -       0x00000200   Zero   RW            2    HEAP                startup_stm32f407xx.o
    0x200012d0        -       0x00000400   Zero   RW            1    STACK               startup_stm32f407xx.o


    Execution Region RW_IRAM2 (Exec base: 0x2001c000, Load base: 0x08009468, Size: 0x00000000, Max: 0x00004000, ABSOLUTE)

    **** No section assigned to this execution region ****


==============================================================================

Image component sizes


      Code (inc. data)   RO Data    RW Data    ZI Data      Debug   Object Name

       446          0          0          0          0       2246   alg_pid.o
       306          0          0          0          0       2450   bmi088middleware.o
       344         16          0          0          0       6143   booster_dm.o
       580          0          0          0         84       6435   can.o
      1640         52          0          0       1060       5999   chassis.o
       168          0          0          0          0       3326   dma.o
       676          0          0          0         96       5390   drv_can.o
       382          0          0          0          0       3339   drv_math.o
      1232          0          0          0        112       5330   drv_tim.o
      1126          0          0          0       1608       5258   drv_usart.o
      1100          0          0         40         40       3186   dvc_bmi088.o
       382          0          0          0         63       4650   dvc_dr16.o
      1492         44          0          0          0       6868   dvc_motor_dji.o
      1298         28          0         16        236       9068   dvc_motor_dm.o
       332          0          0          0          0       2221   gpio.o
       250          0          0          0          0       2777   main.o
       120          0          0          0         40       1261   slave.o
       504          0          0          0        280       6961   spi.o
        64         26        392          0       1536        844   startup_stm32f407xx.o
       204          0          0          5          4       7106   stm32f4xx_hal.o
      3006          0          0          0          0      11557   stm32f4xx_hal_can.o
       482          0          0          0          0       9717   stm32f4xx_hal_cortex.o
      2068          8          8          0          0       8495   stm32f4xx_hal_dma.o
       996          0          0          0          0       5091   stm32f4xx_hal_gpio.o
        74          0          0          0          0       1472   stm32f4xx_hal_msp.o
      2646          0          0          0          0       7568   stm32f4xx_hal_rcc.o
      2290          0          0          0          0      19453   stm32f4xx_hal_spi.o
      2048          0          0          0          0      36011   stm32f4xx_hal_tim.o
       306          0          0          0          0      15331   stm32f4xx_hal_tim_ex.o
      3228          0          0          0          0      20339   stm32f4xx_hal_uart.o
       226          0          0          0          0       2168   stm32f4xx_it.o
        18          0         24          4          0       2519   system_stm32f4xx.o
       858         20          0          0          4       2063   task.o
       214          0          0          0         72       6973   tim.o
       692          0          0          0        432       7307   usart.o

    ----------------------------------------------------------------------
     31954        194        458         68       5676     246922   Object Totals
         0          0         32          0          0          0   (incl. Generated)
       156          0          2          3          9          0   (incl. Padding)

    ----------------------------------------------------------------------

      Code (inc. data)   RO Data    RW Data    ZI Data      Debug   Library Member Name

         0          0       2052          0          0       6294   arm_common_tables.o
       152         12          0          0          0       1104   arm_cos_f32.o
       144         12          0          0          0       1092   arm_sin_f32.o
         8          0          0          0          0         68   __main.o
         0          0          0          0          0          0   __rtentry.o
        12          0          0          0          0          0   __rtentry2.o
         6          0          0          0          0          0   __rtentry4.o
        94          8          0          0          0          0   __scatter.o
        26          0          0          0          0          0   __scatter_copy.o
        28          0          0          0          0          0   __scatter_zi.o
        22          0          0          0          0        100   _rserrno.o
        18          0          0          0          0         80   exit.o
         6          0          0          0          0        152   heapauxi.o
         0          0          0          0          0          0   indicate_semi.o
         2          0          0          0          0          0   libinit.o
         6          0          0          0          0          0   libinit2.o
         2          0          0          0          0          0   libshutdown.o
         2          0          0          0          0          0   libshutdown2.o
         8          4          0          0         96         68   libspace.o
       240          0          0          0          0        100   lludivv7m.o
         8          4          0          0          0         68   rt_errno_addr_intlibspace.o
        78          0          0          0          0         80   rt_memclr_w.o
         2          0          0          0          0          0   rtexit.o
        10          0          0          0          0          0   rtexit2.o
        12          4          0          0          0         68   sys_exit.o
        74          0          0          0          0         80   sys_stackheap_outer.o
         2          0          0          0          0         68   use_no_semi.o
        98          4          0          0          0        140   d2f.o
       812         16          0          0          0        392   daddsub_clz.o
       696        140          0          0          0        264   ddiv.o
        46          0          0          0          0        116   dflt_clz.o
       340         12          0          0          0        152   dmul.o
       156          4          0          0          0        140   dnaninf.o
        12          0          0          0          0        116   dretinf.o
        86          4          0          0          0        132   f2d.o
       140          4          0          0          0        132   fnaninf.o
        26          0          0          0          0        116   fpinit.o
        10          0          0          0          0        116   fretinf.o
         0          0          0          0          0          0   usenofp.o
        58          0          0          0          0        136   sqrtf.o

    ----------------------------------------------------------------------
      3456        228       2052          0         96      11374   Library Totals
        14          0          0          0          0          0   (incl. Padding)

    ----------------------------------------------------------------------

      Code (inc. data)   RO Data    RW Data    ZI Data      Debug   Library Name

       296         24       2052          0          0       8490   arm_cortexM4lf_math.lib
       666         20          0          0         96        932   c_w.l
      2422        184          0          0          0       1816   fz_wm.l
        58          0          0          0          0        136   m_wm.l

    ----------------------------------------------------------------------
      3456        228       2052          0         96      11374   Library Totals

    ----------------------------------------------------------------------

==============================================================================


      Code (inc. data)   RO Data    RW Data    ZI Data      Debug   

     35410        422       2510         68       5772     256224   Grand Totals
     35410        422       2510         68       5772     256224   ELF Image Totals
     35410        422       2510         68          0          0   ROM Totals

==============================================================================

    Total RO  Size (Code + RO Data)                37920 (  37.03kB)
    Total RW  Size (RW Data + ZI Data)              5840 (   5.70kB)
    Total ROM Size (Code + RO Data + RW Data)      37988 (  37.10kB)

==============================================================================

